Component: ARM Compiler 5.06 update 6 (build 750) Tool: armlink [4d35ed]

==============================================================================

Section Cross References

    startup_stm32l071xx.o(RESET) refers to startup_stm32l071xx.o(STACK) for __initial_sp
    startup_stm32l071xx.o(RESET) refers to startup_stm32l071xx.o(.text) for Reset_Handler
    startup_stm32l071xx.o(RESET) refers to stm32l0xx_it.o(i.NMI_Handler) for NMI_Handler
    startup_stm32l071xx.o(RESET) refers to stm32l0xx_it.o(i.HardFault_Handler) for HardFault_Handler
    startup_stm32l071xx.o(RESET) refers to stm32l0xx_it.o(i.SVC_Handler) for SVC_Handler
    startup_stm32l071xx.o(RESET) refers to stm32l0xx_it.o(i.PendSV_Handler) for PendSV_Handler
    startup_stm32l071xx.o(RESET) refers to stm32l0xx_it.o(i.SysTick_Handler) for SysTick_Handler
    startup_stm32l071xx.o(RESET) refers to stm32l0xx_it.o(i.DMA1_Channel2_3_IRQHandler) for DMA1_Channel2_3_IRQHandler
    startup_stm32l071xx.o(RESET) refers to stm32l0xx_it.o(i.DMA1_Channel4_5_6_7_IRQHandler) for DMA1_Channel4_5_6_7_IRQHandler
    startup_stm32l071xx.o(RESET) refers to stm32l0xx_it.o(i.TIM2_IRQHandler) for TIM2_IRQHandler
    startup_stm32l071xx.o(RESET) refers to stm32l0xx_it.o(i.USART1_IRQHandler) for USART1_IRQHandler
    startup_stm32l071xx.o(RESET) refers to stm32l0xx_it.o(i.USART2_IRQHandler) for USART2_IRQHandler
    startup_stm32l071xx.o(.text) refers to system_stm32l0xx.o(i.SystemInit) for SystemInit
    startup_stm32l071xx.o(.text) refers to entry.o(.ARM.Collect$$$$00000000) for __main
    sx1301_rx_tx.o(i.Sx1301RadioToMcu) refers to dfixui.o(.text) for __aeabi_d2uiz
    sx1301_rx_tx.o(i.Sx1301RadioToMcu) refers to printfa.o(i.__0printf) for __2printf
    sx1301_rx_tx.o(i.Sx1301RadioToMcu) refers to loragw_hal.o(i.lgw_version_info) for lgw_version_info
    sx1301_rx_tx.o(i.Sx1301RadioToMcu) refers to loragw_hal.o(i.lgw_board_setconf) for lgw_board_setconf
    sx1301_rx_tx.o(i.Sx1301RadioToMcu) refers to memseta.o(.text) for __aeabi_memclr4
    sx1301_rx_tx.o(i.Sx1301RadioToMcu) refers to loragw_hal.o(i.lgw_rxrf_setconf) for lgw_rxrf_setconf
    sx1301_rx_tx.o(i.Sx1301RadioToMcu) refers to memcpya.o(.text) for __aeabi_memcpy4
    sx1301_rx_tx.o(i.Sx1301RadioToMcu) refers to loragw_hal.o(i.lgw_rxif_setconf) for lgw_rxif_setconf
    sx1301_rx_tx.o(i.Sx1301RadioToMcu) refers to strcpy.o(.text) for strcpy
    sx1301_rx_tx.o(i.Sx1301RadioToMcu) refers to loragw_hal.o(i.lgw_start) for lgw_start
    sx1301_rx_tx.o(i.Sx1301RadioToMcu) refers to sx1301_rx_tx.o(i.usage) for usage
    sx1301_rx_tx.o(i.Sx1301RadioToMcu) refers to loragw_hal.o(i.lgw_receive) for lgw_receive
    sx1301_rx_tx.o(i.Sx1301RadioToMcu) refers to loragw_aux.o(i.wait_ms) for wait_ms
    sx1301_rx_tx.o(i.Sx1301RadioToMcu) refers to sx1301_rx_tx.o(.data) for .data
    sx1301_rx_tx.o(i.Sx1301RadioToMcu) refers to sx1301_rx_tx.o(.bss) for .bss
    sx1301_rx_tx.o(i.Sx1301RadioToMcu) refers to loragw_hal.o(.bss) for fw_check
    sx1301_rx_tx.o(i.Sx1301RadioToMcu) refers to f2d.o(.text) for __aeabi_f2d
    sx1301_rx_tx.o(i.Sx1301RadioToMcu) refers to ffixui.o(.text) for __aeabi_f2uiz
    sx1301_rx_tx.o(i.Sx1301RadioToMcu) refers to usart.o(i.Usart2SendData_DMA) for Usart2SendData_DMA
    sx1301_rx_tx.o(i.Sx1301RadioToMcu) refers to loragw_hal.o(i.lgw_stop) for lgw_stop
    sx1301_rx_tx.o(i.usage) refers to loragw_hal.o(i.lgw_version_info) for lgw_version_info
    sx1301_rx_tx.o(i.usage) refers to printfa.o(i.__0printf) for __2printf
    sx1301_rx_tx.o(i.usage) refers to sx1301_rx_tx.o(.conststring) for .conststring
    util_tx_test.o(i.util_test_test) refers to memcpya.o(.text) for __aeabi_memcpy4
    util_tx_test.o(i.util_test_test) refers to dfixui.o(.text) for __aeabi_d2uiz
    util_tx_test.o(i.util_test_test) refers to strcmp.o(.text) for strcmp
    util_tx_test.o(i.util_test_test) refers to printfa.o(i.__0printf) for __2printf
    util_tx_test.o(i.util_test_test) refers to loragw_hal.o(i.lgw_board_setconf) for lgw_board_setconf
    util_tx_test.o(i.util_test_test) refers to memseta.o(.text) for __aeabi_memclr4
    util_tx_test.o(i.util_test_test) refers to loragw_hal.o(i.lgw_rxrf_setconf) for lgw_rxrf_setconf
    util_tx_test.o(i.util_test_test) refers to loragw_hal.o(i.lgw_txgain_setconf) for lgw_txgain_setconf
    util_tx_test.o(i.util_test_test) refers to loragw_hal.o(i.lgw_start) for lgw_start
    util_tx_test.o(i.util_test_test) refers to printfa.o(i.__0fprintf) for __2fprintf
    util_tx_test.o(i.util_test_test) refers to f2d.o(.text) for __aeabi_f2d
    util_tx_test.o(i.util_test_test) refers to dmul.o(.text) for __aeabi_dmul
    util_tx_test.o(i.util_test_test) refers to strcpy.o(.text) for strcpy
    util_tx_test.o(i.util_test_test) refers to loragw_hal.o(i.lgw_send) for lgw_send
    util_tx_test.o(i.util_test_test) refers to loragw_aux.o(i.wait_ms) for wait_ms
    util_tx_test.o(i.util_test_test) refers to loragw_hal.o(i.lgw_status) for lgw_status
[...]
    _printf_lld                              0x00000000   Number         0  stubs.o ABSOLUTE
    _printf_lli                              0x00000000   Number         0  stubs.o ABSOLUTE
    _printf_llo                              0x00000000   Number         0  stubs.o ABSOLUTE
    _printf_llu                              0x00000000   Number         0  stubs.o ABSOLUTE
    _printf_llx                              0x00000000   Number         0  stubs.o ABSOLUTE
    _printf_longlong_dec                     0x00000000   Number         0  stubs.o ABSOLUTE
    _printf_longlong_hex                     0x00000000   Number         0  stubs.o ABSOLUTE
    _printf_longlong_oct                     0x00000000   Number         0  stubs.o ABSOLUTE
    _printf_ls                               0x00000000   Number         0  stubs.o ABSOLUTE
    _printf_mbtowc                           0x00000000   Number         0  stubs.o ABSOLUTE
    _printf_n                                0x00000000   Number         0  stubs.o ABSOLUTE
    _printf_o                                0x00000000   Number         0  stubs.o ABSOLUTE
    _printf_p                                0x00000000   Number         0  stubs.o ABSOLUTE
    _printf_percent                          0x00000000   Number         0  stubs.o ABSOLUTE
    _printf_pre_padding                      0x00000000   Number         0  stubs.o ABSOLUTE
    _printf_return_value                     0x00000000   Number         0  stubs.o ABSOLUTE
    _printf_s                                0x00000000   Number         0  stubs.o ABSOLUTE
    _printf_sizespec                         0x00000000   Number         0  stubs.o ABSOLUTE
    _printf_str                              0x00000000   Number         0  stubs.o ABSOLUTE
    _printf_truncate_signed                  0x00000000   Number         0  stubs.o ABSOLUTE
    _printf_truncate_unsigned                0x00000000   Number         0  stubs.o ABSOLUTE
    _printf_u                                0x00000000   Number         0  stubs.o ABSOLUTE
    _printf_wc                               0x00000000   Number         0  stubs.o ABSOLUTE
    _printf_wctomb                           0x00000000   Number         0  stubs.o ABSOLUTE
    _printf_widthprec                        0x00000000   Number         0  stubs.o ABSOLUTE
    _printf_x                                0x00000000   Number         0  stubs.o ABSOLUTE
    __cpp_initialize__aeabi_                  - Undefined Weak Reference
    __cxa_finalize                            - Undefined Weak Reference
    _clock_init                               - Undefined Weak Reference
    _microlib_exit                            - Undefined Weak Reference
    __Vectors_Size                           0x000000c0   Number         0  startup_stm32l071xx.o ABSOLUTE
    __Vectors                                0x08000000   Data           4  startup_stm32l071xx.o(RESET)
    __Vectors_End                            0x080000c0   Data           0  startup_stm32l071xx.o(RESET)
    __main                                   0x080000c1   Thumb Code     0  entry.o(.ARM.Collect$$$$00000000)
    _main_stk                                0x080000c1   Thumb Code     0  entry2.o(.ARM.Collect$$$$00000001)
    _main_scatterload                        0x080000c5   Thumb Code     0  entry5.o(.ARM.Collect$$$$00000004)
    __main_after_scatterload                 0x080000c9   Thumb Code     0  entry5.o(.ARM.Collect$$$$00000004)
    _main_clock                              0x080000c9   Thumb Code     0  entry7b.o(.ARM.Collect$$$$00000008)
    _main_cpp_init                           0x080000c9   Thumb Code     0  entry8b.o(.ARM.Collect$$$$0000000A)
    _main_init                               0x080000c9   Thumb Code     0  entry9a.o(.ARM.Collect$$$$0000000B)
    __rt_final_cpp                           0x080000d1   Thumb Code     0  entry10a.o(.ARM.Collect$$$$0000000D)
    __rt_final_exit                          0x080000d1   Thumb Code     0  entry11a.o(.ARM.Collect$$$$0000000F)
    Reset_Handler                            0x080000d5   Thumb Code     8  startup_stm32l071xx.o(.text)
    ADC1_COMP_IRQHandler                     0x080000e7   Thumb Code     0  startup_stm32l071xx.o(.text)
    DMA1_Channel1_IRQHandler                 0x080000e7   Thumb Code     0  startup_stm32l071xx.o(.text)
    EXTI0_1_IRQHandler                       0x080000e7   Thumb Code     0  startup_stm32l071xx.o(.text)
    EXTI2_3_IRQHandler                       0x080000e7   Thumb Code     0  startup_stm32l071xx.o(.text)
    EXTI4_15_IRQHandler                      0x080000e7   Thumb Code     0  startup_stm32l071xx.o(.text)
    FLASH_IRQHandler                         0x080000e7   Thumb Code     0  startup_stm32l071xx.o(.text)
    I2C1_IRQHandler                          0x080000e7   Thumb Code     0  startup_stm32l071xx.o(.text)
    I2C2_IRQHandler                          0x080000e7   Thumb Code     0  startup_stm32l071xx.o(.text)
    I2C3_IRQHandler                          0x080000e7   Thumb Code     0  startup_stm32l071xx.o(.text)
    LPTIM1_IRQHandler                        0x080000e7   Thumb Code     0  startup_stm32l071xx.o(.text)
    LPUART1_IRQHandler                       0x080000e7   Thumb Code     0  startup_stm32l071xx.o(.text)
    PVD_IRQHandler                           0x080000e7   Thumb Code     0  startup_stm32l071xx.o(.text)
    RCC_IRQHandler                           0x080000e7   Thumb Code     0  startup_stm32l071xx.o(.text)
    RTC_IRQHandler                           0x080000e7   Thumb Code     0  startup_stm32l071xx.o(.text)
    SPI1_IRQHandler                          0x080000e7   Thumb Code     0  startup_stm32l071xx.o(.text)
    SPI2_IRQHandler                          0x080000e7   Thumb Code     0  startup_stm32l071xx.o(.text)
    TIM21_IRQHandler                         0x080000e7   Thumb Code     0  startup_stm32l071xx.o(.text)
    TIM22_IRQHandler                         0x080000e7   Thumb Code     0  startup_stm32l071xx.o(.text)
    TIM3_IRQHandler                          0x080000e7   Thumb Code     0  startup_stm32l071xx.o(.text)
    TIM6_IRQHandler                          0x080000e7   Thumb Code     0  startup_stm32l071xx.o(.text)
    TIM7_IRQHandler                          0x080000e7   Thumb Code     0  startup_stm32l071xx.o(.text)
    USART4_5_IRQHandler                      0x080000e7   Thumb Code     0  startup_stm32l071xx.o(.text)
    WWDG_IRQHandler                          0x080000e7   Thumb Code     0  startup_stm32l071xx.o(.text)
    __aeabi_uidiv                            0x080000f1   Thumb Code     0  uidiv.o(.text)
    __aeabi_uidivmod                         0x080000f1   Thumb Code    44  uidiv.o(.text)
    __aeabi_idiv                             0x0800011d   Thumb Code     0  idiv.o(.text)
    __aeabi_idivmod                          0x0800011d   Thumb Code    40  idiv.o(.text)
    __aeabi_uldivmod                         0x08000145   Thumb Code    96  uldiv.o(.text)
    __aeabi_ldivmod                          0x080001a5   Thumb Code    76  ldiv.o(.text)
    __aeabi_llsl                             0x080001f1   Thumb Code    32  llshl.o(.text)
    _ll_shift_l                              0x080001f1   Thumb Code     0  llshl.o(.text)
    llabs                                    0x08000211   Thumb Code    14  llabs.o(.text)
    __aeabi_memcpy                           0x0800021f   Thumb Code    36  memcpya.o(.text)
    __aeabi_memcpy4                          0x0800021f   Thumb Code     0  memcpya.o(.text)
    __aeabi_memcpy8                          0x0800021f   Thumb Code     0  memcpya.o(.text)
    __aeabi_memset                           0x08000243   Thumb Code    14  memseta.o(.text)
    __aeabi_memset4                          0x08000243   Thumb Code     0  memseta.o(.text)
    __aeabi_memset8                          0x08000243   Thumb Code     0  memseta.o(.text)
    __aeabi_memclr                           0x08000251   Thumb Code     4  memseta.o(.text)
    __aeabi_memclr4                          0x08000251   Thumb Code     0  memseta.o(.text)
    __aeabi_memclr8                          0x08000251   Thumb Code     0  memseta.o(.text)
    _memset$wrapper                          0x08000255   Thumb Code    18  memseta.o(.text)
    strcpy                                   0x08000267   Thumb Code    18  strcpy.o(.text)
    __aeabi_fadd                             0x08000279   Thumb Code   162  fadd.o(.text)
    __aeabi_fsub                             0x0800031b   Thumb Code     8  fadd.o(.text)
    __aeabi_frsub                            0x08000323   Thumb Code     8  fadd.o(.text)
    __ARM_scalbnf                            0x0800032b   Thumb Code    24  fscalb.o(.text)
    scalbnf                                  0x0800032b   Thumb Code     0  fscalb.o(.text)
    __aeabi_dadd                             0x08000345   Thumb Code   328  dadd.o(.text)
    __aeabi_dsub                             0x0800048d   Thumb Code    12  dadd.o(.text)
    __aeabi_drsub                            0x08000499   Thumb Code    12  dadd.o(.text)
    __aeabi_dmul                             0x080004a9   Thumb Code   202  dmul.o(.text)
    __aeabi_ddiv                             0x08000579   Thumb Code   234  ddiv.o(.text)
    __ARM_scalbn                             0x08000669   Thumb Code    44  dscalb.o(.text)
    scalbn                                   0x08000669   Thumb Code     0  dscalb.o(.text)
    __aeabi_i2f                              0x08000695   Thumb Code    22  fflti.o(.text)
    __aeabi_ui2f                             0x080006ab   Thumb Code    14  ffltui.o(.text)
    __aeabi_i2d                              0x080006b9   Thumb Code    34  dflti.o(.text)
    __aeabi_ui2d                             0x080006e1   Thumb Code    24  dfltui.o(.text)
    __aeabi_f2uiz                            0x080006fd   Thumb Code    40  ffixui.o(.text)
    __aeabi_d2iz                             0x08000725   Thumb Code    62  dfixi.o(.text)
    __aeabi_d2uiz                            0x0800076d   Thumb Code    50  dfixui.o(.text)
    __aeabi_f2d                              0x080007a9   Thumb Code    40  f2d.o(.text)
    __aeabi_d2f                              0x080007d1   Thumb Code    56  d2f.o(.text)
    __aeabi_llsr                             0x08000809   Thumb Code    34  llushr.o(.text)
    _ll_ushift_r                             0x08000809   Thumb Code     0  llushr.o(.text)
    __aeabi_lasr                             0x0800082b   Thumb Code    38  llsshr.o(.text)
    _ll_sshift_r                             0x0800082b   Thumb Code     0  llsshr.o(.text)
    __I$use$fp                               0x08000851   Thumb Code     0  iusefp.o(.text)
    _float_round                             0x08000851   Thumb Code    16  fepilogue.o(.text)
    _float_epilogue                          0x08000861   Thumb Code   114  fepilogue.o(.text)
    _double_round                            0x080008d3   Thumb Code    26  depilogue.o(.text)
    _double_epilogue                         0x080008ed   Thumb Code   164  depilogue.o(.text)
    __aeabi_d2ulz                            0x08000991   Thumb Code    54  dfixul.o(.text)
    __aeabi_cdrcmple                         0x080009d1   Thumb Code    38  cdrcmple.o(.text)
    __scatterload                            0x080009f9   Thumb Code    28  init.o(.text)
    __scatterload_rt2                        0x080009f9   Thumb Code     0  init.o(.text)
    _dsqrt                                   0x08000a1d   Thumb Code   162  dsqrt.o(.text)
    __decompress                             0x08000abf   Thumb Code     0  __dczerorl2.o(.text)
    __decompress1                            0x08000abf   Thumb Code    86  __dczerorl2.o(.text)
    AnalysisLoRaWANData                      0x08000b15   Thumb Code  4098  loragw_user.o(i.AnalysisLoRaWANData)
    AnalysisTool_Run                         0x08001b61   Thumb Code   150  analysistool.o(i.AnalysisTool_Run)
    AnalysisTool_init                        0x08001c19   Thumb Code    64  analysistool.o(i.AnalysisTool_init)
    CT_ACK_Pack                              0x08001c69   Thumb Code    64  ct_funtion.o(i.CT_ACK_Pack)
    CT_Info_Para                             0x08001cad   Thumb Code    76  ct_funtion.o(i.CT_Info_Para)
    ChainParameterAnalysis                   0x08001cfd   Thumb Code   174  protocol_analysis.o(i.ChainParameterAnalysis)
    CheckDI                                  0x08001db5   Thumb Code    76  protocol_analysis.o(i.CheckDI)
    CheckDataLen                             0x08001e35   Thumb Code    82  protocol_analysis.o(i.CheckDataLen)
    Clear_UART2_IT                           0x08001ec9   Thumb Code    46  usart.o(i.Clear_UART2_IT)
    Command_Inspect                          0x08001f01   Thumb Code    38  ct_funtion.o(i.Command_Inspect)
    ConfigTool_Init                          0x08001f29   Thumb Code    38  configtool.o(i.ConfigTool_Init)
    ConfigTool_Run                           0x08001f5d   Thumb Code   150  configtool.o(i.ConfigTool_Run)
    DEBUG_Printf                             0x08002025   Thumb Code    32  usart.o(i.DEBUG_Printf)
    DMA1_Channel2_3_IRQHandler               0x08002045   Thumb Code    10  stm32l0xx_it.o(i.DMA1_Channel2_3_IRQHandler)
    DMA1_Channel4_5_6_7_IRQHandler           0x08002055   Thumb Code    16  stm32l0xx_it.o(i.DMA1_Channel4_5_6_7_IRQHandler)
    DataResolve_Upside                       0x08002099   Thumb Code   184  configtool.o(i.DataResolve_Upside)
    DebugMode_Init                           0x08002161   Thumb Code     2  gassensortest.o(i.DebugMode_Init)
    Deny                                     0x08002163   Thumb Code    86  protocol_analysis.o(i.Deny)
    DispalyTabString                         0x080021b9   Thumb Code   588  loragw_user.o(i.DispalyTabString)
    Error_Handler                            0x08002485   Thumb Code     2  main.o(i.Error_Handler)
    FactoryDebugMode_Run                     0x08002487   Thumb Code     2  gassensortest.o(i.FactoryDebugMode_Run)
    FactoryTestMode_Run                      0x08002489   Thumb Code    80  gassensortest.o(i.FactoryTestMode_Run)
    FrameCheck                               0x08002501   Thumb Code   338  protocol_analysis.o(i.FrameCheck)
    GW_Command_Split                         0x08002849   Thumb Code    72  ct_funtion.o(i.GW_Command_Split)
    HAL_CRCEx_Polynomial_Set                 0x08002895   Thumb Code    80  stm32l0xx_hal_crc_ex.o(i.HAL_CRCEx_Polynomial_Set)
    HAL_CRC_Init                             0x080028e5   Thumb Code   118  stm32l0xx_hal_crc.o(i.HAL_CRC_Init)
    HAL_CRC_MspInit                          0x08002961   Thumb Code    28  crc.o(i.HAL_CRC_MspInit)
    HAL_DMA_Abort                            0x08002985   Thumb Code    68  stm32l0xx_hal_dma.o(i.HAL_DMA_Abort)
    HAL_DMA_Abort_IT                         0x080029c9   Thumb Code    76  stm32l0xx_hal_dma.o(i.HAL_DMA_Abort_IT)
    HAL_DMA_GetError                         0x08002a15   Thumb Code     4  stm32l0xx_hal_dma.o(i.HAL_DMA_GetError)
    HAL_DMA_IRQHandler                       0x08002a19   Thumb Code   168  stm32l0xx_hal_dma.o(i.HAL_DMA_IRQHandler)
    HAL_DMA_Init                             0x08002ac1   Thumb Code   132  stm32l0xx_hal_dma.o(i.HAL_DMA_Init)
    HAL_DMA_Start_IT                         0x08002b51   Thumb Code   104  stm32l0xx_hal_dma.o(i.HAL_DMA_Start_IT)
    HAL_Delay                                0x08002bb9   Thumb Code    28  stm32l0xx_hal.o(i.HAL_Delay)
    HAL_GPIO_Init                            0x08002bd5   Thumb Code   356  stm32l0xx_hal_gpio.o(i.HAL_GPIO_Init)
    HAL_GPIO_ReadPin                         0x08002d59   Thumb Code    10  stm32l0xx_hal_gpio.o(i.HAL_GPIO_ReadPin)
    HAL_GPIO_WritePin                        0x08002d63   Thumb Code    12  stm32l0xx_hal_gpio.o(i.HAL_GPIO_WritePin)
    HAL_GetTick                              0x08002d71   Thumb Code     6  stm32l0xx_hal.o(i.HAL_GetTick)
    HAL_IncTick                              0x08002d7d   Thumb Code    10  stm32l0xx_hal.o(i.HAL_IncTick)
    HAL_Init                                 0x08002d8d   Thumb Code    36  stm32l0xx_hal.o(i.HAL_Init)
    HAL_InitTick                             0x08002db5   Thumb Code    44  stm32l0xx_hal.o(i.HAL_InitTick)
    HAL_MspInit                              0x08002de5   Thumb Code    20  stm32l0xx_hal_msp.o(i.HAL_MspInit)
    HAL_NVIC_EnableIRQ                       0x08002dfd   Thumb Code    14  stm32l0xx_hal_cortex.o(i.HAL_NVIC_EnableIRQ)
    HAL_NVIC_SetPriority                     0x08002e11   Thumb Code     8  stm32l0xx_hal_cortex.o(i.HAL_NVIC_SetPriority)
    HAL_RCCEx_PeriphCLKConfig                0x08002e19   Thumb Code   362  stm32l0xx_hal_rcc_ex.o(i.HAL_RCCEx_PeriphCLKConfig)
    HAL_RCC_ClockConfig                      0x08002f91   Thumb Code   344  stm32l0xx_hal_rcc.o(i.HAL_RCC_ClockConfig)
    HAL_RCC_GetPCLK1Freq                     0x080030fd   Thumb Code    20  stm32l0xx_hal_rcc.o(i.HAL_RCC_GetPCLK1Freq)
    HAL_RCC_GetPCLK2Freq                     0x0800311d   Thumb Code    20  stm32l0xx_hal_rcc.o(i.HAL_RCC_GetPCLK2Freq)
    HAL_RCC_GetSysClockFreq                  0x0800313d   Thumb Code   100  stm32l0xx_hal_rcc.o(i.HAL_RCC_GetSysClockFreq)
    HAL_RCC_OscConfig                        0x080031b5   Thumb Code  1068  stm32l0xx_hal_rcc.o(i.HAL_RCC_OscConfig)
    HAL_RTCEx_SetWakeUpTimer                 0x080035e1   Thumb Code   196  stm32l0xx_hal_rtc_ex.o(i.HAL_RTCEx_SetWakeUpTimer)
    HAL_RTC_GetDate                          0x080036a5   Thumb Code    68  stm32l0xx_hal_rtc.o(i.HAL_RTC_GetDate)
    HAL_RTC_GetTime                          0x080036e9   Thumb Code    88  stm32l0xx_hal_rtc.o(i.HAL_RTC_GetTime)
    HAL_RTC_Init                             0x08003745   Thumb Code   184  stm32l0xx_hal_rtc.o(i.HAL_RTC_Init)
    HAL_RTC_MspInit                          0x08003801   Thumb Code    22  rtc.o(i.HAL_RTC_MspInit)
    HAL_RTC_WaitForSynchro                   0x08003821   Thumb Code    52  stm32l0xx_hal_rtc.o(i.HAL_RTC_WaitForSynchro)
    HAL_SPI_Init                             0x08003855   Thumb Code   128  stm32l0xx_hal_spi.o(i.HAL_SPI_Init)
    HAL_SPI_MspInit                          0x080038d5   Thumb Code    78  spi.o(i.HAL_SPI_MspInit)
    HAL_SPI_TransmitReceive                  0x0800392d   Thumb Code   496  stm32l0xx_hal_spi.o(i.HAL_SPI_TransmitReceive)
    HAL_SYSTICK_Config                       0x08003b1d   Thumb Code    38  stm32l0xx_hal_cortex.o(i.HAL_SYSTICK_Config)
    HAL_TIMEx_MasterConfigSynchronization    0x08003b4d   Thumb Code    60  stm32l0xx_hal_tim_ex.o(i.HAL_TIMEx_MasterConfigSynchronization)
    HAL_TIM_Base_Init                        0x08003b89   Thumb Code    52  stm32l0xx_hal_tim.o(i.HAL_TIM_Base_Init)
    HAL_TIM_Base_MspInit                     0x08003bbd   Thumb Code    56  tim.o(i.HAL_TIM_Base_MspInit)
    HAL_TIM_Base_Start_IT                    0x08003bfd   Thumb Code    32  stm32l0xx_hal_tim.o(i.HAL_TIM_Base_Start_IT)
    HAL_TIM_ConfigClockSource                0x08003c1d   Thumb Code   208  stm32l0xx_hal_tim.o(i.HAL_TIM_ConfigClockSource)
    HAL_TIM_IC_CaptureCallback               0x08003ced   Thumb Code     2  stm32l0xx_hal_tim.o(i.HAL_TIM_IC_CaptureCallback)
    HAL_TIM_IRQHandler                       0x08003cef   Thumb Code   294  stm32l0xx_hal_tim.o(i.HAL_TIM_IRQHandler)
    HAL_TIM_OC_DelayElapsedCallback          0x08003e15   Thumb Code     2  stm32l0xx_hal_tim.o(i.HAL_TIM_OC_DelayElapsedCallback)
    HAL_TIM_PWM_PulseFinishedCallback        0x08003e17   Thumb Code     2  stm32l0xx_hal_tim.o(i.HAL_TIM_PWM_PulseFinishedCallback)
    HAL_TIM_PeriodElapsedCallback            0x08003e19   Thumb Code    96  tim.o(i.HAL_TIM_PeriodElapsedCallback)
    HAL_TIM_TriggerCallback                  0x08003e89   Thumb Code     2  stm32l0xx_hal_tim.o(i.HAL_TIM_TriggerCallback)
    HAL_UARTEx_WakeupCallback                0x08003e8b   Thumb Code     2  stm32l0xx_hal_uart_ex.o(i.HAL_UARTEx_WakeupCallback)
    HAL_UART_DMAStop                         0x08003e8d   Thumb Code   122  stm32l0xx_hal_uart.o(i.HAL_UART_DMAStop)
    HAL_UART_ErrorCallback                   0x08003f07   Thumb Code     2  stm32l0xx_hal_uart.o(i.HAL_UART_ErrorCallback)
    HAL_UART_IRQHandler                      0x08003f09   Thumb Code   310  stm32l0xx_hal_uart.o(i.HAL_UART_IRQHandler)
    HAL_UART_Init                            0x08004045   Thumb Code   106  stm32l0xx_hal_uart.o(i.HAL_UART_Init)
    HAL_UART_MspInit                         0x080040b1   Thumb Code   296  usart.o(i.HAL_UART_MspInit)
    HAL_UART_Receive_DMA                     0x080041ed   Thumb Code   170  stm32l0xx_hal_uart.o(i.HAL_UART_Receive_DMA)
    HAL_UART_RxCpltCallback                  0x080042a5   Thumb Code     2  stm32l0xx_hal_uart.o(i.HAL_UART_RxCpltCallback)
    HAL_UART_RxHalfCpltCallback              0x080042a7   Thumb Code     2  stm32l0xx_hal_uart.o(i.HAL_UART_RxHalfCpltCallback)
    HAL_UART_Transmit                        0x080042a9   Thumb Code   206  stm32l0xx_hal_uart.o(i.HAL_UART_Transmit)
    HAL_UART_TxCpltCallback                  0x08004377   Thumb Code     2  stm32l0xx_hal_uart.o(i.HAL_UART_TxCpltCallback)
    HardFault_Handler                        0x08004379   Thumb Code     2  stm32l0xx_it.o(i.HardFault_Handler)
    LED_ALLSet                               0x0800437d   Thumb Code    72  gpio.o(i.LED_ALLSet)
    LoRaDefaultSendParaAnalysis              0x080043c9   Thumb Code   258  protocol_analysis.o(i.LoRaDefaultSendParaAnalysis)
    LoRaSend                                 0x080044dd   Thumb Code    54  configtool.o(i.LoRaSend)
    LoRaSendParaAnalysis                     0x08004515   Thumb Code   310  protocol_analysis.o(i.LoRaSendParaAnalysis)
    MCUSendData                              0x0800465d   Thumb Code    18  protocol_analysis.o(i.MCUSendData)
    MX_CRC_Init                              0x08004675   Thumb Code    36  crc.o(i.MX_CRC_Init)
    MX_DMA_Init                              0x080046a1   Thumb Code    52  dma.o(i.MX_DMA_Init)
    MX_GPIO_Init                             0x080046d9   Thumb Code   228  gpio.o(i.MX_GPIO_Init)
    MX_RTC_Init                              0x080047cd   Thumb Code    60  rtc.o(i.MX_RTC_Init)
    MX_SPI1_Init                             0x08004811   Thumb Code    56  spi.o(i.MX_SPI1_Init)
    MX_TIM2_Init                             0x08004851   Thumb Code   100  tim.o(i.MX_TIM2_Init)
    MX_USART2_UART_Init                      0x080048b9   Thumb Code    48  usart.o(i.MX_USART2_UART_Init)
    NMI_Handler                              0x080048f1   Thumb Code     2  stm32l0xx_it.o(i.NMI_Handler)
    PC_SetingAnalysis                        0x08004939   Thumb Code   100  pc_seting.o(i.PC_SetingAnalysis)
    PC_SetingLegality                        0x080049b9   Thumb Code    60  pc_seting.o(i.PC_SetingLegality)
    PC_SetingSetingEUI                       0x08004a15   Thumb Code    48  pc_seting.o(i.PC_SetingSetingEUI)
    PM_CS_check                              0x08004a69   Thumb Code    64  pc_seting.o(i.PM_CS_check)
    PendSV_Handler                           0x08004aa9   Thumb Code     2  stm32l0xx_it.o(i.PendSV_Handler)
    ProtocolAnalysis                         0x08004aab   Thumb Code   160  protocol_analysis.o(i.ProtocolAnalysis)
    RTC_Bcd2ToByte                           0x08004b4b   Thumb Code    16  stm32l0xx_hal_rtc.o(i.RTC_Bcd2ToByte)
    RTC_EnterInitMode                        0x08004b5b   Thumb Code    56  stm32l0xx_hal_rtc.o(i.RTC_EnterInitMode)
    RTC_TimeShow                             0x08004b95   Thumb Code    84  rtc.o(i.RTC_TimeShow)
    Rec_LoRa                                 0x08004c55   Thumb Code    12  configtool.o(i.Rec_LoRa)
    SPI1_ReadWriteByte                       0x08004c65   Thumb Code    22  loragw_spi.o(i.SPI1_ReadWriteByte)
    SVC_Handler                              0x08004d4f   Thumb Code     2  stm32l0xx_it.o(i.SVC_Handler)
    SX1301ParameterQuery                     0x08004d51   Thumb Code   770  protocol_analysis.o(i.SX1301ParameterQuery)
    SX1301ParameterSet                       0x08005069   Thumb Code   668  protocol_analysis.o(i.SX1301ParameterSet)
    SX1301RXData                             0x08005325   Thumb Code   844  loragw_user.o(i.SX1301RXData)
    SX1301RXDataQueryPin                     0x080057ad   Thumb Code    10  loragw_user.o(i.SX1301RXDataQueryPin)
    SX1301RxTxDebug                          0x080057b9   Thumb Code   272  rf_rxtx_debug.o(i.SX1301RxTxDebug)
    SX1301SendParameterAnalysis              0x08005931   Thumb Code   302  protocol_analysis.o(i.SX1301SendParameterAnalysis)
    SX1301Start                              0x08005a69   Thumb Code   782  loragw_user.o(i.SX1301Start)
    SX1301TXData                             0x08006035   Thumb Code   148  loragw_user.o(i.SX1301TXData)
    SX1301_Enable                            0x080060e9   Thumb Code    24  gpio.o(i.SX1301_Enable)
    Send_PC_Pack                             0x08006105   Thumb Code   130  ct_funtion.o(i.Send_PC_Pack)
    SoftwareVersionShow                      0x08006199   Thumb Code    36  softwareversion.o(i.SoftwareVersionShow)
    Sx1301Power                              0x08006229   Thumb Code    58  loragw_user.o(i.Sx1301Power)
    Sx1301Reset                              0x0800626d   Thumb Code    38  loragw_spi.o(i.Sx1301Reset)
    Sx1301SpiInit                            0x08006299   Thumb Code    62  loragw_spi.o(i.Sx1301SpiInit)
    SysTick_Handler                          0x080062e1   Thumb Code     8  stm32l0xx_it.o(i.SysTick_Handler)
    SystemClock_Config                       0x080062e9   Thumb Code   126  main.o(i.SystemClock_Config)
    SystemInit                               0x0800636d   Thumb Code    66  system_stm32l0xx.o(i.SystemInit)
    SystemParamterRecovery                   0x080063c1   Thumb Code    18  protocol_analysis.o(i.SystemParamterRecovery)
    TIM2_IRQHandler                          0x080063d9   Thumb Code    10  stm32l0xx_it.o(i.TIM2_IRQHandler)
    TestMode_Init                            0x080064c1   Thumb Code   180  gassensortest.o(i.TestMode_Init)
    UART2_SendByte                           0x0800659d   Thumb Code    12  usart.o(i.UART2_SendByte)
    UART_AdvFeatureConfig                    0x080065ad   Thumb Code   202  stm32l0xx_hal_uart.o(i.UART_AdvFeatureConfig)
    UART_CheckIdleState                      0x08006679   Thumb Code    90  stm32l0xx_hal_uart.o(i.UART_CheckIdleState)
    UART_SetConfig                           0x080067ad   Thumb Code   518  stm32l0xx_hal_uart.o(i.UART_SetConfig)
    UART_WaitOnFlagUntilTimeout              0x080069e9   Thumb Code    98  stm32l0xx_hal_uart.o(i.UART_WaitOnFlagUntilTimeout)
    USART1_IRQHandler                        0x08006a4d   Thumb Code    10  stm32l0xx_it.o(i.USART1_IRQHandler)
    USART2_IRQHandler                        0x08006a5d   Thumb Code    24  stm32l0xx_it.o(i.USART2_IRQHandler)
    USART2_SendString                        0x08006a79   Thumb Code    22  usart.o(i.USART2_SendString)
    Usart2Receive_IDLE                       0x08006a95   Thumb Code    54  usart.o(i.Usart2Receive_IDLE)
    Usart2SendData                           0x08006ad5   Thumb Code    24  usart.o(i.Usart2SendData)
    UserSendParaToUserVar                    0x08006aed   Thumb Code    20  protocol_analysis.o(i.UserSendParaToUserVar)
    UserVarToSX1301Var                       0x08006b01   Thumb Code   302  protocol_analysis.o(i.UserVarToSX1301Var)
    User_SX1301_Start                        0x08006c3d   Thumb Code   362  configtool.o(i.User_SX1301_Start)
    WaiteTimeDisplay                         0x08006de1   Thumb Code    42  loragw_user.o(i.WaiteTimeDisplay)
    __0fprintf                               0x08006e15   Thumb Code    24  printfa.o(i.__0fprintf)
    __1fprintf                               0x08006e15   Thumb Code     0  printfa.o(i.__0fprintf)
    __2fprintf                               0x08006e15   Thumb Code     0  printfa.o(i.__0fprintf)
    __c89fprintf                             0x08006e15   Thumb Code     0  printfa.o(i.__0fprintf)
    fprintf                                  0x08006e15   Thumb Code     0  printfa.o(i.__0fprintf)
    __0printf                                0x08006e31   Thumb Code    24  printfa.o(i.__0printf)
    __1printf                                0x08006e31   Thumb Code     0  printfa.o(i.__0printf)
    __2printf                                0x08006e31   Thumb Code     0  printfa.o(i.__0printf)
    __c89printf                              0x08006e31   Thumb Code     0  printfa.o(i.__0printf)
    printf                                   0x08006e31   Thumb Code     0  printfa.o(i.__0printf)
    __0sprintf                               0x08006e51   Thumb Code    36  printfa.o(i.__0sprintf)
    __1sprintf                               0x08006e51   Thumb Code     0  printfa.o(i.__0sprintf)
    __2sprintf                               0x08006e51   Thumb Code     0  printfa.o(i.__0sprintf)
    __c89sprintf                             0x08006e51   Thumb Code     0  printfa.o(i.__0sprintf)
    sprintf                                  0x08006e51   Thumb Code     0  printfa.o(i.__0sprintf)
    __0vsnprintf                             0x08006e79   Thumb Code    40  printfa.o(i.__0vsnprintf)
    __1vsnprintf                             0x08006e79   Thumb Code     0  printfa.o(i.__0vsnprintf)
    __2vsnprintf                             0x08006e79   Thumb Code     0  printfa.o(i.__0vsnprintf)
    __c89vsnprintf                           0x08006e79   Thumb Code     0  printfa.o(i.__0vsnprintf)
    vsnprintf                                0x08006e79   Thumb Code     0  printfa.o(i.__0vsnprintf)
    __ARM_clz                                0x08006ea5   Thumb Code    46  depilogue.o(i.__ARM_clz)
    __ARM_common_switch8                     0x08006ed3   Thumb Code    26  loragw_hal.o(i.__ARM_common_switch8)
    __ARM_fpclassify                         0x08006eed   Thumb Code    40  fpclassify.o(i.__ARM_fpclassify)
    __kernel_poly                            0x08006f19   Thumb Code   172  poly.o(i.__kernel_poly)
    __mathlib_dbl_divzero                    0x08006fc5   Thumb Code    16  dunder.o(i.__mathlib_dbl_divzero)
    __mathlib_dbl_infnan2                    0x08006fd9   Thumb Code     8  dunder.o(i.__mathlib_dbl_infnan2)
    __mathlib_dbl_invalid                    0x08006fe1   Thumb Code    16  dunder.o(i.__mathlib_dbl_invalid)
    __mathlib_dbl_overflow                   0x08006ff1   Thumb Code    16  dunder.o(i.__mathlib_dbl_overflow)
    __mathlib_dbl_underflow                  0x08007005   Thumb Code    14  dunder.o(i.__mathlib_dbl_underflow)
    __scatterload_copy                       0x08007019   Thumb Code    14  handlers.o(i.__scatterload_copy)
    __scatterload_null                       0x08007027   Thumb Code     2  handlers.o(i.__scatterload_null)
    __scatterload_zeroinit                   0x08007029   Thumb Code    14  handlers.o(i.__scatterload_zeroinit)
    __set_errno                              0x08007039   Thumb Code     6  errno.o(i.__set_errno)
    ceil                                     0x08007911   Thumb Code   180  ceil.o(i.ceil)
    check_fpga_version                       0x080079d9   Thumb Code    24  loragw_reg.o(i.check_fpga_version)
    data_forUp                               0x080079f5   Thumb Code   270  configtool.o(i.data_forUp)
    fputc                                    0x08007b15   Thumb Code    26  usart.o(i.fputc)
    is_equal_freq                            0x08007b39   Thumb Code    32  loragw_lbt.o(i.is_equal_freq)
    lbt_is_channel_free                      0x08007b5d   Thumb Code   676  loragw_lbt.o(i.lbt_is_channel_free)
    lbt_is_enabled                           0x08008129   Thumb Code     6  loragw_lbt.o(i.lbt_is_enabled)
    lbt_setup                                0x08008135   Thumb Code   420  loragw_lbt.o(i.lbt_setup)
    lbt_start                                0x08008581   Thumb Code    28  loragw_lbt.o(i.lbt_start)
    lgw_abort_tx                             0x080085c1   Thumb Code    22  loragw_hal.o(i.lgw_abort_tx)
    lgw_board_setconf                        0x080085d9   Thumb Code    56  loragw_hal.o(i.lgw_board_setconf)
    lgw_bw_getval                            0x08008665   Thumb Code    52  loragw_hal.o(i.lgw_bw_getval)
    lgw_connect                              0x080086b5   Thumb Code   280  loragw_reg.o(i.lgw_connect)
    lgw_constant_adjust                      0x080089a5   Thumb Code   338  loragw_hal.o(i.lgw_constant_adjust)
    lgw_disconnect                           0x08008b11   Thumb Code    44  loragw_reg.o(i.lgw_disconnect)
    lgw_fpga_configure                       0x08008ba5   Thumb Code   260  loragw_fpga.o(i.lgw_fpga_configure)
    lgw_fpga_reg_r                           0x08008ded   Thumb Code    80  loragw_fpga.o(i.lgw_fpga_reg_r)
    lgw_fpga_reg_w                           0x08008ecd   Thumb Code    82  loragw_fpga.o(i.lgw_fpga_reg_w)
    lgw_get_trigcnt                          0x08008fb5   Thumb Code    32  loragw_hal.o(i.lgw_get_trigcnt)
    lgw_receive                              0x08008fd5   Thumb Code  1458  loragw_hal.o(i.lgw_receive)
    lgw_reg_r                                0x0800959d   Thumb Code   122  loragw_reg.o(i.lgw_reg_r)
    lgw_reg_rb                               0x080096ad   Thumb Code   128  loragw_reg.o(i.lgw_reg_rb)
    lgw_reg_w                                0x080097e9   Thumb Code   144  loragw_reg.o(i.lgw_reg_w)
    lgw_reg_wb                               0x0800990d   Thumb Code   142  loragw_reg.o(i.lgw_reg_wb)
    lgw_rxif_setconf                         0x08009a89   Thumb Code   600  loragw_hal.o(i.lgw_rxif_setconf)
    lgw_rxrf_setconf                         0x08009f41   Thumb Code   186  loragw_hal.o(i.lgw_rxrf_setconf)
    lgw_send                                 0x0800a065   Thumb Code  1982  loragw_hal.o(i.lgw_send)
    lgw_setup_sx125x                         0x0800a8d9   Thumb Code   410  loragw_radio.o(i.lgw_setup_sx125x)
    lgw_setup_sx127x                         0x0800abf1   Thumb Code   218  loragw_radio.o(i.lgw_setup_sx127x)
    lgw_sf_getval                            0x0800adf1   Thumb Code    58  loragw_hal.o(i.lgw_sf_getval)
    lgw_soft_reset                           0x0800ae2d   Thumb Code    26  loragw_reg.o(i.lgw_soft_reset)
    lgw_spi_close                            0x0800ae4d   Thumb Code     4  loragw_spi.o(i.lgw_spi_close)
    lgw_spi_open                             0x0800ae51   Thumb Code     4  loragw_spi.o(i.lgw_spi_open)
    lgw_spi_r                                0x0800ae55   Thumb Code   116  loragw_spi.o(i.lgw_spi_r)
    lgw_spi_rb                               0x0800aeed   Thumb Code   164  loragw_spi.o(i.lgw_spi_rb)
    lgw_spi_w                                0x0800afd1   Thumb Code    96  loragw_spi.o(i.lgw_spi_w)
    lgw_spi_wb                               0x0800b051   Thumb Code   162  loragw_spi.o(i.lgw_spi_wb)
    lgw_start                                0x0800b135   Thumb Code  3458  loragw_hal.o(i.lgw_start)
    lgw_stop                                 0x0800bf29   Thumb Code    18  loragw_hal.o(i.lgw_stop)
    lgw_sx127x_reg_r                         0x0800bf41   Thumb Code    20  loragw_radio.o(i.lgw_sx127x_reg_r)
    lgw_sx127x_reg_w                         0x0800bf59   Thumb Code    20  loragw_radio.o(i.lgw_sx127x_reg_w)
    lgw_time_on_air                          0x0800bf71   Thumb Code   398  loragw_hal.o(i.lgw_time_on_air)
    lgw_version_info                         0x0800c161   Thumb Code     4  loragw_hal.o(i.lgw_version_info)
    load_firmware                            0x0800c169   Thumb Code   226  loragw_hal.o(i.load_firmware)
    main                                     0x0800c379   Thumb Code   154  main.o(i.main)
    p2p_init                                 0x0800c425   Thumb Code    36  p2p.o(i.p2p_init)
    page_switch                              0x0800c44d   Thumb Code    28  loragw_reg.o(i.page_switch)
    pow                                      0x0800c46d   Thumb Code  2548  pow.o(i.pow)
    radioDataDecode                          0x0800ce69   Thumb Code   320  gassensortest.o(i.radioDataDecode)
    reg_r_align32                            0x0800d01d   Thumb Code   178  loragw_reg.o(i.reg_r_align32)
    reg_w_align32                            0x0800d109   Thumb Code   186  loragw_reg.o(i.reg_w_align32)
    reset_sx127x                             0x0800d1fd   Thumb Code    86  loragw_radio.o(i.reset_sx127x)
    setup_sx1272_FSK                         0x0800d2b9   Thumb Code   434  loragw_radio.o(i.setup_sx1272_FSK)
    setup_sx1276_FSK                         0x0800d4d5   Thumb Code   434  loragw_radio.o(i.setup_sx1276_FSK)
    sqrt                                     0x0800d6f1   Thumb Code    66  sqrt.o(i.sqrt)
    sx125x_read                              0x0800d739   Thumb Code   128  loragw_radio.o(i.sx125x_read)
    sx125x_write                             0x0800d835   Thumb Code   114  loragw_radio.o(i.sx125x_write)
    usage                                    0x0800d925   Thumb Code    58  sx1301_rx_tx.o(i.usage)
    wait_ms                                  0x0800da69   Thumb Code     8  loragw_aux.o(i.wait_ms)
    fpga_regs                                0x0800da70   Data         456  loragw_fpga.o(.constdata)
    ifmod_config                             0x0800dc7a   Data          10  loragw_hal.o(.constdata)
    lgw_version_string                       0x0800dc84   Data          16  loragw_hal.o(.constdata)
    sx127x_FskBandwidths                     0x08013d54   Data         168  loragw_radio.o(.constdata)
    FPGA_VERSION                             0x08013e68   Data           2  loragw_reg.o(.constdata)
    loregs                                   0x08013e6c   Data        3912  loragw_reg.o(.constdata)
    Distab                                   0x08014de0   Data         240  loragw_user.o(.constdata)
    LoRaWANJoinUpLinkDistab                  0x08014ed0   Data         120  loragw_user.o(.constdata)
    LoRaWANJoinDownLinkDistab                0x08014f48   Data         168  loragw_user.o(.constdata)
    LoRaWANUpLinkDataDistab                  0x08014ff0   Data         192  loragw_user.o(.constdata)
    CTab                                     0x080150ba   Data           3  protocol_analysis.o(.constdata)
    SetupDIDatalenTab                        0x080150be   Data         138  protocol_analysis.o(.constdata)
    QueryDIDatalenTab                        0x08015148   Data         126  protocol_analysis.o(.constdata)
    SendDIDatalenTab                         0x080151c6   Data          30  protocol_analysis.o(.constdata)
    AHBPrescTable                            0x080151e4   Data          16  system_stm32l0xx.o(.constdata)
    PLLMulTable                              0x080151f4   Data           9  system_stm32l0xx.o(.constdata)
    APBPrescTable                            0x080151fd   Data           8  system_stm32l0xx.o(.constdata)
    __mathlib_zero                           0x08015290   Data           8  qnan.o(.constdata)
    Region$$Table$$Base                      0x08015b04   Number         0  anon$$obj.o(Region$$Table)
    Region$$Table$$Limit                     0x08015b24   Number         0  anon$$obj.o(Region$$Table)
    radio_type                               0x20000000   Data           1  sx1301_rx_tx.o(.data)
    clocksource                              0x20000001   Data           1  sx1301_rx_tx.o(.data)
    boardconf                                0x20000002   Data           2  sx1301_rx_tx.o(.data)
    fa                                       0x2000000c   Data           4  sx1301_rx_tx.o(.data)
    fb                                       0x20000010   Data           4  sx1301_rx_tx.o(.data)
    ft                                       0x20000014   Data           4  sx1301_rx_tx.o(.data)
    loop_cnt                                 0x20000018   Data           4  sx1301_rx_tx.o(.data)
    xi                                       0x2000001c   Data           4  sx1301_rx_tx.o(.data)
    p                                        0x20000020   Data           4  sx1301_rx_tx.o(.data)
    i                                        0x20000024   Data           4  sx1301_rx_tx.o(.data)
    j                                        0x20000028   Data           4  sx1301_rx_tx.o(.data)
    nb_pkt                                   0x2000002c   Data           4  sx1301_rx_tx.o(.data)
    xd                                       0x20000030   Data           8  sx1301_rx_tx.o(.data)
    status_var                               0x20000038   Data           1  sx1301_rx_tx.o(.data)
    lgw_spi_mux_mode                         0x200000fc   Data           1  loragw_reg.o(.data)
    lgw_spi_target                           0x20000100   Data           4  loragw_reg.o(.data)
    LastRxdataTimestamp                      0x20000108   Data           4  loragw_user.o(.data)
    SX1301Status                             0x2000010c   Data           5  loragw_user.o(.data)
    AT_ConnectUpper                          0x20000111   Data           1  analysistool.o(.data)
    rfAp                                     0x20000114   Data           4  protocol_analysis.o(.data)
    rfBp                                     0x20000118   Data           4  protocol_analysis.o(.data)
    prxifms                                  0x2000011c   Data           4  protocol_analysis.o(.data)
    pMCUTXData                               0x20000120   Data           4  protocol_analysis.o(.data)
    pFrame                                   0x20000124   Data           4  protocol_analysis.o(.data)
    TestToolFinish                           0x20000128   Data           1  test_tool.o(.data)
    TestToolMod                              0x20000129   Data           1  test_tool.o(.data)
    KeyValue                                 0x2000012a   Data           1  test_tool.o(.data)
    SEND_RFU                                 0x2000012c   Data           1  ct_funtion.o(.data)
    SEND_RAND                                0x2000012d   Data           1  ct_funtion.o(.data)
    FCNT                                     0x2000012e   Data           2  ct_funtion.o(.data)
    CT_EUI                                   0x20000136   Data           8  ct_funtion.o(.data)
    Start_UP                                 0x20000140   Data           1  configtool.o(.data)
    send_len                                 0x20000141   Data           1  configtool.o(.data)
    CT_ConnectUpper                          0x20000142   Data           1  configtool.o(.data)
    ConfPara                                 0x20000144   Data          12  configtool.o(.data)
    SystemRunState                           0x20000150   Data           2  main.o(.data)
    Usart2Info                               0x20000164   Data           2  usart.o(.data)
    uwTick                                   0x20000168   Data           4  stm32l0xx_hal.o(.data)
    SystemCoreClock                          0x2000016c   Data           4  system_stm32l0xx.o(.data)
    __stderr                                 0x20000170   Data           4  stderr.o(.data)
    __stdout                                 0x20000174   Data           4  stdout.o(.data)
    rfconf                                   0x20000180   Data          20  sx1301_rx_tx.o(.bss)
    ifconf                                   0x20000198   Data          32  sx1301_rx_tx.o(.bss)
    rxpkt                                    0x200001b8   Data        1200  sx1301_rx_tx.o(.bss)
    txpkt                                    0x20000668   Data         288  sx1301_rx_tx.o(.bss)
    buff                                     0x200007c4   Data         271  loragw_hal.o(.bss)
    fw_check                                 0x200008d3   Data        8192  loragw_hal.o(.bss)
    RFRXData                                 0x20002914   Data        1024  loragw_user.o(.bss)
    LoRaWANData                              0x20002d14   Data         338  loragw_user.o(.bss)
    SystemParameter                          0x20002e68   Data          32  loragw_user.o(.bss)
    Frame                                    0x20002e88   Data          20  protocol_analysis.o(.bss)
    rfconfA                                  0x20002ea0   Data          20  protocol_analysis.o(.bss)
    rfconfB                                  0x20002eb4   Data          20  protocol_analysis.o(.bss)
    ifconfm                                  0x20002ec8   Data         256  protocol_analysis.o(.bss)
    TXPktUserFull                            0x20002fc8   Data          32  protocol_analysis.o(.bss)
    TXPktUserDefault                         0x20002fe8   Data          32  protocol_analysis.o(.bss)
    MCUTXData                                0x20003008   Data          12  protocol_analysis.o(.bss)
    AesContext                               0x20003014   Data         241  p2p.o(.bss)
    p2p_param                                0x20003108   Data          20  p2p.o(.bss)
    send_command                             0x2000311c   Data         256  configtool.o(.bss)
    hcrc                                     0x20003594   Data          36  crc.o(.bss)
    hrtc                                     0x200035b8   Data          36  rtc.o(.bss)
    hspi1                                    0x200035dc   Data          88  spi.o(.bss)
    htim2                                    0x20003634   Data          60  tim.o(.bss)
    Usart2_RX                                0x20003670   Data        1028  usart.o(.bss)
    huart1                                   0x20003a74   Data         128  usart.o(.bss)
    huart2                                   0x20003af4   Data         128  usart.o(.bss)
    hdma_usart1_rx                           0x20003b74   Data          72  usart.o(.bss)
    hdma_usart2_rx                           0x20003bbc   Data          72  usart.o(.bss)
    hdma_usart2_tx                           0x20003c04   Data          72  usart.o(.bss)
    dtuInfoRecordBuf                         0x20003c4c   Data         560  gassensortest.o(.bss)
    __initial_sp                             0x20004880   Data           0  startup_stm32l071xx.o(STACK)



==============================================================================

Memory Map of the image

  Image Entry point : 0x080000c1

  Load Region LR_IROM1 (Base: 0x08000000, Size: 0x00015ca0, Max: 0x0001a000, ABSOLUTE, COMPRESSED[0x00015ba0])

    Execution Region ER_IROM1 (Exec base: 0x08000000, Load base: 0x08000000, Size: 0x00015b24, Max: 0x0001a000, ABSOLUTE)

    Exec Addr    Load Addr    Size         Type   Attr      Idx    E Section Name        Object

    0x08000000   0x08000000   0x000000c0   Data   RO            3    RESET               startup_stm32l071xx.o
    0x080000c0   0x080000c0   0x00000000   Code   RO         5490  * .ARM.Collect$$$$00000000  mc_p.l(entry.o)
    0x080000c0   0x080000c0   0x00000004   Code   RO         5841    .ARM.Collect$$$$00000001  mc_p.l(entry2.o)
    0x080000c4   0x080000c4   0x00000004   Code   RO         5844    .ARM.Collect$$$$00000004  mc_p.l(entry5.o)
    0x080000c8   0x080000c8   0x00000000   Code   RO         5846    .ARM.Collect$$$$00000008  mc_p.l(entry7b.o)
    0x080000c8   0x080000c8   0x00000000   Code   RO         5848    .ARM.Collect$$$$0000000A  mc_p.l(entry8b.o)
    0x080000c8   0x080000c8   0x00000008   Code   RO         5849    .ARM.Collect$$$$0000000B  mc_p.l(entry9a.o)
    0x080000d0   0x080000d0   0x00000000   Code   RO         5851    .ARM.Collect$$$$0000000D  mc_p.l(entry10a.o)
    0x080000d0   0x080000d0   0x00000000   Code   RO         5853    .ARM.Collect$$$$0000000F  mc_p.l(entry11a.o)
    0x080000d0   0x080000d0   0x00000004   Code   RO         5842    .ARM.Collect$$$$00002712  mc_p.l(entry2.o)
    0x080000d4   0x080000d4   0x0000001c   Code   RO            4    .text               startup_stm32l071xx.o
    0x080000f0   0x080000f0   0x0000002c   Code   RO         5494    .text               mc_p.l(uidiv.o)
    0x0800011c   0x0800011c   0x00000028   Code   RO         5496    .text               mc_p.l(idiv.o)
    0x08000144   0x08000144   0x00000060   Code   RO         5498    .text               mc_p.l(uldiv.o)
    0x080001a4   0x080001a4   0x0000004c   Code   RO         5500    .text               mc_p.l(ldiv.o)
    0x080001f0   0x080001f0   0x00000020   Code   RO         5502    .text               mc_p.l(llshl.o)
    0x08000210   0x08000210   0x0000000e   Code   RO         5507    .text               mc_p.l(llabs.o)
    0x0800021e   0x0800021e   0x00000024   Code   RO         5511    .text               mc_p.l(memcpya.o)
    0x08000242   0x08000242   0x00000024   Code   RO         5513    .text               mc_p.l(memseta.o)
    0x08000266   0x08000266   0x00000012   Code   RO         5517    .text               mc_p.l(strcpy.o)
    0x08000278   0x08000278   0x000000b2   Code   RO         5784    .text               mf_p.l(fadd.o)
    0x0800032a   0x0800032a   0x00000018   Code   RO         5786    .text               mf_p.l(fscalb.o)
    0x08000342   0x08000342   0x00000002   PAD
    0x08000344   0x08000344   0x00000164   Code   RO         5788    .text               mf_p.l(dadd.o)
    0x080004a8   0x080004a8   0x000000d0   Code   RO         5790    .text               mf_p.l(dmul.o)
    0x08000578   0x08000578   0x000000f0   Code   RO         5792    .text               mf_p.l(ddiv.o)
    0x08000668   0x08000668   0x0000002c   Code   RO         5794    .text               mf_p.l(dscalb.o)
    0x08000694   0x08000694   0x00000016   Code   RO         5796    .text               mf_p.l(fflti.o)
    0x080006aa   0x080006aa   0x0000000e   Code   RO         5798    .text               mf_p.l(ffltui.o)
    0x080006b8   0x080006b8   0x00000028   Code   RO         5800    .text               mf_p.l(dflti.o)
    0x080006e0   0x080006e0   0x0000001c   Code   RO         5802    .text               mf_p.l(dfltui.o)
    0x080006fc   0x080006fc   0x00000028   Code   RO         5804    .text               mf_p.l(ffixui.o)
    0x08000724   0x08000724   0x00000048   Code   RO         5806    .text               mf_p.l(dfixi.o)
    0x0800076c   0x0800076c   0x0000003c   Code   RO         5808    .text               mf_p.l(dfixui.o)
    0x080007a8   0x080007a8   0x00000028   Code   RO         5810    .text               mf_p.l(f2d.o)
    0x080007d0   0x080007d0   0x00000038   Code   RO         5812    .text               mf_p.l(d2f.o)
    0x08000808   0x08000808   0x00000022   Code   RO         5856    .text               mc_p.l(llushr.o)
    0x0800082a   0x0800082a   0x00000026   Code   RO         5858    .text               mc_p.l(llsshr.o)
    0x08000850   0x08000850   0x00000000   Code   RO         5867    .text               mc_p.l(iusefp.o)
    0x08000850   0x08000850   0x00000082   Code   RO         5868    .text               mf_p.l(fepilogue.o)
    0x080008d2   0x080008d2   0x000000be   Code   RO         5870    .text               mf_p.l(depilogue.o)
    0x08000990   0x08000990   0x00000040   Code   RO         5874    .text               mf_p.l(dfixul.o)
    0x080009d0   0x080009d0   0x00000028   Code   RO         5876    .text               mf_p.l(cdrcmple.o)
    0x080009f8   0x080009f8   0x00000024   Code   RO         5878    .text               mc_p.l(init.o)
    0x08000a1c   0x08000a1c   0x000000a2   Code   RO         5880    .text               mf_p.l(dsqrt.o)
    0x08000abe   0x08000abe   0x00000056   Code   RO         5892    .text               mc_p.l(__dczerorl2.o)
    0x08000b14   0x08000b14   0x0000104c   Code   RO          720    i.AnalysisLoRaWANData  loragw_user.o
    0x08001b60   0x08001b60   0x000000b8   Code   RO          841    i.AnalysisTool_Run  analysistool.o
    0x08001c18   0x08001c18   0x00000050   Code   RO          842    i.AnalysisTool_init  analysistool.o
    0x08001c68   0x08001c68   0x00000044   Code   RO         1277    i.CT_ACK_Pack       ct_funtion.o
    0x08001cac   0x08001cac   0x00000050   Code   RO         1278    i.CT_Info_Para      ct_funtion.o
    0x08001cfc   0x08001cfc   0x000000b8   Code   RO          907    i.ChainParameterAnalysis  protocol_analysis.o
    0x08001db4   0x08001db4   0x00000080   Code   RO          908    i.CheckDI           protocol_analysis.o
    0x08001e34   0x08001e34   0x00000094   Code   RO          909    i.CheckDataLen      protocol_analysis.o
    0x08001ec8   0x08001ec8   0x00000038   Code   RO         1675    i.Clear_UART2_IT    usart.o
    0x08001f00   0x08001f00   0x00000026   Code   RO         1280    i.Command_Inspect   ct_funtion.o
    0x08001f26   0x08001f26   0x00000002   PAD
    0x08001f28   0x08001f28   0x00000034   Code   RO         1334    i.ConfigTool_Init   configtool.o
    0x08001f5c   0x08001f5c   0x000000c8   Code   RO         1335    i.ConfigTool_Run    configtool.o
    0x08002024   0x08002024   0x00000020   Code   RO         1676    i.DEBUG_Printf      usart.o
    0x08002044   0x08002044   0x00000010   Code   RO         1780    i.DMA1_Channel2_3_IRQHandler  stm32l0xx_it.o
    0x08002054   0x08002054   0x00000018   Code   RO         1781    i.DMA1_Channel4_5_6_7_IRQHandler  stm32l0xx_it.o
    0x0800206c   0x0800206c   0x0000002c   Code   RO         4934    i.DMA_SetConfig     stm32l0xx_hal_dma.o
    0x08002098   0x08002098   0x000000c8   Code   RO         1336    i.DataResolve_Upside  configtool.o
    0x08002160   0x08002160   0x00000002   Code   RO         5424    i.DebugMode_Init    gassensortest.o
    0x08002162   0x08002162   0x00000056   Code   RO          910    i.Deny              protocol_analysis.o
    0x080021b8   0x080021b8   0x000002cc   Code   RO          721    i.DispalyTabString  loragw_user.o
    0x08002484   0x08002484   0x00000002   Code   RO         1397    i.Error_Handler     main.o
    0x08002486   0x08002486   0x00000002   Code   RO         5425    i.FactoryDebugMode_Run  gassensortest.o
    0x08002488   0x08002488   0x00000078   Code   RO         5426    i.FactoryTestMode_Run  gassensortest.o
    0x08002500   0x08002500   0x00000348   Code   RO          911    i.FrameCheck        protocol_analysis.o
    0x08002848   0x08002848   0x0000004c   Code   RO         1281    i.GW_Command_Split  ct_funtion.o
    0x08002894   0x08002894   0x00000050   Code   RO         1946    i.HAL_CRCEx_Polynomial_Set  stm32l0xx_hal_crc_ex.o
    0x080028e4   0x080028e4   0x0000007c   Code   RO         1884    i.HAL_CRC_Init      stm32l0xx_hal_crc.o
    0x08002960   0x08002960   0x00000024   Code   RO         1489    i.HAL_CRC_MspInit   crc.o
    0x08002984   0x08002984   0x00000044   Code   RO         4935    i.HAL_DMA_Abort     stm32l0xx_hal_dma.o
    0x080029c8   0x080029c8   0x0000004c   Code   RO         4936    i.HAL_DMA_Abort_IT  stm32l0xx_hal_dma.o
    0x08002a14   0x08002a14   0x00000004   Code   RO         4938    i.HAL_DMA_GetError  stm32l0xx_hal_dma.o
    0x08002a18   0x08002a18   0x000000a8   Code   RO         4940    i.HAL_DMA_IRQHandler  stm32l0xx_hal_dma.o
    0x08002ac0   0x08002ac0   0x00000090   Code   RO         4941    i.HAL_DMA_Init      stm32l0xx_hal_dma.o
    0x08002b50   0x08002b50   0x00000068   Code   RO         4945    i.HAL_DMA_Start_IT  stm32l0xx_hal_dma.o
    0x08002bb8   0x08002bb8   0x0000001c   Code   RO         3769    i.HAL_Delay         stm32l0xx_hal.o
    0x08002bd4   0x08002bd4   0x00000184   Code   RO         4875    i.HAL_GPIO_Init     stm32l0xx_hal_gpio.o
    0x08002d58   0x08002d58   0x0000000a   Code   RO         4877    i.HAL_GPIO_ReadPin  stm32l0xx_hal_gpio.o
    0x08002d62   0x08002d62   0x0000000c   Code   RO         4879    i.HAL_GPIO_WritePin  stm32l0xx_hal_gpio.o
    0x08002d6e   0x08002d6e   0x00000002   PAD
    0x08002d70   0x08002d70   0x0000000c   Code   RO         3773    i.HAL_GetTick       stm32l0xx_hal.o
    0x08002d7c   0x08002d7c   0x00000010   Code   RO         3777    i.HAL_IncTick       stm32l0xx_hal.o
    0x08002d8c   0x08002d8c   0x00000028   Code   RO         3778    i.HAL_Init          stm32l0xx_hal.o
    0x08002db4   0x08002db4   0x00000030   Code   RO         3779    i.HAL_InitTick      stm32l0xx_hal.o
    0x08002de4   0x08002de4   0x00000018   Code   RO         1858    i.HAL_MspInit       stm32l0xx_hal_msp.o
    0x08002dfc   0x08002dfc   0x00000014   Code   RO         5202    i.HAL_NVIC_EnableIRQ  stm32l0xx_hal_cortex.o
    0x08002e10   0x08002e10   0x00000008   Code   RO         5206    i.HAL_NVIC_SetPriority  stm32l0xx_hal_cortex.o
    0x08002e18   0x08002e18   0x00000178   Code   RO         4550    i.HAL_RCCEx_PeriphCLKConfig  stm32l0xx_hal_rcc_ex.o
    0x08002f90   0x08002f90   0x0000016c   Code   RO         4452    i.HAL_RCC_ClockConfig  stm32l0xx_hal_rcc.o
    0x080030fc   0x080030fc   0x00000020   Code   RO         4458    i.HAL_RCC_GetPCLK1Freq  stm32l0xx_hal_rcc.o
    0x0800311c   0x0800311c   0x00000020   Code   RO         4459    i.HAL_RCC_GetPCLK2Freq  stm32l0xx_hal_rcc.o
    0x0800313c   0x0800313c   0x00000078   Code   RO         4460    i.HAL_RCC_GetSysClockFreq  stm32l0xx_hal_rcc.o
    0x080031b4   0x080031b4   0x0000042c   Code   RO         4463    i.HAL_RCC_OscConfig  stm32l0xx_hal_rcc.o
    0x080035e0   0x080035e0   0x000000c4   Code   RO         2135    i.HAL_RTCEx_SetWakeUpTimer  stm32l0xx_hal_rtc_ex.o
    0x080036a4   0x080036a4   0x00000044   Code   RO         1981    i.HAL_RTC_GetDate   stm32l0xx_hal_rtc.o
    0x080036e8   0x080036e8   0x0000005c   Code   RO         1983    i.HAL_RTC_GetTime   stm32l0xx_hal_rtc.o
    0x08003744   0x08003744   0x000000bc   Code   RO         1984    i.HAL_RTC_Init      stm32l0xx_hal_rtc.o
    0x08003800   0x08003800   0x00000020   Code   RO         1547    i.HAL_RTC_MspInit   rtc.o
    0x08003820   0x08003820   0x00000034   Code   RO         1992    i.HAL_RTC_WaitForSynchro  stm32l0xx_hal_rtc.o
    0x08003854   0x08003854   0x00000080   Code   RO         2344    i.HAL_SPI_Init      stm32l0xx_hal_spi.o
    0x080038d4   0x080038d4   0x00000058   Code   RO         1592    i.HAL_SPI_MspInit   spi.o
    0x0800392c   0x0800392c   0x000001f0   Code   RO         2353    i.HAL_SPI_TransmitReceive  stm32l0xx_hal_spi.o
    0x08003b1c   0x08003b1c   0x00000030   Code   RO         5210    i.HAL_SYSTICK_Config  stm32l0xx_hal_cortex.o
    0x08003b4c   0x08003b4c   0x0000003c   Code   RO         3320    i.HAL_TIMEx_MasterConfigSynchronization  stm32l0xx_hal_tim_ex.o
    0x08003b88   0x08003b88   0x00000034   Code   RO         2653    i.HAL_TIM_Base_Init  stm32l0xx_hal_tim.o
    0x08003bbc   0x08003bbc   0x00000040   Code   RO         1630    i.HAL_TIM_Base_MspInit  tim.o
    0x08003bfc   0x08003bfc   0x00000020   Code   RO         2658    i.HAL_TIM_Base_Start_IT  stm32l0xx_hal_tim.o
    0x08003c1c   0x08003c1c   0x000000d0   Code   RO         2662    i.HAL_TIM_ConfigClockSource  stm32l0xx_hal_tim.o
    0x08003cec   0x08003cec   0x00000002   Code   RO         2682    i.HAL_TIM_IC_CaptureCallback  stm32l0xx_hal_tim.o
    0x08003cee   0x08003cee   0x00000126   Code   RO         2696    i.HAL_TIM_IRQHandler  stm32l0xx_hal_tim.o
    0x08003e14   0x08003e14   0x00000002   Code   RO         2699    i.HAL_TIM_OC_DelayElapsedCallback  stm32l0xx_hal_tim.o
    0x08003e16   0x08003e16   0x00000002   Code   RO         2726    i.HAL_TIM_PWM_PulseFinishedCallback  stm32l0xx_hal_tim.o
    0x08003e18   0x08003e18   0x00000070   Code   RO         1631    i.HAL_TIM_PeriodElapsedCallback  tim.o
    0x08003e88   0x08003e88   0x00000002   Code   RO         2739    i.HAL_TIM_TriggerCallback  stm32l0xx_hal_tim.o
    0x08003e8a   0x08003e8a   0x00000002   Code   RO         3705    i.HAL_UARTEx_WakeupCallback  stm32l0xx_hal_uart_ex.o
    0x08003e8c   0x08003e8c   0x0000007a   Code   RO         3366    i.HAL_UART_DMAStop  stm32l0xx_hal_uart.o
    0x08003f06   0x08003f06   0x00000002   Code   RO         3368    i.HAL_UART_ErrorCallback  stm32l0xx_hal_uart.o
    0x08003f08   0x08003f08   0x0000013c   Code   RO         3371    i.HAL_UART_IRQHandler  stm32l0xx_hal_uart.o
    0x08004044   0x08004044   0x0000006a   Code   RO         3372    i.HAL_UART_Init     stm32l0xx_hal_uart.o
    0x080040ae   0x080040ae   0x00000002   PAD
    0x080040b0   0x080040b0   0x0000013c   Code   RO         1678    i.HAL_UART_MspInit  usart.o
    0x080041ec   0x080041ec   0x000000b8   Code   RO         3376    i.HAL_UART_Receive_DMA  stm32l0xx_hal_uart.o
    0x080042a4   0x080042a4   0x00000002   Code   RO         3378    i.HAL_UART_RxCpltCallback  stm32l0xx_hal_uart.o
    0x080042a6   0x080042a6   0x00000002   Code   RO         3379    i.HAL_UART_RxHalfCpltCallback  stm32l0xx_hal_uart.o
    0x080042a8   0x080042a8   0x000000ce   Code   RO         3380    i.HAL_UART_Transmit  stm32l0xx_hal_uart.o
    0x08004376   0x08004376   0x00000002   Code   RO         3383    i.HAL_UART_TxCpltCallback  stm32l0xx_hal_uart.o
    0x08004378   0x08004378   0x00000002   Code   RO         1782    i.HardFault_Handler  stm32l0xx_it.o
    0x0800437a   0x0800437a   0x00000002   PAD
    0x0800437c   0x0800437c   0x0000004c   Code   RO         1456    i.LED_ALLSet        gpio.o
    0x080043c8   0x080043c8   0x00000114   Code   RO          912    i.LoRaDefaultSendParaAnalysis  protocol_analysis.o
    0x080044dc   0x080044dc   0x00000036   Code   RO         1337    i.LoRaSend          configtool.o
    0x08004512   0x08004512   0x00000002   PAD
    0x08004514   0x08004514   0x00000148   Code   RO          913    i.LoRaSendParaAnalysis  protocol_analysis.o
    0x0800465c   0x0800465c   0x00000018   Code   RO          914    i.MCUSendData       protocol_analysis.o
    0x08004674   0x08004674   0x0000002c   Code   RO         1490    i.MX_CRC_Init       crc.o
    0x080046a0   0x080046a0   0x00000038   Code   RO         1526    i.MX_DMA_Init       dma.o
    0x080046d8   0x080046d8   0x000000f4   Code   RO         1457    i.MX_GPIO_Init      gpio.o
    0x080047cc   0x080047cc   0x00000044   Code   RO         1548    i.MX_RTC_Init       rtc.o
    0x08004810   0x08004810   0x00000040   Code   RO         1593    i.MX_SPI1_Init      spi.o
    0x08004850   0x08004850   0x00000068   Code   RO         1632    i.MX_TIM2_Init      tim.o
    0x080048b8   0x080048b8   0x00000038   Code   RO         1680    i.MX_USART2_UART_Init  usart.o
    0x080048f0   0x080048f0   0x00000002   Code   RO         1783    i.NMI_Handler       stm32l0xx_it.o
    0x080048f2   0x080048f2   0x00000002   PAD
    0x080048f4   0x080048f4   0x00000044   Code   RO         5212    i.NVIC_SetPriority  stm32l0xx_hal_cortex.o
    0x08004938   0x08004938   0x00000080   Code   RO         1232    i.PC_SetingAnalysis  pc_seting.o
    0x080049b8   0x080049b8   0x0000005c   Code   RO         1233    i.PC_SetingLegality  pc_seting.o
    0x08004a14   0x08004a14   0x00000054   Code   RO         1235    i.PC_SetingSetingEUI  pc_seting.o
    0x08004a68   0x08004a68   0x00000040   Code   RO         1236    i.PM_CS_check       pc_seting.o
    0x08004aa8   0x08004aa8   0x00000002   Code   RO         1784    i.PendSV_Handler    stm32l0xx_it.o
    0x08004aaa   0x08004aaa   0x000000a0   Code   RO          916    i.ProtocolAnalysis  protocol_analysis.o
    0x08004b4a   0x08004b4a   0x00000010   Code   RO         1993    i.RTC_Bcd2ToByte    stm32l0xx_hal_rtc.o
    0x08004b5a   0x08004b5a   0x00000038   Code   RO         1995    i.RTC_EnterInitMode  stm32l0xx_hal_rtc.o
    0x08004b92   0x08004b92   0x00000002   PAD
    0x08004b94   0x08004b94   0x000000c0   Code   RO         1549    i.RTC_TimeShow      rtc.o
    0x08004c54   0x08004c54   0x00000010   Code   RO         1338    i.Rec_LoRa          configtool.o
    0x08004c64   0x08004c64   0x0000001c   Code   RO          646    i.SPI1_ReadWriteByte  loragw_spi.o
    0x08004c80   0x08004c80   0x00000042   Code   RO         2382    i.SPI_EndRxTxTransaction  stm32l0xx_hal_spi.o
    0x08004cc2   0x08004cc2   0x0000008c   Code   RO         2387    i.SPI_WaitFlagStateUntilTimeout  stm32l0xx_hal_spi.o
    0x08004d4e   0x08004d4e   0x00000002   Code   RO         1785    i.SVC_Handler       stm32l0xx_it.o
    0x08004d50   0x08004d50   0x00000318   Code   RO          917    i.SX1301ParameterQuery  protocol_analysis.o
    0x08005068   0x08005068   0x000002bc   Code   RO          918    i.SX1301ParameterSet  protocol_analysis.o
    0x08005324   0x08005324   0x00000488   Code   RO          724    i.SX1301RXData      loragw_user.o
    0x080057ac   0x080057ac   0x0000000a   Code   RO          725    i.SX1301RXDataQueryPin  loragw_user.o
    0x080057b6   0x080057b6   0x00000002   PAD
    0x080057b8   0x080057b8   0x00000178   Code   RO         1023    i.SX1301RxTxDebug   rf_rxtx_debug.o
    0x08005930   0x08005930   0x00000138   Code   RO          919    i.SX1301SendParameterAnalysis  protocol_analysis.o
    0x08005a68   0x08005a68   0x000005cc   Code   RO          726    i.SX1301Start       loragw_user.o
    0x08006034   0x08006034   0x000000b4   Code   RO          727    i.SX1301TXData      loragw_user.o
    0x080060e8   0x080060e8   0x0000001c   Code   RO         1458    i.SX1301_Enable     gpio.o
    0x08006104   0x08006104   0x00000094   Code   RO         1282    i.Send_PC_Pack      ct_funtion.o
    0x08006198   0x08006198   0x00000090   Code   RO         1061    i.SoftwareVersionShow  softwareversion.o
    0x08006228   0x08006228   0x00000044   Code   RO          728    i.Sx1301Power       loragw_user.o
    0x0800626c   0x0800626c   0x0000002c   Code   RO          647    i.Sx1301Reset       loragw_spi.o
    0x08006298   0x08006298   0x00000048   Code   RO          648    i.Sx1301SpiInit     loragw_spi.o
    0x080062e0   0x080062e0   0x00000008   Code   RO         1786    i.SysTick_Handler   stm32l0xx_it.o
    0x080062e8   0x080062e8   0x00000084   Code   RO         1399    i.SystemClock_Config  main.o
    0x0800636c   0x0800636c   0x00000054   Code   RO         5310    i.SystemInit        system_stm32l0xx.o
    0x080063c0   0x080063c0   0x00000018   Code   RO          920    i.SystemParamterRecovery  protocol_analysis.o
    0x080063d8   0x080063d8   0x00000010   Code   RO         1787    i.TIM2_IRQHandler   stm32l0xx_it.o
    0x080063e8   0x080063e8   0x00000068   Code   RO         2741    i.TIM_Base_SetConfig  stm32l0xx_hal_tim.o
    0x08006450   0x08006450   0x00000016   Code   RO         2752    i.TIM_ETR_SetConfig  stm32l0xx_hal_tim.o
    0x08006466   0x08006466   0x00000010   Code   RO         2753    i.TIM_ITRx_SetConfig  stm32l0xx_hal_tim.o
    0x08006476   0x08006476   0x00000022   Code   RO         2759    i.TIM_TI1_ConfigInputStage  stm32l0xx_hal_tim.o
    0x08006498   0x08006498   0x00000026   Code   RO         2761    i.TIM_TI2_ConfigInputStage  stm32l0xx_hal_tim.o
    0x080064be   0x080064be   0x00000002   PAD
    0x080064c0   0x080064c0   0x000000dc   Code   RO         5427    i.TestMode_Init     gassensortest.o
    0x0800659c   0x0800659c   0x00000010   Code   RO         1681    i.UART2_SendByte    usart.o
    0x080065ac   0x080065ac   0x000000ca   Code   RO         3385    i.UART_AdvFeatureConfig  stm32l0xx_hal_uart.o
    0x08006676   0x08006676   0x00000002   PAD
    0x08006678   0x08006678   0x00000060   Code   RO         3386    i.UART_CheckIdleState  stm32l0xx_hal_uart.o
    0x080066d8   0x080066d8   0x00000014   Code   RO         3387    i.UART_DMAAbortOnError  stm32l0xx_hal_uart.o
    0x080066ec   0x080066ec   0x00000048   Code   RO         3388    i.UART_DMAError     stm32l0xx_hal_uart.o
    0x08006734   0x08006734   0x0000003e   Code   RO         3389    i.UART_DMAReceiveCplt  stm32l0xx_hal_uart.o
    0x08006772   0x08006772   0x0000000a   Code   RO         3391    i.UART_DMARxHalfCplt  stm32l0xx_hal_uart.o
    0x0800677c   0x0800677c   0x00000020   Code   RO         3397    i.UART_EndRxTransfer  stm32l0xx_hal_uart.o
    0x0800679c   0x0800679c   0x00000010   Code   RO         3398    i.UART_EndTxTransfer  stm32l0xx_hal_uart.o
    0x080067ac   0x080067ac   0x0000023c   Code   RO         3401    i.UART_SetConfig    stm32l0xx_hal_uart.o
    0x080069e8   0x080069e8   0x00000062   Code   RO         3404    i.UART_WaitOnFlagUntilTimeout  stm32l0xx_hal_uart.o
    0x08006a4a   0x08006a4a   0x00000002   PAD
    0x08006a4c   0x08006a4c   0x00000010   Code   RO         1788    i.USART1_IRQHandler  stm32l0xx_it.o
    0x08006a5c   0x08006a5c   0x0000001c   Code   RO         1789    i.USART2_IRQHandler  stm32l0xx_it.o
    0x08006a78   0x08006a78   0x0000001c   Code   RO         1682    i.USART2_SendString  usart.o
    0x08006a94   0x08006a94   0x00000040   Code   RO         1684    i.Usart2Receive_IDLE  usart.o
    0x08006ad4   0x08006ad4   0x00000018   Code   RO         1685    i.Usart2SendData    usart.o
    0x08006aec   0x08006aec   0x00000014   Code   RO          921    i.UserSendParaToUserVar  protocol_analysis.o
    0x08006b00   0x08006b00   0x0000013c   Code   RO          922    i.UserVarToSX1301Var  protocol_analysis.o
    0x08006c3c   0x08006c3c   0x000001a4   Code   RO         1339    i.User_SX1301_Start  configtool.o
    0x08006de0   0x08006de0   0x00000034   Code   RO          730    i.WaiteTimeDisplay  loragw_user.o
    0x08006e14   0x08006e14   0x0000001c   Code   RO         5753    i.__0fprintf        mc_p.l(printfa.o)
    0x08006e30   0x08006e30   0x00000020   Code   RO         5754    i.__0printf         mc_p.l(printfa.o)
    0x08006e50   0x08006e50   0x00000028   Code   RO         5756    i.__0sprintf        mc_p.l(printfa.o)
    0x08006e78   0x08006e78   0x0000002c   Code   RO         5759    i.__0vsnprintf      mc_p.l(printfa.o)
    0x08006ea4   0x08006ea4   0x0000002e   Code   RO         5872    i.__ARM_clz         mf_p.l(depilogue.o)
    0x08006ed2   0x08006ed2   0x0000001a   Code   RO          413    i.__ARM_common_switch8  loragw_hal.o
    0x08006eec   0x08006eec   0x0000002c   Code   RO         5828    i.__ARM_fpclassify  m_ps.l(fpclassify.o)
    0x08006f18   0x08006f18   0x000000ac   Code   RO         5830    i.__kernel_poly     m_ps.l(poly.o)
    0x08006fc4   0x08006fc4   0x00000014   Code   RO         5814    i.__mathlib_dbl_divzero  m_ps.l(dunder.o)
    0x08006fd8   0x08006fd8   0x00000008   Code   RO         5816    i.__mathlib_dbl_infnan2  m_ps.l(dunder.o)
    0x08006fe0   0x08006fe0   0x00000010   Code   RO         5817    i.__mathlib_dbl_invalid  m_ps.l(dunder.o)
    0x08006ff0   0x08006ff0   0x00000014   Code   RO         5818    i.__mathlib_dbl_overflow  m_ps.l(dunder.o)
    0x08007004   0x08007004   0x00000014   Code   RO         5820    i.__mathlib_dbl_underflow  m_ps.l(dunder.o)
    0x08007018   0x08007018   0x0000000e   Code   RO         5886    i.__scatterload_copy  mc_p.l(handlers.o)
    0x08007026   0x08007026   0x00000002   Code   RO         5887    i.__scatterload_null  mc_p.l(handlers.o)
    0x08007028   0x08007028   0x0000000e   Code   RO         5888    i.__scatterload_zeroinit  mc_p.l(handlers.o)
    0x08007036   0x08007036   0x00000002   PAD
    0x08007038   0x08007038   0x0000000c   Code   RO         5862    i.__set_errno       mc_p.l(errno.o)
    0x08007044   0x08007044   0x00000174   Code   RO         5761    i._fp_digits        mc_p.l(printfa.o)
    0x080071b8   0x080071b8   0x000006ec   Code   RO         5762    i._printf_core      mc_p.l(printfa.o)
    0x080078a4   0x080078a4   0x00000020   Code   RO         5763    i._printf_post_padding  mc_p.l(printfa.o)
    0x080078c4   0x080078c4   0x0000002c   Code   RO         5764    i._printf_pre_padding  mc_p.l(printfa.o)
    0x080078f0   0x080078f0   0x00000016   Code   RO         5765    i._snputc           mc_p.l(printfa.o)
    0x08007906   0x08007906   0x0000000a   Code   RO         5766    i._sputc            mc_p.l(printfa.o)
    0x08007910   0x08007910   0x000000c8   Code   RO         5477    i.ceil              m_ps.l(ceil.o)
    0x080079d8   0x080079d8   0x0000001c   Code   RO          564    i.check_fpga_version  loragw_reg.o
    0x080079f4   0x080079f4   0x00000120   Code   RO         1340    i.data_forUp        configtool.o
    0x08007b14   0x08007b14   0x00000024   Code   RO         1687    i.fputc             usart.o
    0x08007b38   0x08007b38   0x00000024   Code   RO          438    i.is_equal_freq     loragw_lbt.o
    0x08007b5c   0x08007b5c   0x000005cc   Code   RO          439    i.lbt_is_channel_free  loragw_lbt.o
    0x08008128   0x08008128   0x0000000c   Code   RO          440    i.lbt_is_enabled    loragw_lbt.o
    0x08008134   0x08008134   0x0000044c   Code   RO          442    i.lbt_setup         loragw_lbt.o
    0x08008580   0x08008580   0x00000040   Code   RO          443    i.lbt_start         loragw_lbt.o
    0x080085c0   0x080085c0   0x00000016   Code   RO          291    i.lgw_abort_tx      loragw_hal.o
    0x080085d6   0x080085d6   0x00000002   PAD
    0x080085d8   0x080085d8   0x0000008c   Code   RO          292    i.lgw_board_setconf  loragw_hal.o
    0x08008664   0x08008664   0x00000050   Code   RO          293    i.lgw_bw_getval     loragw_hal.o
    0x080086b4   0x080086b4   0x000002f0   Code   RO          565    i.lgw_connect       loragw_reg.o
    0x080089a4   0x080089a4   0x0000016c   Code   RO          294    i.lgw_constant_adjust  loragw_hal.o
    0x08008b10   0x08008b10   0x00000094   Code   RO          566    i.lgw_disconnect    loragw_reg.o
    0x08008ba4   0x08008ba4   0x00000248   Code   RO          245    i.lgw_fpga_configure  loragw_fpga.o
    0x08008dec   0x08008dec   0x000000e0   Code   RO          246    i.lgw_fpga_reg_r    loragw_fpga.o
    0x08008ecc   0x08008ecc   0x000000e8   Code   RO          248    i.lgw_fpga_reg_w    loragw_fpga.o
    0x08008fb4   0x08008fb4   0x00000020   Code   RO          295    i.lgw_get_trigcnt   loragw_hal.o
    0x08008fd4   0x08008fd4   0x000005c8   Code   RO          297    i.lgw_receive       loragw_hal.o
    0x0800959c   0x0800959c   0x00000110   Code   RO          568    i.lgw_reg_r         loragw_reg.o
    0x080096ac   0x080096ac   0x0000013c   Code   RO          569    i.lgw_reg_rb        loragw_reg.o
    0x080097e8   0x080097e8   0x00000124   Code   RO          570    i.lgw_reg_w         loragw_reg.o
    0x0800990c   0x0800990c   0x0000017c   Code   RO          571    i.lgw_reg_wb        loragw_reg.o
    0x08009a88   0x08009a88   0x000004b8   Code   RO          298    i.lgw_rxif_setconf  loragw_hal.o
    0x08009f40   0x08009f40   0x00000124   Code   RO          299    i.lgw_rxrf_setconf  loragw_hal.o
    0x0800a064   0x0800a064   0x00000874   Code   RO          300    i.lgw_send          loragw_hal.o
    0x0800a8d8   0x0800a8d8   0x00000318   Code   RO          486    i.lgw_setup_sx125x  loragw_radio.o
    0x0800abf0   0x0800abf0   0x00000200   Code   RO          487    i.lgw_setup_sx127x  loragw_radio.o
    0x0800adf0   0x0800adf0   0x0000003a   Code   RO          301    i.lgw_sf_getval     loragw_hal.o
    0x0800ae2a   0x0800ae2a   0x00000002   PAD
    0x0800ae2c   0x0800ae2c   0x00000020   Code   RO          572    i.lgw_soft_reset    loragw_reg.o
    0x0800ae4c   0x0800ae4c   0x00000004   Code   RO          649    i.lgw_spi_close     loragw_spi.o
    0x0800ae50   0x0800ae50   0x00000004   Code   RO          650    i.lgw_spi_open      loragw_spi.o
    0x0800ae54   0x0800ae54   0x00000098   Code   RO          651    i.lgw_spi_r         loragw_spi.o
    0x0800aeec   0x0800aeec   0x000000e4   Code   RO          652    i.lgw_spi_rb        loragw_spi.o
    0x0800afd0   0x0800afd0   0x00000080   Code   RO          653    i.lgw_spi_w         loragw_spi.o
    0x0800b050   0x0800b050   0x000000e4   Code   RO          654    i.lgw_spi_wb        loragw_spi.o
    0x0800b134   0x0800b134   0x00000df4   Code   RO          302    i.lgw_start         loragw_hal.o
    0x0800bf28   0x0800bf28   0x00000018   Code   RO          304    i.lgw_stop          loragw_hal.o
    0x0800bf40   0x0800bf40   0x00000018   Code   RO          488    i.lgw_sx127x_reg_r  loragw_radio.o
    0x0800bf58   0x0800bf58   0x00000018   Code   RO          489    i.lgw_sx127x_reg_w  loragw_radio.o
    0x0800bf70   0x0800bf70   0x000001f0   Code   RO          305    i.lgw_time_on_air   loragw_hal.o
    0x0800c160   0x0800c160   0x00000008   Code   RO          307    i.lgw_version_info  loragw_hal.o
    0x0800c168   0x0800c168   0x00000210   Code   RO          308    i.load_firmware     loragw_hal.o
    0x0800c378   0x0800c378   0x000000ac   Code   RO         1400    i.main              main.o
    0x0800c424   0x0800c424   0x00000028   Code   RO         1142    i.p2p_init          p2p.o
    0x0800c44c   0x0800c44c   0x00000020   Code   RO          573    i.page_switch       loragw_reg.o
    0x0800c46c   0x0800c46c   0x000009fc   Code   RO         5481    i.pow               m_ps.l(pow.o)
    0x0800ce68   0x0800ce68   0x000001b4   Code   RO         5428    i.radioDataDecode   gassensortest.o
    0x0800d01c   0x0800d01c   0x000000ec   Code   RO          574    i.reg_r_align32     loragw_reg.o
    0x0800d108   0x0800d108   0x000000f4   Code   RO          575    i.reg_w_align32     loragw_reg.o
    0x0800d1fc   0x0800d1fc   0x000000bc   Code   RO          490    i.reset_sx127x      loragw_radio.o
    0x0800d2b8   0x0800d2b8   0x0000021c   Code   RO          491    i.setup_sx1272_FSK  loragw_radio.o
    0x0800d4d4   0x0800d4d4   0x0000021c   Code   RO          492    i.setup_sx1276_FSK  loragw_radio.o
    0x0800d6f0   0x0800d6f0   0x00000048   Code   RO         5834    i.sqrt              m_ps.l(sqrt.o)
    0x0800d738   0x0800d738   0x000000fc   Code   RO          493    i.sx125x_read       loragw_radio.o
    0x0800d834   0x0800d834   0x000000f0   Code   RO          494    i.sx125x_write      loragw_radio.o
    0x0800d924   0x0800d924   0x00000144   Code   RO           13    i.usage             sx1301_rx_tx.o
    0x0800da68   0x0800da68   0x00000008   Code   RO          214    i.wait_ms           loragw_aux.o
    0x0800da70   0x0800da70   0x0000020a   Data   RO          250    .constdata          loragw_fpga.o
    0x0800dc7a   0x0800dc7a   0x000060a9   Data   RO          310    .constdata          loragw_hal.o
    0x08013d23   0x08013d23   0x0000002a   Data   RO          445    .constdata          loragw_lbt.o
    0x08013d4d   0x08013d4d   0x00000003   PAD
    0x08013d50   0x08013d50   0x00000116   Data   RO          495    .constdata          loragw_radio.o
    0x08013e66   0x08013e66   0x00000002   PAD
    0x08013e68   0x08013e68   0x00000f78   Data   RO          576    .constdata          loragw_reg.o
    0x08014de0   0x08014de0   0x000002da   Data   RO          732    .constdata          loragw_user.o
    0x080150ba   0x080150ba   0x0000012a   Data   RO          925    .constdata          protocol_analysis.o
    0x080151e4   0x080151e4   0x00000019   Data   RO         5311    .constdata          system_stm32l0xx.o
    0x080151fd   0x080151fd   0x00000008   Data   RO         5312    .constdata          system_stm32l0xx.o
    0x08015205   0x08015205   0x00000003   PAD
    0x08015208   0x08015208   0x00000088   Data   RO         5482    .constdata          m_ps.l(pow.o)
    0x08015290   0x08015290   0x00000008   Data   RO         5832    .constdata          m_ps.l(qnan.o)
    0x08015298   0x08015298   0x00000047   Data   RO           15    .conststring        sx1301_rx_tx.o
    0x080152df   0x080152df   0x00000001   PAD
    0x080152e0   0x080152e0   0x000000b5   Data   RO          251    .conststring        loragw_fpga.o
    0x08015395   0x08015395   0x00000003   PAD
    0x08015398   0x08015398   0x000005aa   Data   RO          311    .conststring        loragw_hal.o
    0x08015942   0x08015942   0x00000002   PAD
    0x08015944   0x08015944   0x00000049   Data   RO          446    .conststring        loragw_lbt.o
    0x0801598d   0x0801598d   0x00000003   PAD
    0x08015990   0x08015990   0x00000121   Data   RO          496    .conststring        loragw_radio.o
    0x08015ab1   0x08015ab1   0x00000003   PAD
    0x08015ab4   0x08015ab4   0x00000050   Data   RO         1027    .conststring        rf_rxtx_debug.o
    0x08015b04   0x08015b04   0x00000020   Data   RO         5884    Region$$Table       anon$$obj.o


    Execution Region RW_IRAM1 (Exec base: 0x20000000, Load base: 0x08015b24, Size: 0x00004880, Max: 0x00005000, ABSOLUTE, COMPRESSED[0x0000007c])

    Exec Addr    Load Addr    Size         Type   Attr      Idx    E Section Name        Object

    0x20000000   COMPRESSED   0x00000038   Data   RW           16    .data               sx1301_rx_tx.o
    0x20000038   COMPRESSED   0x00000001   Data   RW           18    .data               sx1301_rx_tx.o
    0x20000039   COMPRESSED   0x00000007   PAD
    0x20000040   COMPRESSED   0x000000b1   Data   RW          312    .data               loragw_hal.o
    0x200000f1   COMPRESSED   0x00000003   PAD
    0x200000f4   COMPRESSED   0x00000008   Data   RW          447    .data               loragw_lbt.o
    0x200000fc   COMPRESSED   0x0000000c   Data   RW          577    .data               loragw_reg.o
    0x20000108   COMPRESSED   0x00000009   Data   RW          735    .data               loragw_user.o
    0x20000111   COMPRESSED   0x00000001   Data   RW          843    .data               analysistool.o
    0x20000112   COMPRESSED   0x00000002   PAD
    0x20000114   COMPRESSED   0x0000000c   Data   RW          926    .data               protocol_analysis.o
    0x20000120   COMPRESSED   0x00000004   Data   RW          927    .data               protocol_analysis.o
    0x20000124   COMPRESSED   0x00000004   Data   RW          928    .data               protocol_analysis.o
    0x20000128   COMPRESSED   0x00000003   Data   RW         1087    .data               test_tool.o
    0x2000012b   COMPRESSED   0x00000001   PAD
    0x2000012c   COMPRESSED   0x00000012   Data   RW         1283    .data               ct_funtion.o
    0x2000013e   COMPRESSED   0x00000002   PAD
    0x20000140   COMPRESSED   0x00000010   Data   RW         1342    .data               configtool.o
    0x20000150   COMPRESSED   0x00000002   Data   RW         1401    .data               main.o
    0x20000152   COMPRESSED   0x00000002   PAD
    0x20000154   COMPRESSED   0x00000010   Data   RW         1634    .data               tim.o
    0x20000164   COMPRESSED   0x00000002   Data   RW         1689    .data               usart.o
    0x20000166   COMPRESSED   0x00000002   PAD
    0x20000168   COMPRESSED   0x00000004   Data   RW         3788    .data               stm32l0xx_hal.o
    0x2000016c   COMPRESSED   0x00000004   Data   RW         5313    .data               system_stm32l0xx.o
    0x20000170   COMPRESSED   0x00000004   Data   RW         5493    .data               mc_p.l(stderr.o)
    0x20000174   COMPRESSED   0x00000004   Data   RW         5855    .data               mc_p.l(stdout.o)
    0x20000178   COMPRESSED   0x00000004   Data   RW         5863    .data               mc_p.l(errno.o)
    0x2000017c   COMPRESSED   0x00000004   PAD
    0x20000180        -       0x00000608   Zero   RW           14    .bss                sx1301_rx_tx.o
    0x20000788        -       0x0000214b   Zero   RW          309    .bss                loragw_hal.o
    0x200028d3   COMPRESSED   0x00000001   PAD
    0x200028d4        -       0x00000040   Zero   RW          444    .bss                loragw_lbt.o
    0x20002914        -       0x00000574   Zero   RW          731    .bss                loragw_user.o
    0x20002e88        -       0x00000014   Zero   RW          923    .bss                protocol_analysis.o
    0x20002e9c   COMPRESSED   0x00000004   PAD
    0x20002ea0        -       0x00000174   Zero   RW          924    .bss                protocol_analysis.o
    0x20003014        -       0x00000108   Zero   RW         1143    .bss                p2p.o
    0x2000311c        -       0x00000478   Zero   RW         1341    .bss                configtool.o
    0x20003594        -       0x00000024   Zero   RW         1491    .bss                crc.o
    0x200035b8        -       0x00000024   Zero   RW         1550    .bss                rtc.o
    0x200035dc        -       0x00000058   Zero   RW         1594    .bss                spi.o
    0x20003634        -       0x0000003c   Zero   RW         1633    .bss                tim.o
    0x20003670        -       0x000005dc   Zero   RW         1688    .bss                usart.o
    0x20003c4c        -       0x00000230   Zero   RW         5430    .bss                gassensortest.o
    0x20003e7c   COMPRESSED   0x00000004   PAD
    0x20003e80        -       0x00000a00   Zero   RW            1    STACK               startup_stm32l071xx.o


==============================================================================

Image component sizes


      Code (inc. data)   RO Data    RW Data    ZI Data      Debug   Object Name

       264         50          0          1          0       1329   analysistool.o
      1230        168          0         16       1144       6394   configtool.o
        80         16          0          0         36       1387   crc.o
       410         30          0         18          0       4962   ct_funtion.o
        56          4          0          0          0        702   dma.o
       780        196          0          0        560       4612   gassensortest.o
       348         24          0          0          0       1916   gpio.o
         8          0          0          0          0        474   loragw_aux.o
      1040        618        703          0          0       5041   loragw_fpga.o
     10494       3878      26195        177       8523      22765   loragw_hal.o
      2696       1534        115          8         64       6375   loragw_lbt.o
      3112       1248        567          0          0      10494   loragw_radio.o
      2732       1430       3960         12          0      10035   loragw_reg.o
       888        220          0          0          0       7897   loragw_spi.o
      7842       1688        730          9       1396      19554   loragw_user.o
       306         38          0          2          0       2428   main.o
        40          4          0          0        264       1656   p2p.o
       368         96          0          0          0       3491   pc_seting.o
      4338        810        298         20        392      16896   protocol_analysis.o
       376        104         80          0          0        834   rf_rxtx_debug.o
       292        126          0          0         36       2005   rtc.o
       144        108          0          0          0        478   softwareversion.o
       152         18          0          0         88       1513   spi.o
        28          8        192          0       2560        608   startup_stm32l071xx.o
       144         20          0          4          0       3683   stm32l0xx_hal.o
       144         24          0          0          0      10605   stm32l0xx_hal_cortex.o
       124          6          0          0          0       1115   stm32l0xx_hal_crc.o
        80          0          0          0          0       1295   stm32l0xx_hal_crc_ex.o
       608         12          0          0          0       5433   stm32l0xx_hal_dma.o
       410         32          0          0          0       2951   stm32l0xx_hal_gpio.o
        24          4          0          0          0        418   stm32l0xx_hal_msp.o
      1616         88          0          0          0       5512   stm32l0xx_hal_rcc.o
       376         14          0          0          0       1440   stm32l0xx_hal_rcc_ex.o
       472          8          0          0          0       4716   stm32l0xx_hal_rtc.o
       196          0          0          0          0       1951   stm32l0xx_hal_rtc_ex.o
       830          0          0          0          0       4697   stm32l0xx_hal_spi.o
       808         14          0          0          0       9014   stm32l0xx_hal_tim.o
        60          0          0          0          0       1176   stm32l0xx_hal_tim_ex.o
      2122        104          0          0          0      14568   stm32l0xx_hal_uart.o
         2          0          0          0          0        964   stm32l0xx_hal_uart_ex.o
       116         30          0          0          0       4303   stm32l0xx_it.o
       324        266         71         57       1544     386479   sx1301_rx_tx.o
        84         18         33          4          0       1175   system_stm32l0xx.o
         0          0          0          3          0        348   test_tool.o
       280         28          0         16         60       2468   tim.o
       628         68          0          2       1500       7971   usart.o

    ----------------------------------------------------------------------
     47498      13152      32996        368      18176     606128   Object Totals
         0          0         32          0          0          0   (incl. Generated)
        26          0         20         19          9          0   (incl. Padding)

    ----------------------------------------------------------------------

      Code (inc. data)   RO Data    RW Data    ZI Data      Debug   Library Member Name

       200         20          0          0          0         76   ceil.o
        84         14          0          0          0        340   dunder.o
        44          4          0          0          0         60   fpclassify.o
       172          0          0          0          0         76   poly.o
      2556        196        136          0          0        240   pow.o
         0          0          8          0          0          0   qnan.o
        72          6          0          0          0         76   sqrt.o
        86          0          0          0          0          0   __dczerorl2.o
         0          0          0          0          0          0   entry.o
         0          0          0          0          0          0   entry10a.o
         0          0          0          0          0          0   entry11a.o
         8          4          0          0          0          0   entry2.o
         4          0          0          0          0          0   entry5.o
         0          0          0          0          0          0   entry7b.o
         0          0          0          0          0          0   entry8b.o
         8          4          0          0          0          0   entry9a.o
        12          6          0          4          0         60   errno.o
        30          0          0          0          0          0   handlers.o
        40          0          0          0          0         72   idiv.o
        36          8          0          0          0         68   init.o
         0          0          0          0          0          0   iusefp.o
        76          0          0          0          0         76   ldiv.o
        14          0          0          0          0         60   llabs.o
        32          0          0          0          0         68   llshl.o
        38          0          0          0          0         68   llsshr.o
        34          0          0          0          0         68   llushr.o
        36          0          0          0          0         60   memcpya.o
        36          0          0          0          0        100   memseta.o
      2396        110          0          0          0        772   printfa.o
         0          0          0          4          0          0   stderr.o
         0          0          0          4          0          0   stdout.o
        18          0          0          0          0         60   strcpy.o
        44          0          0          0          0         72   uidiv.o
        96          0          0          0          0         84   uldiv.o
        40          2          0          0          0         68   cdrcmple.o
        56          0          0          0          0         68   d2f.o
       356          4          0          0          0        140   dadd.o
       240          6          0          0          0         84   ddiv.o
       236          0          0          0          0        216   depilogue.o
        72         10          0          0          0         72   dfixi.o
        60         10          0          0          0         68   dfixui.o
        64         10          0          0          0         68   dfixul.o
        40          6          0          0          0         68   dflti.o
        28          4          0          0          0         68   dfltui.o
       208          6          0          0          0         88   dmul.o
        44          0          0          0          0         72   dscalb.o
       162          0          0          0          0         80   dsqrt.o
        40          0          0          0          0         60   f2d.o
       178          0          0          0          0        108   fadd.o
       130          0          0          0          0        144   fepilogue.o
        40          0          0          0          0         60   ffixui.o
        22          0          0          0          0         68   fflti.o
        14          0          0          0          0         68   ffltui.o
        24          0          0          0          0         60   fscalb.o

    ----------------------------------------------------------------------
      8230        430        144         12          4       4284   Library Totals
         4          0          0          0          4          0   (incl. Padding)

    ----------------------------------------------------------------------

      Code (inc. data)   RO Data    RW Data    ZI Data      Debug   Library Name

      3128        240        144          0          0        868   m_ps.l
      3044        132          0         12          0       1688   mc_p.l
      2054         58          0          0          0       1728   mf_p.l

    ----------------------------------------------------------------------
      8230        430        144         12          4       4284   Library Totals

    ----------------------------------------------------------------------

==============================================================================


      Code (inc. data)   RO Data    RW Data    ZI Data      Debug   

     55728      13582      33140        380      18180     599100   Grand Totals
     55728      13582      33140        124      18180     599100   ELF Image Totals (compressed)
     55728      13582      33140        124          0          0   ROM Totals

==============================================================================

    Total RO  Size (Code + RO Data)                88868 (  86.79kB)
    Total RW  Size (RW Data + ZI Data)             18560 (  18.13kB)
    Total ROM Size (Code + RO Data + RW Data)      88992 (  86.91kB)

==============================================================================

