<html>
<body>
<pre>
<h1>礦ision Build Log</h1>
<h2>Tool Versions:</h2>
IDE-Version: μVision V5.17.0.0
Copyright (C) 2015 ARM Ltd and ARM Germany GmbH. All rights reserved.
License Information: Gu cj, Microsoft, LIC=9WSBS-LUR6E-T3ZMI-T3M2N-JECBR-FWHXA
 
Tool Versions:
Toolchain:       MDK-ARM Standard  Version: 5.17
Toolchain Path:  D:\Software\Keil_v5\ARM\ARMCC\Bin
C Compiler:      Armcc.exe V5.06 update 1 (build 61)
Assembler:       Armasm.exe V5.06 update 1 (build 61)
Linker/Locator:  ArmLink.exe V5.06 update 1 (build 61)
Library Manager: ArmAr.exe V5.06 update 1 (build 61)
Hex Converter:   FromElf.exe V5.06 update 1 (build 61)
CPU DLL:         SARMCM3.DLL V5.17
Dialog DLL:      DARMCM1.DLL V1.12.0.0
Target DLL:      Segger\JL2CM3.dll V2.99.16.0
Dialog DLL:      TARMCM1.DLL V1.9.0.0
 
<h2>Project:</h2>
G:\工作\燃气检测软件\模拟网关软件\V1.0.0\MDK-ARM\GWTESTS1.uvprojx
Project File Date:  04/09/2020

<h2>Output:</h2>
*** Using Compiler 'V5.06 update 1 (build 61)', folder: 'D:\Software\Keil_v5\ARM\ARMCC\Bin'
Build target 'GWTESTS1'
compiling main.c...
..\AnalysisTool\AnalysisTool.h(11): warning:  #1-D: last line of file ends without a newline
  #endif 
..\ConfigTool\ConfigTool.h(10): warning:  #1-D: last line of file ends without a newline
  #endif
..\AnalysisTool\p2p.h(124): warning:  #1295-D: Deprecated declaration p2p_init - give arg types
  int p2p_init();
..\GasSensorTestTool\GasSensorTest.h(12): warning:  #1-D: last line of file ends without a newline
  #endif
../Src/main.c: 4 warnings, 0 errors
linking...
Program Size: Code=58876 RO-data=35192 RW-data=420 ZI-data=17620  
FromELF: creating hex file...
After Build - User command #1: D:\Software\Keil_v5\\ARM\ARMCC\bin\fromelf.exe --bin --output=Bin\GWTESTS1.bin GWTESTS1\GWTESTS1.axf
"GWTESTS1\GWTESTS1.axf" - 0 Error(s), 4 Warning(s).

<h2>Software Packages used:</h2>

Package Vendor: ARM
                http://www.keil.com/pack/ARM.CMSIS.4.5.0.pack
                ARM::CMSIS:CORE:4.3.0
                CMSIS (Cortex Microcontroller Software Interface Standard)
   * Component: CORE Version: 4.3.0

<h2>Collection of Component include folders:</h2>
  G:\工作\燃气检测软件\模拟网关软件\V1.0.0\MDK-ARM\RTE
  D:\Software\Keil_v5\ARM\PACK\ARM\CMSIS\4.5.0\CMSIS\Include
  D:\Software\Keil_v5\ARM\PACK\Keil\STM32L0xx_DFP\1.6.0\Device\Include

<h2>Collection of Component Files used:</h2>

   * Component: ARM::CMSIS:CORE:4.3.0
Build Time Elapsed:  00:00:02
</pre>
</body>
</html>
