<html>
<body>
<pre>
<h1>礦ision Build Log</h1>
<h2>Tool Versions:</h2>
IDE-Version: μVision V5.28.0.0
Copyright (C) 2019 ARM Ltd and ARM Germany GmbH. All rights reserved.
License Information: GU Microsoft, Microsoft, LIC=1WS45-GQ4DB-EXIUX-H8FDX-8PH1J-G6Z60
 
Tool Versions:
Toolchain:       MDK-ARM Professional  Version: 5.28.0.0
Toolchain Path:  D:\Useful\Keil for ARM V5.28\ARM\ARMCC\Bin
C Compiler:      Armcc.exe V5.06 update 6 (build 750)
Assembler:       Armasm.exe V5.06 update 6 (build 750)
Linker/Locator:  ArmLink.exe V5.06 update 6 (build 750)
Library Manager: ArmAr.exe V5.06 update 6 (build 750)
Hex Converter:   FromElf.exe V5.06 update 6 (build 750)
CPU DLL:         SARMCM3.DLL V5.28.0.0
Dialog DLL:      DARMCM1.DLL V1.19.2.0
Target DLL:      Segger\JL2CM3.dll V2.99.36.0
Dialog DLL:      TARMCM1.DLL V1.14.1.0
 
<h2>Project:</h2>
E:\工作\霍尼燃气检测\模拟网关\---\MDK-ARM\GWTESTS1.uvprojx
Project File Date:  04/26/2020

<h2>Output:</h2>
*** Using Compiler 'V5.06 update 6 (build 750)', folder: 'D:\Useful\Keil for ARM V5.28\ARM\ARMCC\Bin'
Build target 'GWTESTS1'
compiling GasSensorTest.c...
..\GasSensorTestTool\GasSensorTest.h(13): warning:  #1-D: last line of file ends without a newline
  #endif
..\GasSensorTestTool\GasSensorTest.c(29): warning:  #65-D: expected a ";"
  }DTU_INFO_TYPE;
..\GasSensorTestTool\GasSensorTest.c(182): warning:  #177-D: variable "testData"  was declared but never referenced
  	uint8_t testData[10]={0x00,0x01,0x02,0x03,0x04,0x05,0x06,0x07,0x08};
..\GasSensorTestTool\GasSensorTest.c(184): warning:  #177-D: variable "frameFaultFlag"  was declared but never referenced
  	uint8_t frameFaultFlag=0;
..\GasSensorTestTool\GasSensorTest.c(300): warning:  #1-D: last line of file ends without a newline
  	
..\GasSensorTestTool\GasSensorTest.c: 5 warnings, 0 errors
linking...
Program Size: Code=55728 RO-data=33140 RW-data=380 ZI-data=18180  
FromELF: creating hex file...
After Build - User command #1: D:\Useful\Keil for ARM V5.28\\ARM\ARMCC\bin\fromelf.exe --bin --output=Bin\GWTESTS1.bin GWTESTS1\GWTESTS1.axf
"GWTESTS1\GWTESTS1.axf" - 0 Error(s), 5 Warning(s).

<h2>Software Packages used:</h2>

Package Vendor: ARM
                http://www.keil.com/pack/ARM.CMSIS.5.5.1.pack
                ARM.CMSIS.5.5.1
                CMSIS (Cortex Microcontroller Software Interface Standard)
   * Component: CORE Version: 5.2.0

<h2>Collection of Component include folders:</h2>
  .\RTE\_GWTESTS1
  D:\Useful\Keil for ARM V5.28\ARM\CMSIS\5.5.1\CMSIS\Core\Include

<h2>Collection of Component Files used:</h2>

   * Component: ARM::CMSIS:CORE:5.2.0
Build Time Elapsed:  00:00:06
</pre>
</body>
</html>
