Component: ARM Compiler 5.06 update 1 (build 61) Tool: armlink [4d35a8]

==============================================================================

Section Cross References

    startup_stm32l071xx.o(RESET) refers to startup_stm32l071xx.o(STACK) for __initial_sp
    startup_stm32l071xx.o(RESET) refers to startup_stm32l071xx.o(.text) for Reset_Handler
    startup_stm32l071xx.o(RESET) refers to stm32l0xx_it.o(i.NMI_Handler) for NMI_Handler
    startup_stm32l071xx.o(RESET) refers to stm32l0xx_it.o(i.HardFault_Handler) for HardFault_Handler
    startup_stm32l071xx.o(RESET) refers to stm32l0xx_it.o(i.SVC_Handler) for SVC_Handler
    startup_stm32l071xx.o(RESET) refers to stm32l0xx_it.o(i.PendSV_Handler) for PendSV_Handler
    startup_stm32l071xx.o(RESET) refers to stm32l0xx_it.o(i.SysTick_Handler) for SysTick_Handler
    startup_stm32l071xx.o(RESET) refers to stm32l0xx_it.o(i.DMA1_Channel2_3_IRQHandler) for DMA1_Channel2_3_IRQHandler
    startup_stm32l071xx.o(RESET) refers to stm32l0xx_it.o(i.DMA1_Channel4_5_6_7_IRQHandler) for DMA1_Channel4_5_6_7_IRQHandler
    startup_stm32l071xx.o(RESET) refers to stm32l0xx_it.o(i.TIM2_IRQHandler) for TIM2_IRQHandler
    startup_stm32l071xx.o(RESET) refers to stm32l0xx_it.o(i.USART1_IRQHandler) for USART1_IRQHandler
    startup_stm32l071xx.o(RESET) refers to stm32l0xx_it.o(i.USART2_IRQHandler) for USART2_IRQHandler
    startup_stm32l071xx.o(.text) refers to system_stm32l0xx.o(i.SystemInit) for SystemInit
    startup_stm32l071xx.o(.text) refers to entry.o(.ARM.Collect$$$$00000000) for __main
    sx1301_rx_tx.o(i.Sx1301RadioToMcu) refers to dfixui.o(.text) for __aeabi_d2uiz
    sx1301_rx_tx.o(i.Sx1301RadioToMcu) refers to printfa.o(i.__0printf) for __2printf
    sx1301_rx_tx.o(i.Sx1301RadioToMcu) refers to loragw_hal.o(i.lgw_version_info) for lgw_version_info
    sx1301_rx_tx.o(i.Sx1301RadioToMcu) refers to loragw_hal.o(i.lgw_board_setconf) for lgw_board_setconf
    sx1301_rx_tx.o(i.Sx1301RadioToMcu) refers to memseta.o(.text) for __aeabi_memclr4
    sx1301_rx_tx.o(i.Sx1301RadioToMcu) refers to loragw_hal.o(i.lgw_rxrf_setconf) for lgw_rxrf_setconf
    sx1301_rx_tx.o(i.Sx1301RadioToMcu) refers to memcpya.o(.text) for __aeabi_memcpy4
    sx1301_rx_tx.o(i.Sx1301RadioToMcu) refers to loragw_hal.o(i.lgw_rxif_setconf) for lgw_rxif_setconf
    sx1301_rx_tx.o(i.Sx1301RadioToMcu) refers to strcpy.o(.text) for strcpy
    sx1301_rx_tx.o(i.Sx1301RadioToMcu) refers to loragw_hal.o(i.lgw_start) for lgw_start
    sx1301_rx_tx.o(i.Sx1301RadioToMcu) refers to sx1301_rx_tx.o(i.usage) for usage
    sx1301_rx_tx.o(i.Sx1301RadioToMcu) refers to loragw_hal.o(i.lgw_receive) for lgw_receive
    sx1301_rx_tx.o(i.Sx1301RadioToMcu) refers to loragw_aux.o(i.wait_ms) for wait_ms
    sx1301_rx_tx.o(i.Sx1301RadioToMcu) refers to sx1301_rx_tx.o(.data) for .data
    sx1301_rx_tx.o(i.Sx1301RadioToMcu) refers to sx1301_rx_tx.o(.bss) for .bss
    sx1301_rx_tx.o(i.Sx1301RadioToMcu) refers to loragw_hal.o(.bss) for fw_check
    sx1301_rx_tx.o(i.Sx1301RadioToMcu) refers to f2d.o(.text) for __aeabi_f2d
    sx1301_rx_tx.o(i.Sx1301RadioToMcu) refers to ffixui.o(.text) for __aeabi_f2uiz
    sx1301_rx_tx.o(i.Sx1301RadioToMcu) refers to usart.o(i.Usart2SendData_DMA) for Usart2SendData_DMA
    sx1301_rx_tx.o(i.Sx1301RadioToMcu) refers to loragw_hal.o(i.lgw_stop) for lgw_stop
    sx1301_rx_tx.o(i.usage) refers to loragw_hal.o(i.lgw_version_info) for lgw_version_info
    sx1301_rx_tx.o(i.usage) refers to printfa.o(i.__0printf) for __2printf
    sx1301_rx_tx.o(i.usage) refers to sx1301_rx_tx.o(.conststring) for .conststring
    util_tx_test.o(i.util_test_test) refers to memcpya.o(.text) for __aeabi_memcpy4
    util_tx_test.o(i.util_test_test) refers to dfixui.o(.text) for __aeabi_d2uiz
    util_tx_test.o(i.util_test_test) refers to strcmp.o(.text) for strcmp
    util_tx_test.o(i.util_test_test) refers to printfa.o(i.__0printf) for __2printf
    util_tx_test.o(i.util_test_test) refers to loragw_hal.o(i.lgw_board_setconf) for lgw_board_setconf
    util_tx_test.o(i.util_test_test) refers to memseta.o(.text) for __aeabi_memclr4
    util_tx_test.o(i.util_test_test) refers to loragw_hal.o(i.lgw_rxrf_setconf) for lgw_rxrf_setconf
    util_tx_test.o(i.util_test_test) refers to loragw_hal.o(i.lgw_txgain_setconf) for lgw_txgain_setconf
    util_tx_test.o(i.util_test_test) refers to loragw_hal.o(i.lgw_start) for lgw_start
    util_tx_test.o(i.util_test_test) refers to printfa.o(i.__0fprintf) for __2fprintf
    util_tx_test.o(i.util_test_test) refers to f2d.o(.text) for __aeabi_f2d
    util_tx_test.o(i.util_test_test) refers to dmul.o(.text) for __aeabi_dmul
    util_tx_test.o(i.util_test_test) refers to strcpy.o(.text) for strcpy
    util_tx_test.o(i.util_test_test) refers to loragw_hal.o(i.lgw_send) for lgw_send
    util_tx_test.o(i.util_test_test) refers to loragw_aux.o(i.wait_ms) for wait_ms
    util_tx_test.o(i.util_test_test) refers to loragw_hal.o(i.lgw_status) for lgw_status
[...]
    _printf_g                                0x00000000   Number         0  stubs.o ABSOLUTE
    _printf_i                                0x00000000   Number         0  stubs.o ABSOLUTE
    _printf_int_dec                          0x00000000   Number         0  stubs.o ABSOLUTE
    _printf_l                                0x00000000   Number         0  stubs.o ABSOLUTE
    _printf_lc                               0x00000000   Number         0  stubs.o ABSOLUTE
    _printf_ll                               0x00000000   Number         0  stubs.o ABSOLUTE
    _printf_lld                              0x00000000   Number         0  stubs.o ABSOLUTE
    _printf_lli                              0x00000000   Number         0  stubs.o ABSOLUTE
    _printf_llo                              0x00000000   Number         0  stubs.o ABSOLUTE
    _printf_llu                              0x00000000   Number         0  stubs.o ABSOLUTE
    _printf_llx                              0x00000000   Number         0  stubs.o ABSOLUTE
    _printf_longlong_dec                     0x00000000   Number         0  stubs.o ABSOLUTE
    _printf_longlong_hex                     0x00000000   Number         0  stubs.o ABSOLUTE
    _printf_longlong_oct                     0x00000000   Number         0  stubs.o ABSOLUTE
    _printf_ls                               0x00000000   Number         0  stubs.o ABSOLUTE
    _printf_mbtowc                           0x00000000   Number         0  stubs.o ABSOLUTE
    _printf_n                                0x00000000   Number         0  stubs.o ABSOLUTE
    _printf_o                                0x00000000   Number         0  stubs.o ABSOLUTE
    _printf_p                                0x00000000   Number         0  stubs.o ABSOLUTE
    _printf_percent                          0x00000000   Number         0  stubs.o ABSOLUTE
    _printf_pre_padding                      0x00000000   Number         0  stubs.o ABSOLUTE
    _printf_return_value                     0x00000000   Number         0  stubs.o ABSOLUTE
    _printf_s                                0x00000000   Number         0  stubs.o ABSOLUTE
    _printf_sizespec                         0x00000000   Number         0  stubs.o ABSOLUTE
    _printf_str                              0x00000000   Number         0  stubs.o ABSOLUTE
    _printf_truncate_signed                  0x00000000   Number         0  stubs.o ABSOLUTE
    _printf_truncate_unsigned                0x00000000   Number         0  stubs.o ABSOLUTE
    _printf_u                                0x00000000   Number         0  stubs.o ABSOLUTE
    _printf_wc                               0x00000000   Number         0  stubs.o ABSOLUTE
    _printf_wctomb                           0x00000000   Number         0  stubs.o ABSOLUTE
    _printf_widthprec                        0x00000000   Number         0  stubs.o ABSOLUTE
    _printf_x                                0x00000000   Number         0  stubs.o ABSOLUTE
    __cpp_initialize__aeabi_                  - Undefined Weak Reference
    __cxa_finalize                            - Undefined Weak Reference
    _clock_init                               - Undefined Weak Reference
    _microlib_exit                            - Undefined Weak Reference
    __Vectors_Size                           0x000000c0   Number         0  startup_stm32l071xx.o ABSOLUTE
    __Vectors                                0x08006000   Data           4  startup_stm32l071xx.o(RESET)
    __Vectors_End                            0x080060c0   Data           0  startup_stm32l071xx.o(RESET)
    __main                                   0x080060c1   Thumb Code     0  entry.o(.ARM.Collect$$$$00000000)
    _main_stk                                0x080060c1   Thumb Code     0  entry2.o(.ARM.Collect$$$$00000001)
    _main_scatterload                        0x080060c5   Thumb Code     0  entry5.o(.ARM.Collect$$$$00000004)
    __main_after_scatterload                 0x080060c9   Thumb Code     0  entry5.o(.ARM.Collect$$$$00000004)
    _main_clock                              0x080060c9   Thumb Code     0  entry7b.o(.ARM.Collect$$$$00000008)
    _main_cpp_init                           0x080060c9   Thumb Code     0  entry8b.o(.ARM.Collect$$$$0000000A)
    _main_init                               0x080060c9   Thumb Code     0  entry9a.o(.ARM.Collect$$$$0000000B)
    __rt_final_cpp                           0x080060d1   Thumb Code     0  entry10a.o(.ARM.Collect$$$$0000000D)
    __rt_final_exit                          0x080060d1   Thumb Code     0  entry11a.o(.ARM.Collect$$$$0000000F)
    Reset_Handler                            0x080060d5   Thumb Code     8  startup_stm32l071xx.o(.text)
    ADC1_COMP_IRQHandler                     0x080060e7   Thumb Code     0  startup_stm32l071xx.o(.text)
    DMA1_Channel1_IRQHandler                 0x080060e7   Thumb Code     0  startup_stm32l071xx.o(.text)
    EXTI0_1_IRQHandler                       0x080060e7   Thumb Code     0  startup_stm32l071xx.o(.text)
    EXTI2_3_IRQHandler                       0x080060e7   Thumb Code     0  startup_stm32l071xx.o(.text)
    EXTI4_15_IRQHandler                      0x080060e7   Thumb Code     0  startup_stm32l071xx.o(.text)
    FLASH_IRQHandler                         0x080060e7   Thumb Code     0  startup_stm32l071xx.o(.text)
    I2C1_IRQHandler                          0x080060e7   Thumb Code     0  startup_stm32l071xx.o(.text)
    I2C2_IRQHandler                          0x080060e7   Thumb Code     0  startup_stm32l071xx.o(.text)
    I2C3_IRQHandler                          0x080060e7   Thumb Code     0  startup_stm32l071xx.o(.text)
    LPTIM1_IRQHandler                        0x080060e7   Thumb Code     0  startup_stm32l071xx.o(.text)
    LPUART1_IRQHandler                       0x080060e7   Thumb Code     0  startup_stm32l071xx.o(.text)
    PVD_IRQHandler                           0x080060e7   Thumb Code     0  startup_stm32l071xx.o(.text)
    RCC_IRQHandler                           0x080060e7   Thumb Code     0  startup_stm32l071xx.o(.text)
    RTC_IRQHandler                           0x080060e7   Thumb Code     0  startup_stm32l071xx.o(.text)
    SPI1_IRQHandler                          0x080060e7   Thumb Code     0  startup_stm32l071xx.o(.text)
    SPI2_IRQHandler                          0x080060e7   Thumb Code     0  startup_stm32l071xx.o(.text)
    TIM21_IRQHandler                         0x080060e7   Thumb Code     0  startup_stm32l071xx.o(.text)
    TIM22_IRQHandler                         0x080060e7   Thumb Code     0  startup_stm32l071xx.o(.text)
    TIM3_IRQHandler                          0x080060e7   Thumb Code     0  startup_stm32l071xx.o(.text)
    TIM6_IRQHandler                          0x080060e7   Thumb Code     0  startup_stm32l071xx.o(.text)
    TIM7_IRQHandler                          0x080060e7   Thumb Code     0  startup_stm32l071xx.o(.text)
    USART4_5_IRQHandler                      0x080060e7   Thumb Code     0  startup_stm32l071xx.o(.text)
    WWDG_IRQHandler                          0x080060e7   Thumb Code     0  startup_stm32l071xx.o(.text)
    __aeabi_uidiv                            0x080060f1   Thumb Code     0  uidiv.o(.text)
    __aeabi_uidivmod                         0x080060f1   Thumb Code    44  uidiv.o(.text)
    __aeabi_idiv                             0x0800611d   Thumb Code     0  idiv.o(.text)
    __aeabi_idivmod                          0x0800611d   Thumb Code    40  idiv.o(.text)
    __aeabi_uldivmod                         0x08006145   Thumb Code    96  uldiv.o(.text)
    __aeabi_ldivmod                          0x080061a5   Thumb Code    76  ldiv.o(.text)
    __aeabi_llsl                             0x080061f1   Thumb Code    32  llshl.o(.text)
    _ll_shift_l                              0x080061f1   Thumb Code     0  llshl.o(.text)
    rand                                     0x08006211   Thumb Code    18  rand.o(.text)
    srand                                    0x08006223   Thumb Code     6  rand.o(.text)
    llabs                                    0x08006235   Thumb Code    14  llabs.o(.text)
    __aeabi_memcpy                           0x08006243   Thumb Code    36  memcpya.o(.text)
    __aeabi_memcpy4                          0x08006243   Thumb Code     0  memcpya.o(.text)
    __aeabi_memcpy8                          0x08006243   Thumb Code     0  memcpya.o(.text)
    __aeabi_memset                           0x08006267   Thumb Code    14  memseta.o(.text)
    __aeabi_memset4                          0x08006267   Thumb Code     0  memseta.o(.text)
    __aeabi_memset8                          0x08006267   Thumb Code     0  memseta.o(.text)
    __aeabi_memclr                           0x08006275   Thumb Code     4  memseta.o(.text)
    __aeabi_memclr4                          0x08006275   Thumb Code     0  memseta.o(.text)
    __aeabi_memclr8                          0x08006275   Thumb Code     0  memseta.o(.text)
    _memset$wrapper                          0x08006279   Thumb Code    18  memseta.o(.text)
    strcpy                                   0x0800628b   Thumb Code    18  strcpy.o(.text)
    __aeabi_fadd                             0x0800629d   Thumb Code   162  fadd.o(.text)
    __aeabi_fsub                             0x0800633f   Thumb Code     8  fadd.o(.text)
    __aeabi_frsub                            0x08006347   Thumb Code     8  fadd.o(.text)
    __ARM_scalbnf                            0x0800634f   Thumb Code    24  fscalb.o(.text)
    scalbnf                                  0x0800634f   Thumb Code     0  fscalb.o(.text)
    __aeabi_dadd                             0x08006369   Thumb Code   328  dadd.o(.text)
    __aeabi_dsub                             0x080064b1   Thumb Code    12  dadd.o(.text)
    __aeabi_drsub                            0x080064bd   Thumb Code    12  dadd.o(.text)
    __aeabi_dmul                             0x080064cd   Thumb Code   202  dmul.o(.text)
    __aeabi_ddiv                             0x0800659d   Thumb Code   234  ddiv.o(.text)
    __ARM_scalbn                             0x0800668d   Thumb Code    44  dscalb.o(.text)
    scalbn                                   0x0800668d   Thumb Code     0  dscalb.o(.text)
    __aeabi_i2f                              0x080066b9   Thumb Code    22  fflti.o(.text)
    __aeabi_ui2f                             0x080066cf   Thumb Code    14  ffltui.o(.text)
    __aeabi_i2d                              0x080066dd   Thumb Code    34  dflti.o(.text)
    __aeabi_ui2d                             0x08006705   Thumb Code    24  dfltui.o(.text)
    __aeabi_f2uiz                            0x08006721   Thumb Code    40  ffixui.o(.text)
    __aeabi_d2iz                             0x08006749   Thumb Code    62  dfixi.o(.text)
    __aeabi_d2uiz                            0x08006791   Thumb Code    50  dfixui.o(.text)
    __aeabi_f2d                              0x080067cd   Thumb Code    40  f2d.o(.text)
    __aeabi_d2f                              0x080067f5   Thumb Code    56  d2f.o(.text)
    __aeabi_llsr                             0x0800682d   Thumb Code    34  llushr.o(.text)
    _ll_ushift_r                             0x0800682d   Thumb Code     0  llushr.o(.text)
    __aeabi_lasr                             0x0800684f   Thumb Code    38  llsshr.o(.text)
    _ll_sshift_r                             0x0800684f   Thumb Code     0  llsshr.o(.text)
    __I$use$fp                               0x08006875   Thumb Code     0  iusefp.o(.text)
    _float_round                             0x08006875   Thumb Code    16  fepilogue.o(.text)
    _float_epilogue                          0x08006885   Thumb Code   114  fepilogue.o(.text)
    _double_round                            0x080068f7   Thumb Code    26  depilogue.o(.text)
    _double_epilogue                         0x08006911   Thumb Code   164  depilogue.o(.text)
    __aeabi_d2ulz                            0x080069b5   Thumb Code    54  dfixul.o(.text)
    __aeabi_cdrcmple                         0x080069f5   Thumb Code    38  cdrcmple.o(.text)
    __scatterload                            0x08006a1d   Thumb Code    28  init.o(.text)
    __scatterload_rt2                        0x08006a1d   Thumb Code     0  init.o(.text)
    _dsqrt                                   0x08006a41   Thumb Code   162  dsqrt.o(.text)
    __decompress                             0x08006ae3   Thumb Code     0  __dczerorl2.o(.text)
    __decompress1                            0x08006ae3   Thumb Code    86  __dczerorl2.o(.text)
    AnalysisLoRaWANData                      0x08006b39   Thumb Code  4098  loragw_user.o(i.AnalysisLoRaWANData)
    AnalysisTool_Run                         0x08007b85   Thumb Code   150  analysistool.o(i.AnalysisTool_Run)
    AnalysisTool_init                        0x08007c3d   Thumb Code    64  analysistool.o(i.AnalysisTool_init)
    CT_ACK_Pack                              0x08007c8d   Thumb Code    64  ct_funtion.o(i.CT_ACK_Pack)
    CT_Aes_Encrypt_Pack                      0x08007cd1   Thumb Code   220  p2p.o(i.CT_Aes_Encrypt_Pack)
    CT_Ans_Pack                              0x08007db5   Thumb Code   190  p2p.o(i.CT_Ans_Pack)
    CT_Command_AES_Decrypt                   0x08007e7d   Thumb Code   306  p2p.o(i.CT_Command_AES_Decrypt)
    CT_Command_Inspect                       0x08007fb5   Thumb Code   176  p2p.o(i.CT_Command_Inspect)
    CT_Command_Parsing                       0x0800807d   Thumb Code   150  p2p.o(i.CT_Command_Parsing)
    CT_Command_Split                         0x0800811d   Thumb Code   234  p2p.o(i.CT_Command_Split)
    CT_Data_Parsing                          0x0800820d   Thumb Code   176  p2p.o(i.CT_Data_Parsing)
    CT_Info_Para                             0x080082c1   Thumb Code    76  ct_funtion.o(i.CT_Info_Para)
    CT_Produck_Key                           0x08008311   Thumb Code    38  p2p.o(i.CT_Produck_Key)
    CT_Send_Command_Funtion                  0x08008339   Thumb Code    64  p2p.o(i.CT_Send_Command_Funtion)
    ChainParameterAnalysis                   0x08008381   Thumb Code   170  protocol_analysis.o(i.ChainParameterAnalysis)
    CheckDI                                  0x08008435   Thumb Code    76  protocol_analysis.o(i.CheckDI)
    CheckDataLen                             0x080084b5   Thumb Code    82  protocol_analysis.o(i.CheckDataLen)
    Clear_UART2_IT                           0x08008549   Thumb Code    46  usart.o(i.Clear_UART2_IT)
    Command_Inspect                          0x08008581   Thumb Code    38  ct_funtion.o(i.Command_Inspect)
    ConfigTool_Init                          0x080085a9   Thumb Code    38  configtool.o(i.ConfigTool_Init)
    ConfigTool_Run                           0x080085dd   Thumb Code   150  configtool.o(i.ConfigTool_Run)
    DEBUG_Printf                             0x080086a5   Thumb Code    32  usart.o(i.DEBUG_Printf)
    DMA1_Channel2_3_IRQHandler               0x080086c5   Thumb Code    10  stm32l0xx_it.o(i.DMA1_Channel2_3_IRQHandler)
    DMA1_Channel4_5_6_7_IRQHandler           0x080086d5   Thumb Code    16  stm32l0xx_it.o(i.DMA1_Channel4_5_6_7_IRQHandler)
    DataResolve_Upside                       0x08008719   Thumb Code   184  configtool.o(i.DataResolve_Upside)
    Deny                                     0x080087e1   Thumb Code    86  protocol_analysis.o(i.Deny)
    DispalyTabString                         0x08008839   Thumb Code   588  loragw_user.o(i.DispalyTabString)
    Error_Handler                            0x08008b05   Thumb Code     2  main.o(i.Error_Handler)
    FactoryDebugMode_Run                     0x08008b07   Thumb Code     2  gassensortest.o(i.FactoryDebugMode_Run)
    FactoryTestMode_Run                      0x08008b09   Thumb Code    16  gassensortest.o(i.FactoryTestMode_Run)
    FrameCheck                               0x08008b31   Thumb Code   338  protocol_analysis.o(i.FrameCheck)
    GW_Command_Split                         0x08008e79   Thumb Code    72  ct_funtion.o(i.GW_Command_Split)
    HAL_CRCEx_Polynomial_Set                 0x08008ec5   Thumb Code    80  stm32l0xx_hal_crc_ex.o(i.HAL_CRCEx_Polynomial_Set)
    HAL_CRC_Init                             0x08008f15   Thumb Code   118  stm32l0xx_hal_crc.o(i.HAL_CRC_Init)
    HAL_CRC_MspInit                          0x08008f91   Thumb Code    28  crc.o(i.HAL_CRC_MspInit)
    HAL_DMA_Abort                            0x08008fb5   Thumb Code    68  stm32l0xx_hal_dma.o(i.HAL_DMA_Abort)
    HAL_DMA_Abort_IT                         0x08008ff9   Thumb Code    76  stm32l0xx_hal_dma.o(i.HAL_DMA_Abort_IT)
    HAL_DMA_GetError                         0x08009045   Thumb Code     4  stm32l0xx_hal_dma.o(i.HAL_DMA_GetError)
    HAL_DMA_IRQHandler                       0x08009049   Thumb Code   168  stm32l0xx_hal_dma.o(i.HAL_DMA_IRQHandler)
    HAL_DMA_Init                             0x080090f1   Thumb Code   132  stm32l0xx_hal_dma.o(i.HAL_DMA_Init)
    HAL_DMA_Start_IT                         0x08009181   Thumb Code   104  stm32l0xx_hal_dma.o(i.HAL_DMA_Start_IT)
    HAL_Delay                                0x080091e9   Thumb Code    28  stm32l0xx_hal.o(i.HAL_Delay)
    HAL_GPIO_Init                            0x08009205   Thumb Code   356  stm32l0xx_hal_gpio.o(i.HAL_GPIO_Init)
    HAL_GPIO_ReadPin                         0x08009389   Thumb Code    10  stm32l0xx_hal_gpio.o(i.HAL_GPIO_ReadPin)
    HAL_GPIO_WritePin                        0x08009393   Thumb Code    12  stm32l0xx_hal_gpio.o(i.HAL_GPIO_WritePin)
    HAL_GetTick                              0x080093a1   Thumb Code     6  stm32l0xx_hal.o(i.HAL_GetTick)
    HAL_IncTick                              0x080093ad   Thumb Code    10  stm32l0xx_hal.o(i.HAL_IncTick)
    HAL_Init                                 0x080093bd   Thumb Code    36  stm32l0xx_hal.o(i.HAL_Init)
    HAL_InitTick                             0x080093e5   Thumb Code    44  stm32l0xx_hal.o(i.HAL_InitTick)
    HAL_MspInit                              0x08009415   Thumb Code    20  stm32l0xx_hal_msp.o(i.HAL_MspInit)
    HAL_NVIC_EnableIRQ                       0x0800942d   Thumb Code    14  stm32l0xx_hal_cortex.o(i.HAL_NVIC_EnableIRQ)
    HAL_NVIC_SetPriority                     0x08009441   Thumb Code     8  stm32l0xx_hal_cortex.o(i.HAL_NVIC_SetPriority)
    HAL_RCCEx_PeriphCLKConfig                0x08009449   Thumb Code   362  stm32l0xx_hal_rcc_ex.o(i.HAL_RCCEx_PeriphCLKConfig)
    HAL_RCC_ClockConfig                      0x080095c1   Thumb Code   344  stm32l0xx_hal_rcc.o(i.HAL_RCC_ClockConfig)
    HAL_RCC_GetPCLK1Freq                     0x0800972d   Thumb Code    20  stm32l0xx_hal_rcc.o(i.HAL_RCC_GetPCLK1Freq)
    HAL_RCC_GetPCLK2Freq                     0x0800974d   Thumb Code    20  stm32l0xx_hal_rcc.o(i.HAL_RCC_GetPCLK2Freq)
    HAL_RCC_GetSysClockFreq                  0x0800976d   Thumb Code   100  stm32l0xx_hal_rcc.o(i.HAL_RCC_GetSysClockFreq)
    HAL_RCC_OscConfig                        0x080097e5   Thumb Code  1068  stm32l0xx_hal_rcc.o(i.HAL_RCC_OscConfig)
    HAL_RTCEx_SetWakeUpTimer                 0x08009c11   Thumb Code   196  stm32l0xx_hal_rtc_ex.o(i.HAL_RTCEx_SetWakeUpTimer)
    HAL_RTC_GetDate                          0x08009cd5   Thumb Code    68  stm32l0xx_hal_rtc.o(i.HAL_RTC_GetDate)
    HAL_RTC_GetTime                          0x08009d19   Thumb Code    88  stm32l0xx_hal_rtc.o(i.HAL_RTC_GetTime)
    HAL_RTC_Init                             0x08009d75   Thumb Code   184  stm32l0xx_hal_rtc.o(i.HAL_RTC_Init)
    HAL_RTC_MspInit                          0x08009e31   Thumb Code    22  rtc.o(i.HAL_RTC_MspInit)
    HAL_RTC_WaitForSynchro                   0x08009e51   Thumb Code    52  stm32l0xx_hal_rtc.o(i.HAL_RTC_WaitForSynchro)
    HAL_SPI_Init                             0x08009e85   Thumb Code   128  stm32l0xx_hal_spi.o(i.HAL_SPI_Init)
    HAL_SPI_MspInit                          0x08009f05   Thumb Code    78  spi.o(i.HAL_SPI_MspInit)
    HAL_SPI_TransmitReceive                  0x08009f5d   Thumb Code   496  stm32l0xx_hal_spi.o(i.HAL_SPI_TransmitReceive)
    HAL_SYSTICK_Config                       0x0800a14d   Thumb Code    38  stm32l0xx_hal_cortex.o(i.HAL_SYSTICK_Config)
    HAL_TIMEx_MasterConfigSynchronization    0x0800a17d   Thumb Code    60  stm32l0xx_hal_tim_ex.o(i.HAL_TIMEx_MasterConfigSynchronization)
    HAL_TIM_Base_Init                        0x0800a1b9   Thumb Code    52  stm32l0xx_hal_tim.o(i.HAL_TIM_Base_Init)
    HAL_TIM_Base_MspInit                     0x0800a1ed   Thumb Code    56  tim.o(i.HAL_TIM_Base_MspInit)
    HAL_TIM_Base_Start_IT                    0x0800a22d   Thumb Code    32  stm32l0xx_hal_tim.o(i.HAL_TIM_Base_Start_IT)
    HAL_TIM_ConfigClockSource                0x0800a24d   Thumb Code   208  stm32l0xx_hal_tim.o(i.HAL_TIM_ConfigClockSource)
    HAL_TIM_IC_CaptureCallback               0x0800a31d   Thumb Code     2  stm32l0xx_hal_tim.o(i.HAL_TIM_IC_CaptureCallback)
    HAL_TIM_IRQHandler                       0x0800a31f   Thumb Code   294  stm32l0xx_hal_tim.o(i.HAL_TIM_IRQHandler)
    HAL_TIM_OC_DelayElapsedCallback          0x0800a445   Thumb Code     2  stm32l0xx_hal_tim.o(i.HAL_TIM_OC_DelayElapsedCallback)
    HAL_TIM_PWM_PulseFinishedCallback        0x0800a447   Thumb Code     2  stm32l0xx_hal_tim.o(i.HAL_TIM_PWM_PulseFinishedCallback)
    HAL_TIM_PeriodElapsedCallback            0x0800a449   Thumb Code    96  tim.o(i.HAL_TIM_PeriodElapsedCallback)
    HAL_TIM_TriggerCallback                  0x0800a4b9   Thumb Code     2  stm32l0xx_hal_tim.o(i.HAL_TIM_TriggerCallback)
    HAL_UARTEx_WakeupCallback                0x0800a4bb   Thumb Code     2  stm32l0xx_hal_uart_ex.o(i.HAL_UARTEx_WakeupCallback)
    HAL_UART_DMAStop                         0x0800a4bd   Thumb Code   122  stm32l0xx_hal_uart.o(i.HAL_UART_DMAStop)
    HAL_UART_ErrorCallback                   0x0800a537   Thumb Code     2  stm32l0xx_hal_uart.o(i.HAL_UART_ErrorCallback)
    HAL_UART_IRQHandler                      0x0800a539   Thumb Code   310  stm32l0xx_hal_uart.o(i.HAL_UART_IRQHandler)
    HAL_UART_Init                            0x0800a675   Thumb Code   106  stm32l0xx_hal_uart.o(i.HAL_UART_Init)
    HAL_UART_MspInit                         0x0800a6e1   Thumb Code   296  usart.o(i.HAL_UART_MspInit)
    HAL_UART_Receive_DMA                     0x0800a81d   Thumb Code   170  stm32l0xx_hal_uart.o(i.HAL_UART_Receive_DMA)
    HAL_UART_RxCpltCallback                  0x0800a8d5   Thumb Code     2  stm32l0xx_hal_uart.o(i.HAL_UART_RxCpltCallback)
    HAL_UART_RxHalfCpltCallback              0x0800a8d7   Thumb Code     2  stm32l0xx_hal_uart.o(i.HAL_UART_RxHalfCpltCallback)
    HAL_UART_Transmit                        0x0800a8d9   Thumb Code   206  stm32l0xx_hal_uart.o(i.HAL_UART_Transmit)
    HAL_UART_TxCpltCallback                  0x0800a9a7   Thumb Code     2  stm32l0xx_hal_uart.o(i.HAL_UART_TxCpltCallback)
    HardFault_Handler                        0x0800a9a9   Thumb Code     2  stm32l0xx_it.o(i.HardFault_Handler)
    LED_ALLSet                               0x0800a9ad   Thumb Code    72  gpio.o(i.LED_ALLSet)
    LoRaDefaultSendParaAnalysis              0x0800a9f9   Thumb Code   258  protocol_analysis.o(i.LoRaDefaultSendParaAnalysis)
    LoRaSend                                 0x0800ab0d   Thumb Code    54  configtool.o(i.LoRaSend)
    LoRaSendParaAnalysis                     0x0800ab45   Thumb Code   310  protocol_analysis.o(i.LoRaSendParaAnalysis)
    MCUSendData                              0x0800ac8d   Thumb Code    18  protocol_analysis.o(i.MCUSendData)
    MX_CRC_Init                              0x0800aca5   Thumb Code    36  crc.o(i.MX_CRC_Init)
    MX_DMA_Init                              0x0800acd1   Thumb Code    52  dma.o(i.MX_DMA_Init)
    MX_GPIO_Init                             0x0800ad09   Thumb Code   228  gpio.o(i.MX_GPIO_Init)
    MX_RTC_Init                              0x0800adfd   Thumb Code    60  rtc.o(i.MX_RTC_Init)
    MX_SPI1_Init                             0x0800ae41   Thumb Code    56  spi.o(i.MX_SPI1_Init)
    MX_TIM2_Init                             0x0800ae81   Thumb Code   100  tim.o(i.MX_TIM2_Init)
    MX_USART2_UART_Init                      0x0800aee9   Thumb Code    48  usart.o(i.MX_USART2_UART_Init)
    ModeChoice                               0x0800af21   Thumb Code    70  main.o(i.ModeChoice)
    NMI_Handler                              0x0800af6d   Thumb Code     2  stm32l0xx_it.o(i.NMI_Handler)
    PC_SetingAnalysis                        0x0800afb5   Thumb Code   100  pc_seting.o(i.PC_SetingAnalysis)
    PC_SetingLegality                        0x0800b035   Thumb Code    60  pc_seting.o(i.PC_SetingLegality)
    PC_SetingSetingEUI                       0x0800b091   Thumb Code    48  pc_seting.o(i.PC_SetingSetingEUI)
    PM_CS_check                              0x0800b0e5   Thumb Code    64  pc_seting.o(i.PM_CS_check)
    PendSV_Handler                           0x0800b125   Thumb Code     2  stm32l0xx_it.o(i.PendSV_Handler)
    ProtocolAnalysis                         0x0800b127   Thumb Code   160  protocol_analysis.o(i.ProtocolAnalysis)
    RF_RadioTestAns                          0x0800b1c9   Thumb Code    78  p2p.o(i.RF_RadioTestAns)
    RF_RadioTestReq_Parsing                  0x0800b235   Thumb Code    48  p2p.o(i.RF_RadioTestReq_Parsing)
    RTC_Bcd2ToByte                           0x0800b281   Thumb Code    16  stm32l0xx_hal_rtc.o(i.RTC_Bcd2ToByte)
    RTC_EnterInitMode                        0x0800b291   Thumb Code    56  stm32l0xx_hal_rtc.o(i.RTC_EnterInitMode)
    RTC_TimeShow                             0x0800b2c9   Thumb Code    84  rtc.o(i.RTC_TimeShow)
    Rec_LoRa                                 0x0800b389   Thumb Code    12  configtool.o(i.Rec_LoRa)
    SPI1_ReadWriteByte                       0x0800b399   Thumb Code    22  loragw_spi.o(i.SPI1_ReadWriteByte)
    SVC_Handler                              0x0800b483   Thumb Code     2  stm32l0xx_it.o(i.SVC_Handler)
    SX1301ParameterQuery                     0x0800b485   Thumb Code   770  protocol_analysis.o(i.SX1301ParameterQuery)
    SX1301ParameterSet                       0x0800b79d   Thumb Code   668  protocol_analysis.o(i.SX1301ParameterSet)
    SX1301RXData                             0x0800ba59   Thumb Code   648  loragw_user.o(i.SX1301RXData)
    SX1301RXDataQueryPin                     0x0800bde5   Thumb Code    10  loragw_user.o(i.SX1301RXDataQueryPin)
    SX1301RxTxDebug                          0x0800bdf1   Thumb Code   272  rf_rxtx_debug.o(i.SX1301RxTxDebug)
    SX1301SendParameterAnalysis              0x0800bf69   Thumb Code   302  protocol_analysis.o(i.SX1301SendParameterAnalysis)
    SX1301Start                              0x0800c0a1   Thumb Code   778  loragw_user.o(i.SX1301Start)
    SX1301TXData                             0x0800c669   Thumb Code   148  loragw_user.o(i.SX1301TXData)
    SX1301_Enable                            0x0800c71d   Thumb Code    24  gpio.o(i.SX1301_Enable)
    Send_PC_Pack                             0x0800c739   Thumb Code   130  ct_funtion.o(i.Send_PC_Pack)
    SoftwareVersionShow                      0x0800c7cd   Thumb Code    36  softwareversion.o(i.SoftwareVersionShow)
    Sx1301Power                              0x0800c85d   Thumb Code    58  loragw_user.o(i.Sx1301Power)
    Sx1301Reset                              0x0800c8a1   Thumb Code    38  loragw_spi.o(i.Sx1301Reset)
    Sx1301SpiInit                            0x0800c8cd   Thumb Code    62  loragw_spi.o(i.Sx1301SpiInit)
    SysTick_Handler                          0x0800c915   Thumb Code     8  stm32l0xx_it.o(i.SysTick_Handler)
    SystemClock_Config                       0x0800c91d   Thumb Code   126  main.o(i.SystemClock_Config)
    SystemInit                               0x0800c9a1   Thumb Code    66  system_stm32l0xx.o(i.SystemInit)
    SystemParamterRecovery                   0x0800c9f9   Thumb Code    18  protocol_analysis.o(i.SystemParamterRecovery)
    TIM2_IRQHandler                          0x0800ca11   Thumb Code    10  stm32l0xx_it.o(i.TIM2_IRQHandler)
    TestResetReq_Parsing                     0x0800caf9   Thumb Code   112  p2p.o(i.TestResetReq_Parsing)
    UART2_SendByte                           0x0800cb71   Thumb Code    12  usart.o(i.UART2_SendByte)
    UART_AdvFeatureConfig                    0x0800cb81   Thumb Code   202  stm32l0xx_hal_uart.o(i.UART_AdvFeatureConfig)
    UART_CheckIdleState                      0x0800cc4d   Thumb Code    90  stm32l0xx_hal_uart.o(i.UART_CheckIdleState)
    UART_SetConfig                           0x0800cd81   Thumb Code   518  stm32l0xx_hal_uart.o(i.UART_SetConfig)
    UART_WaitOnFlagUntilTimeout              0x0800cfbd   Thumb Code    98  stm32l0xx_hal_uart.o(i.UART_WaitOnFlagUntilTimeout)
    USART1_IRQHandler                        0x0800d021   Thumb Code    10  stm32l0xx_it.o(i.USART1_IRQHandler)
    USART2_IRQHandler                        0x0800d031   Thumb Code    24  stm32l0xx_it.o(i.USART2_IRQHandler)
    USART2_SendString                        0x0800d04d   Thumb Code    22  usart.o(i.USART2_SendString)
    Usart2Receive_IDLE                       0x0800d069   Thumb Code    54  usart.o(i.Usart2Receive_IDLE)
    Usart2SendData                           0x0800d0a9   Thumb Code    24  usart.o(i.Usart2SendData)
    UserSendParaToUserVar                    0x0800d0c1   Thumb Code    20  protocol_analysis.o(i.UserSendParaToUserVar)
    UserVarToSX1301Var                       0x0800d0d5   Thumb Code   302  protocol_analysis.o(i.UserVarToSX1301Var)
    User_SX1301_Start                        0x0800d211   Thumb Code   362  configtool.o(i.User_SX1301_Start)
    WaiteTimeDisplay                         0x0800d3b5   Thumb Code    42  loragw_user.o(i.WaiteTimeDisplay)
    __0fprintf                               0x0800d3e9   Thumb Code    24  printfa.o(i.__0fprintf)
    __1fprintf                               0x0800d3e9   Thumb Code     0  printfa.o(i.__0fprintf)
    __2fprintf                               0x0800d3e9   Thumb Code     0  printfa.o(i.__0fprintf)
    __c89fprintf                             0x0800d3e9   Thumb Code     0  printfa.o(i.__0fprintf)
    fprintf                                  0x0800d3e9   Thumb Code     0  printfa.o(i.__0fprintf)
    __0printf                                0x0800d405   Thumb Code    24  printfa.o(i.__0printf)
    __1printf                                0x0800d405   Thumb Code     0  printfa.o(i.__0printf)
    __2printf                                0x0800d405   Thumb Code     0  printfa.o(i.__0printf)
    __c89printf                              0x0800d405   Thumb Code     0  printfa.o(i.__0printf)
    printf                                   0x0800d405   Thumb Code     0  printfa.o(i.__0printf)
    __0sprintf                               0x0800d425   Thumb Code    36  printfa.o(i.__0sprintf)
    __1sprintf                               0x0800d425   Thumb Code     0  printfa.o(i.__0sprintf)
    __2sprintf                               0x0800d425   Thumb Code     0  printfa.o(i.__0sprintf)
    __c89sprintf                             0x0800d425   Thumb Code     0  printfa.o(i.__0sprintf)
    sprintf                                  0x0800d425   Thumb Code     0  printfa.o(i.__0sprintf)
    __0vsnprintf                             0x0800d44d   Thumb Code    32  printfa.o(i.__0vsnprintf)
    __1vsnprintf                             0x0800d44d   Thumb Code     0  printfa.o(i.__0vsnprintf)
    __2vsnprintf                             0x0800d44d   Thumb Code     0  printfa.o(i.__0vsnprintf)
    __c89vsnprintf                           0x0800d44d   Thumb Code     0  printfa.o(i.__0vsnprintf)
    vsnprintf                                0x0800d44d   Thumb Code     0  printfa.o(i.__0vsnprintf)
    __ARM_clz                                0x0800d471   Thumb Code    46  depilogue.o(i.__ARM_clz)
    __ARM_common_switch8                     0x0800d49f   Thumb Code    26  loragw_hal.o(i.__ARM_common_switch8)
    __ARM_fpclassify                         0x0800d4b9   Thumb Code    40  fpclassify.o(i.__ARM_fpclassify)
    __kernel_poly                            0x0800d4e5   Thumb Code   172  poly.o(i.__kernel_poly)
    __mathlib_dbl_divzero                    0x0800d591   Thumb Code    16  dunder.o(i.__mathlib_dbl_divzero)
    __mathlib_dbl_infnan2                    0x0800d5a5   Thumb Code     8  dunder.o(i.__mathlib_dbl_infnan2)
    __mathlib_dbl_invalid                    0x0800d5ad   Thumb Code    16  dunder.o(i.__mathlib_dbl_invalid)
    __mathlib_dbl_overflow                   0x0800d5bd   Thumb Code    16  dunder.o(i.__mathlib_dbl_overflow)
    __mathlib_dbl_underflow                  0x0800d5d1   Thumb Code    14  dunder.o(i.__mathlib_dbl_underflow)
    __scatterload_copy                       0x0800d5e5   Thumb Code    14  handlers.o(i.__scatterload_copy)
    __scatterload_null                       0x0800d5f3   Thumb Code     2  handlers.o(i.__scatterload_null)
    __scatterload_zeroinit                   0x0800d5f5   Thumb Code    14  handlers.o(i.__scatterload_zeroinit)
    __set_errno                              0x0800d605   Thumb Code     6  errno.o(i.__set_errno)
    aes_decrypt                              0x0800dec9   Thumb Code    82  aes.o(i.aes_decrypt)
    aes_encrypt                              0x0800df1b   Thumb Code    84  aes.o(i.aes_encrypt)
    aes_set_key                              0x0800df71   Thumb Code   248  aes.o(i.aes_set_key)
    ceil                                     0x0800e06d   Thumb Code   180  ceil.o(i.ceil)
    check_fpga_version                       0x0800e135   Thumb Code    24  loragw_reg.o(i.check_fpga_version)
    data_forUp                               0x0800e219   Thumb Code   270  configtool.o(i.data_forUp)
    fputc                                    0x0800e339   Thumb Code    26  usart.o(i.fputc)
    is_equal_freq                            0x0800e645   Thumb Code    32  loragw_lbt.o(i.is_equal_freq)
    lbt_is_channel_free                      0x0800e669   Thumb Code   676  loragw_lbt.o(i.lbt_is_channel_free)
    lbt_is_enabled                           0x0800ec35   Thumb Code     6  loragw_lbt.o(i.lbt_is_enabled)
    lbt_setup                                0x0800ec41   Thumb Code   420  loragw_lbt.o(i.lbt_setup)
    lbt_start                                0x0800f08d   Thumb Code    28  loragw_lbt.o(i.lbt_start)
    lgw_abort_tx                             0x0800f0cd   Thumb Code    22  loragw_hal.o(i.lgw_abort_tx)
    lgw_board_setconf                        0x0800f0e5   Thumb Code    56  loragw_hal.o(i.lgw_board_setconf)
    lgw_bw_getval                            0x0800f171   Thumb Code    52  loragw_hal.o(i.lgw_bw_getval)
    lgw_connect                              0x0800f1c1   Thumb Code   280  loragw_reg.o(i.lgw_connect)
    lgw_constant_adjust                      0x0800f4b1   Thumb Code   338  loragw_hal.o(i.lgw_constant_adjust)
    lgw_disconnect                           0x0800f61d   Thumb Code    44  loragw_reg.o(i.lgw_disconnect)
    lgw_fpga_configure                       0x0800f6b1   Thumb Code   260  loragw_fpga.o(i.lgw_fpga_configure)
    lgw_fpga_reg_r                           0x0800f8f9   Thumb Code    80  loragw_fpga.o(i.lgw_fpga_reg_r)
    lgw_fpga_reg_w                           0x0800f9d9   Thumb Code    82  loragw_fpga.o(i.lgw_fpga_reg_w)
    lgw_get_trigcnt                          0x0800fac1   Thumb Code    32  loragw_hal.o(i.lgw_get_trigcnt)
    lgw_receive                              0x0800fae1   Thumb Code  1458  loragw_hal.o(i.lgw_receive)
    lgw_reg_r                                0x080100a9   Thumb Code   122  loragw_reg.o(i.lgw_reg_r)
    lgw_reg_rb                               0x080101b9   Thumb Code   128  loragw_reg.o(i.lgw_reg_rb)
    lgw_reg_w                                0x080102f5   Thumb Code   144  loragw_reg.o(i.lgw_reg_w)
    lgw_reg_wb                               0x08010419   Thumb Code   142  loragw_reg.o(i.lgw_reg_wb)
    lgw_rxif_setconf                         0x08010595   Thumb Code   600  loragw_hal.o(i.lgw_rxif_setconf)
    lgw_rxrf_setconf                         0x08010a4d   Thumb Code   186  loragw_hal.o(i.lgw_rxrf_setconf)
    lgw_send                                 0x08010b71   Thumb Code  1982  loragw_hal.o(i.lgw_send)
    lgw_setup_sx125x                         0x080113e5   Thumb Code   410  loragw_radio.o(i.lgw_setup_sx125x)
    lgw_setup_sx127x                         0x080116fd   Thumb Code   218  loragw_radio.o(i.lgw_setup_sx127x)
    lgw_sf_getval                            0x080118fd   Thumb Code    58  loragw_hal.o(i.lgw_sf_getval)
    lgw_soft_reset                           0x08011939   Thumb Code    26  loragw_reg.o(i.lgw_soft_reset)
    lgw_spi_close                            0x08011959   Thumb Code     4  loragw_spi.o(i.lgw_spi_close)
    lgw_spi_open                             0x0801195d   Thumb Code     4  loragw_spi.o(i.lgw_spi_open)
    lgw_spi_r                                0x08011961   Thumb Code   116  loragw_spi.o(i.lgw_spi_r)
    lgw_spi_rb                               0x080119f9   Thumb Code   164  loragw_spi.o(i.lgw_spi_rb)
    lgw_spi_w                                0x08011add   Thumb Code    96  loragw_spi.o(i.lgw_spi_w)
    lgw_spi_wb                               0x08011b5d   Thumb Code   162  loragw_spi.o(i.lgw_spi_wb)
    lgw_start                                0x08011c41   Thumb Code  3458  loragw_hal.o(i.lgw_start)
    lgw_stop                                 0x08012a35   Thumb Code    18  loragw_hal.o(i.lgw_stop)
    lgw_sx127x_reg_r                         0x08012a4d   Thumb Code    20  loragw_radio.o(i.lgw_sx127x_reg_r)
    lgw_sx127x_reg_w                         0x08012a65   Thumb Code    20  loragw_radio.o(i.lgw_sx127x_reg_w)
    lgw_time_on_air                          0x08012a7d   Thumb Code   398  loragw_hal.o(i.lgw_time_on_air)
    lgw_version_info                         0x08012c6d   Thumb Code     4  loragw_hal.o(i.lgw_version_info)
    load_firmware                            0x08012c75   Thumb Code   226  loragw_hal.o(i.load_firmware)
    main                                     0x08012e85   Thumb Code   136  main.o(i.main)
    p2p_init                                 0x08013139   Thumb Code    36  p2p.o(i.p2p_init)
    page_switch                              0x08013161   Thumb Code    28  loragw_reg.o(i.page_switch)
    pow                                      0x08013181   Thumb Code  2548  pow.o(i.pow)
    reg_r_align32                            0x08013b7d   Thumb Code   178  loragw_reg.o(i.reg_r_align32)
    reg_w_align32                            0x08013c69   Thumb Code   186  loragw_reg.o(i.reg_w_align32)
    reset_sx127x                             0x08013d5d   Thumb Code    86  loragw_radio.o(i.reset_sx127x)
    setup_sx1272_FSK                         0x08013e19   Thumb Code   434  loragw_radio.o(i.setup_sx1272_FSK)
    setup_sx1276_FSK                         0x08014035   Thumb Code   434  loragw_radio.o(i.setup_sx1276_FSK)
    sqrt                                     0x080142b9   Thumb Code    66  sqrt.o(i.sqrt)
    sx125x_read                              0x08014301   Thumb Code   128  loragw_radio.o(i.sx125x_read)
    sx125x_write                             0x080143fd   Thumb Code   114  loragw_radio.o(i.sx125x_write)
    usage                                    0x080144ed   Thumb Code    58  sx1301_rx_tx.o(i.usage)
    wait_ms                                  0x08014631   Thumb Code     8  loragw_aux.o(i.wait_ms)
    fpga_regs                                0x080146bc   Data         456  loragw_fpga.o(.constdata)
    ifmod_config                             0x080148c6   Data          10  loragw_hal.o(.constdata)
    lgw_version_string                       0x080148d0   Data          16  loragw_hal.o(.constdata)
    sx127x_FskBandwidths                     0x0801a9a0   Data         168  loragw_radio.o(.constdata)
    FPGA_VERSION                             0x0801aab4   Data           2  loragw_reg.o(.constdata)
    loregs                                   0x0801aab8   Data        3912  loragw_reg.o(.constdata)
    Distab                                   0x0801ba2c   Data         240  loragw_user.o(.constdata)
    LoRaWANJoinUpLinkDistab                  0x0801bb1c   Data         120  loragw_user.o(.constdata)
    LoRaWANJoinDownLinkDistab                0x0801bb94   Data         168  loragw_user.o(.constdata)
    LoRaWANUpLinkDataDistab                  0x0801bc3c   Data         192  loragw_user.o(.constdata)
    CTab                                     0x0801bd06   Data           3  protocol_analysis.o(.constdata)
    SetupDIDatalenTab                        0x0801bd0a   Data         138  protocol_analysis.o(.constdata)
    QueryDIDatalenTab                        0x0801bd94   Data         126  protocol_analysis.o(.constdata)
    SendDIDatalenTab                         0x0801be12   Data          30  protocol_analysis.o(.constdata)
    AHBPrescTable                            0x0801be30   Data          16  system_stm32l0xx.o(.constdata)
    PLLMulTable                              0x0801be40   Data           9  system_stm32l0xx.o(.constdata)
    APBPrescTable                            0x0801be49   Data           8  system_stm32l0xx.o(.constdata)
    __mathlib_zero                           0x0801c6e0   Data           8  qnan.o(.constdata)
    Region$$Table$$Base                      0x0801cf54   Number         0  anon$$obj.o(Region$$Table)
    Region$$Table$$Limit                     0x0801cf74   Number         0  anon$$obj.o(Region$$Table)
    radio_type                               0x20000000   Data           1  sx1301_rx_tx.o(.data)
    clocksource                              0x20000001   Data           1  sx1301_rx_tx.o(.data)
    boardconf                                0x20000002   Data           2  sx1301_rx_tx.o(.data)
    fa                                       0x2000000c   Data           4  sx1301_rx_tx.o(.data)
    fb                                       0x20000010   Data           4  sx1301_rx_tx.o(.data)
    ft                                       0x20000014   Data           4  sx1301_rx_tx.o(.data)
    loop_cnt                                 0x20000018   Data           4  sx1301_rx_tx.o(.data)
    xi                                       0x2000001c   Data           4  sx1301_rx_tx.o(.data)
    p                                        0x20000020   Data           4  sx1301_rx_tx.o(.data)
    i                                        0x20000024   Data           4  sx1301_rx_tx.o(.data)
    j                                        0x20000028   Data           4  sx1301_rx_tx.o(.data)
    nb_pkt                                   0x2000002c   Data           4  sx1301_rx_tx.o(.data)
    xd                                       0x20000030   Data           8  sx1301_rx_tx.o(.data)
    status_var                               0x20000038   Data           1  sx1301_rx_tx.o(.data)
    lgw_spi_mux_mode                         0x200000fc   Data           1  loragw_reg.o(.data)
    lgw_spi_target                           0x20000100   Data           4  loragw_reg.o(.data)
    LastRxdataTimestamp                      0x20000108   Data           4  loragw_user.o(.data)
    SX1301Status                             0x2000010c   Data           5  loragw_user.o(.data)
    AT_ConnectUpper                          0x20000111   Data           1  analysistool.o(.data)
    rfAp                                     0x20000114   Data           4  protocol_analysis.o(.data)
    rfBp                                     0x20000118   Data           4  protocol_analysis.o(.data)
    prxifms                                  0x2000011c   Data           4  protocol_analysis.o(.data)
    pMCUTXData                               0x20000120   Data           4  protocol_analysis.o(.data)
    pFrame                                   0x20000124   Data           4  protocol_analysis.o(.data)
    TestToolFinish                           0x20000128   Data           1  test_tool.o(.data)
    TestToolMod                              0x20000129   Data           1  test_tool.o(.data)
    KeyValue                                 0x2000012a   Data           1  test_tool.o(.data)
    CT_Send_MSGTYPE                          0x2000012e   Data           1  p2p.o(.data)
    CT_Send_CTRLTYPE                         0x2000012f   Data           1  p2p.o(.data)
    Send_FCNT                                0x20000130   Data           2  p2p.o(.data)
    Rec_FCNT                                 0x20000132   Data           2  p2p.o(.data)
    TestDownFcnt                             0x20000134   Data           4  p2p.o(.data)
    LastRSSI                                 0x20000138   Data           4  p2p.o(.data)
    LastSNR                                  0x2000013c   Data           4  p2p.o(.data)
    Radio_Eui                                0x20000140   Data           8  p2p.o(.data)
    SEND_RFU                                 0x20000150   Data           1  ct_funtion.o(.data)
    SEND_RAND                                0x20000151   Data           1  ct_funtion.o(.data)
    FCNT                                     0x20000152   Data           2  ct_funtion.o(.data)
    CT_EUI                                   0x2000015a   Data           8  ct_funtion.o(.data)
    Start_UP                                 0x20000164   Data           1  configtool.o(.data)
    send_len                                 0x20000165   Data           1  configtool.o(.data)
    CT_ConnectUpper                          0x20000166   Data           1  configtool.o(.data)
    ConfPara                                 0x20000168   Data          12  configtool.o(.data)
    SystemRunState                           0x20000174   Data           2  main.o(.data)
    Usart2Info                               0x20000188   Data           2  usart.o(.data)
    uwTick                                   0x2000018c   Data           4  stm32l0xx_hal.o(.data)
    SystemCoreClock                          0x20000190   Data           4  system_stm32l0xx.o(.data)
    __stderr                                 0x20000194   Data           4  stderr.o(.data)
    __stdout                                 0x2000019c   Data           4  stdout.o(.data)
    rfconf                                   0x200001a8   Data          20  sx1301_rx_tx.o(.bss)
    ifconf                                   0x200001c0   Data          32  sx1301_rx_tx.o(.bss)
    rxpkt                                    0x200001e0   Data        1200  sx1301_rx_tx.o(.bss)
    txpkt                                    0x20000690   Data         288  sx1301_rx_tx.o(.bss)
    buff                                     0x200007ec   Data         271  loragw_hal.o(.bss)
    fw_check                                 0x200008fb   Data        8192  loragw_hal.o(.bss)
    RFRXData                                 0x2000293c   Data        1024  loragw_user.o(.bss)
    LoRaWANData                              0x20002d3c   Data         338  loragw_user.o(.bss)
    SystemParameter                          0x20002e90   Data          32  loragw_user.o(.bss)
    Frame                                    0x20002eb0   Data          20  protocol_analysis.o(.bss)
    rfconfA                                  0x20002ec8   Data          20  protocol_analysis.o(.bss)
    rfconfB                                  0x20002edc   Data          20  protocol_analysis.o(.bss)
    ifconfm                                  0x20002ef0   Data         256  protocol_analysis.o(.bss)
    TXPktUserFull                            0x20002ff0   Data          32  protocol_analysis.o(.bss)
    TXPktUserDefault                         0x20003010   Data          32  protocol_analysis.o(.bss)
    MCUTXData                                0x20003030   Data          12  protocol_analysis.o(.bss)
    AesContext                               0x2000303c   Data         241  p2p.o(.bss)
    p2p_param                                0x20003130   Data          20  p2p.o(.bss)
    send_command                             0x20003144   Data         256  configtool.o(.bss)
    hcrc                                     0x200035bc   Data          36  crc.o(.bss)
    hrtc                                     0x200035e0   Data          36  rtc.o(.bss)
    hspi1                                    0x20003604   Data          88  spi.o(.bss)
    htim2                                    0x2000365c   Data          60  tim.o(.bss)
    Usart2_RX                                0x20003698   Data        1028  usart.o(.bss)
    huart1                                   0x20003a9c   Data         128  usart.o(.bss)
    huart2                                   0x20003b1c   Data         128  usart.o(.bss)
    hdma_usart1_rx                           0x20003b9c   Data          72  usart.o(.bss)
    hdma_usart2_rx                           0x20003be4   Data          72  usart.o(.bss)
    hdma_usart2_tx                           0x20003c2c   Data          72  usart.o(.bss)
    __initial_sp                             0x20004678   Data           0  startup_stm32l071xx.o(STACK)



==============================================================================

Memory Map of the image

  Image Entry point : 0x080060c1

  Load Region LR_IROM1 (Base: 0x08006000, Size: 0x00017118, Max: 0x0001a000, ABSOLUTE, COMPRESSED[0x00016ffc])

    Execution Region ER_IROM1 (Base: 0x08006000, Size: 0x00016f74, Max: 0x0001a000, ABSOLUTE)

    Base Addr    Size         Type   Attr      Idx    E Section Name        Object

    0x08006000   0x000000c0   Data   RO            3    RESET               startup_stm32l071xx.o
    0x080060c0   0x00000000   Code   RO         5462  * .ARM.Collect$$$$00000000  mc_p.l(entry.o)
    0x080060c0   0x00000004   Code   RO         5813    .ARM.Collect$$$$00000001  mc_p.l(entry2.o)
    0x080060c4   0x00000004   Code   RO         5816    .ARM.Collect$$$$00000004  mc_p.l(entry5.o)
    0x080060c8   0x00000000   Code   RO         5818    .ARM.Collect$$$$00000008  mc_p.l(entry7b.o)
    0x080060c8   0x00000000   Code   RO         5820    .ARM.Collect$$$$0000000A  mc_p.l(entry8b.o)
    0x080060c8   0x00000008   Code   RO         5821    .ARM.Collect$$$$0000000B  mc_p.l(entry9a.o)
    0x080060d0   0x00000000   Code   RO         5823    .ARM.Collect$$$$0000000D  mc_p.l(entry10a.o)
    0x080060d0   0x00000000   Code   RO         5825    .ARM.Collect$$$$0000000F  mc_p.l(entry11a.o)
    0x080060d0   0x00000004   Code   RO         5814    .ARM.Collect$$$$00002712  mc_p.l(entry2.o)
    0x080060d4   0x0000001c   Code   RO            4    .text               startup_stm32l071xx.o
    0x080060f0   0x0000002c   Code   RO         5466    .text               mc_p.l(uidiv.o)
    0x0800611c   0x00000028   Code   RO         5468    .text               mc_p.l(idiv.o)
    0x08006144   0x00000060   Code   RO         5470    .text               mc_p.l(uldiv.o)
    0x080061a4   0x0000004c   Code   RO         5472    .text               mc_p.l(ldiv.o)
    0x080061f0   0x00000020   Code   RO         5474    .text               mc_p.l(llshl.o)
    0x08006210   0x00000024   Code   RO         5476    .text               mc_p.l(rand.o)
    0x08006234   0x0000000e   Code   RO         5479    .text               mc_p.l(llabs.o)
    0x08006242   0x00000024   Code   RO         5483    .text               mc_p.l(memcpya.o)
    0x08006266   0x00000024   Code   RO         5485    .text               mc_p.l(memseta.o)
    0x0800628a   0x00000012   Code   RO         5489    .text               mc_p.l(strcpy.o)
    0x0800629c   0x000000b2   Code   RO         5756    .text               mf_p.l(fadd.o)
    0x0800634e   0x00000018   Code   RO         5758    .text               mf_p.l(fscalb.o)
    0x08006366   0x00000002   PAD
    0x08006368   0x00000164   Code   RO         5760    .text               mf_p.l(dadd.o)
    0x080064cc   0x000000d0   Code   RO         5762    .text               mf_p.l(dmul.o)
    0x0800659c   0x000000f0   Code   RO         5764    .text               mf_p.l(ddiv.o)
    0x0800668c   0x0000002c   Code   RO         5766    .text               mf_p.l(dscalb.o)
    0x080066b8   0x00000016   Code   RO         5768    .text               mf_p.l(fflti.o)
    0x080066ce   0x0000000e   Code   RO         5770    .text               mf_p.l(ffltui.o)
    0x080066dc   0x00000028   Code   RO         5772    .text               mf_p.l(dflti.o)
    0x08006704   0x0000001c   Code   RO         5774    .text               mf_p.l(dfltui.o)
    0x08006720   0x00000028   Code   RO         5776    .text               mf_p.l(ffixui.o)
    0x08006748   0x00000048   Code   RO         5778    .text               mf_p.l(dfixi.o)
    0x08006790   0x0000003c   Code   RO         5780    .text               mf_p.l(dfixui.o)
    0x080067cc   0x00000028   Code   RO         5782    .text               mf_p.l(f2d.o)
    0x080067f4   0x00000038   Code   RO         5784    .text               mf_p.l(d2f.o)
    0x0800682c   0x00000022   Code   RO         5828    .text               mc_p.l(llushr.o)
    0x0800684e   0x00000026   Code   RO         5830    .text               mc_p.l(llsshr.o)
    0x08006874   0x00000000   Code   RO         5839    .text               mc_p.l(iusefp.o)
    0x08006874   0x00000082   Code   RO         5840    .text               mf_p.l(fepilogue.o)
    0x080068f6   0x000000be   Code   RO         5842    .text               mf_p.l(depilogue.o)
    0x080069b4   0x00000040   Code   RO         5846    .text               mf_p.l(dfixul.o)
    0x080069f4   0x00000028   Code   RO         5848    .text               mf_p.l(cdrcmple.o)
    0x08006a1c   0x00000024   Code   RO         5850    .text               mc_p.l(init.o)
    0x08006a40   0x000000a2   Code   RO         5852    .text               mf_p.l(dsqrt.o)
    0x08006ae2   0x00000056   Code   RO         5864    .text               mc_p.l(__dczerorl2.o)
    0x08006b38   0x0000104c   Code   RO          720    i.AnalysisLoRaWANData  loragw_user.o
    0x08007b84   0x000000b8   Code   RO          841    i.AnalysisTool_Run  analysistool.o
    0x08007c3c   0x00000050   Code   RO          842    i.AnalysisTool_init  analysistool.o
    0x08007c8c   0x00000044   Code   RO         1277    i.CT_ACK_Pack       ct_funtion.o
    0x08007cd0   0x000000e4   Code   RO         1129    i.CT_Aes_Encrypt_Pack  p2p.o
    0x08007db4   0x000000c8   Code   RO         1130    i.CT_Ans_Pack       p2p.o
    0x08007e7c   0x00000138   Code   RO         1131    i.CT_Command_AES_Decrypt  p2p.o
    0x08007fb4   0x000000c8   Code   RO         1132    i.CT_Command_Inspect  p2p.o
    0x0800807c   0x000000a0   Code   RO         1133    i.CT_Command_Parsing  p2p.o
    0x0800811c   0x000000f0   Code   RO         1134    i.CT_Command_Split  p2p.o
    0x0800820c   0x000000b4   Code   RO         1135    i.CT_Data_Parsing   p2p.o
    0x080082c0   0x00000050   Code   RO         1278    i.CT_Info_Para      ct_funtion.o
    0x08008310   0x00000026   Code   RO         1136    i.CT_Produck_Key    p2p.o
    0x08008336   0x00000002   PAD
    0x08008338   0x00000048   Code   RO         1137    i.CT_Send_Command_Funtion  p2p.o
    0x08008380   0x000000b4   Code   RO          907    i.ChainParameterAnalysis  protocol_analysis.o
    0x08008434   0x00000080   Code   RO          908    i.CheckDI           protocol_analysis.o
    0x080084b4   0x00000094   Code   RO          909    i.CheckDataLen      protocol_analysis.o
    0x08008548   0x00000038   Code   RO         1675    i.Clear_UART2_IT    usart.o
    0x08008580   0x00000026   Code   RO         1280    i.Command_Inspect   ct_funtion.o
    0x080085a6   0x00000002   PAD
    0x080085a8   0x00000034   Code   RO         1334    i.ConfigTool_Init   configtool.o
    0x080085dc   0x000000c8   Code   RO         1335    i.ConfigTool_Run    configtool.o
    0x080086a4   0x00000020   Code   RO         1676    i.DEBUG_Printf      usart.o
    0x080086c4   0x00000010   Code   RO         1780    i.DMA1_Channel2_3_IRQHandler  stm32l0xx_it.o
    0x080086d4   0x00000018   Code   RO         1781    i.DMA1_Channel4_5_6_7_IRQHandler  stm32l0xx_it.o
    0x080086ec   0x0000002c   Code   RO         4934    i.DMA_SetConfig     stm32l0xx_hal_dma.o
    0x08008718   0x000000c8   Code   RO         1336    i.DataResolve_Upside  configtool.o
    0x080087e0   0x00000056   Code   RO          910    i.Deny              protocol_analysis.o
    0x08008836   0x00000002   PAD
    0x08008838   0x000002cc   Code   RO          721    i.DispalyTabString  loragw_user.o
    0x08008b04   0x00000002   Code   RO         1397    i.Error_Handler     main.o
    0x08008b06   0x00000002   Code   RO         5424    i.FactoryDebugMode_Run  gassensortest.o
    0x08008b08   0x00000028   Code   RO         5425    i.FactoryTestMode_Run  gassensortest.o
    0x08008b30   0x00000348   Code   RO          911    i.FrameCheck        protocol_analysis.o
    0x08008e78   0x0000004c   Code   RO         1281    i.GW_Command_Split  ct_funtion.o
    0x08008ec4   0x00000050   Code   RO         1946    i.HAL_CRCEx_Polynomial_Set  stm32l0xx_hal_crc_ex.o
    0x08008f14   0x0000007c   Code   RO         1884    i.HAL_CRC_Init      stm32l0xx_hal_crc.o
    0x08008f90   0x00000024   Code   RO         1489    i.HAL_CRC_MspInit   crc.o
    0x08008fb4   0x00000044   Code   RO         4935    i.HAL_DMA_Abort     stm32l0xx_hal_dma.o
    0x08008ff8   0x0000004c   Code   RO         4936    i.HAL_DMA_Abort_IT  stm32l0xx_hal_dma.o
    0x08009044   0x00000004   Code   RO         4938    i.HAL_DMA_GetError  stm32l0xx_hal_dma.o
    0x08009048   0x000000a8   Code   RO         4940    i.HAL_DMA_IRQHandler  stm32l0xx_hal_dma.o
    0x080090f0   0x00000090   Code   RO         4941    i.HAL_DMA_Init      stm32l0xx_hal_dma.o
    0x08009180   0x00000068   Code   RO         4945    i.HAL_DMA_Start_IT  stm32l0xx_hal_dma.o
    0x080091e8   0x0000001c   Code   RO         3769    i.HAL_Delay         stm32l0xx_hal.o
    0x08009204   0x00000184   Code   RO         4875    i.HAL_GPIO_Init     stm32l0xx_hal_gpio.o
    0x08009388   0x0000000a   Code   RO         4877    i.HAL_GPIO_ReadPin  stm32l0xx_hal_gpio.o
    0x08009392   0x0000000c   Code   RO         4879    i.HAL_GPIO_WritePin  stm32l0xx_hal_gpio.o
    0x0800939e   0x00000002   PAD
    0x080093a0   0x0000000c   Code   RO         3773    i.HAL_GetTick       stm32l0xx_hal.o
    0x080093ac   0x00000010   Code   RO         3777    i.HAL_IncTick       stm32l0xx_hal.o
    0x080093bc   0x00000028   Code   RO         3778    i.HAL_Init          stm32l0xx_hal.o
    0x080093e4   0x00000030   Code   RO         3779    i.HAL_InitTick      stm32l0xx_hal.o
    0x08009414   0x00000018   Code   RO         1858    i.HAL_MspInit       stm32l0xx_hal_msp.o
    0x0800942c   0x00000014   Code   RO         5202    i.HAL_NVIC_EnableIRQ  stm32l0xx_hal_cortex.o
    0x08009440   0x00000008   Code   RO         5206    i.HAL_NVIC_SetPriority  stm32l0xx_hal_cortex.o
    0x08009448   0x00000178   Code   RO         4550    i.HAL_RCCEx_PeriphCLKConfig  stm32l0xx_hal_rcc_ex.o
    0x080095c0   0x0000016c   Code   RO         4452    i.HAL_RCC_ClockConfig  stm32l0xx_hal_rcc.o
    0x0800972c   0x00000020   Code   RO         4458    i.HAL_RCC_GetPCLK1Freq  stm32l0xx_hal_rcc.o
    0x0800974c   0x00000020   Code   RO         4459    i.HAL_RCC_GetPCLK2Freq  stm32l0xx_hal_rcc.o
    0x0800976c   0x00000078   Code   RO         4460    i.HAL_RCC_GetSysClockFreq  stm32l0xx_hal_rcc.o
    0x080097e4   0x0000042c   Code   RO         4463    i.HAL_RCC_OscConfig  stm32l0xx_hal_rcc.o
    0x08009c10   0x000000c4   Code   RO         2135    i.HAL_RTCEx_SetWakeUpTimer  stm32l0xx_hal_rtc_ex.o
    0x08009cd4   0x00000044   Code   RO         1981    i.HAL_RTC_GetDate   stm32l0xx_hal_rtc.o
    0x08009d18   0x0000005c   Code   RO         1983    i.HAL_RTC_GetTime   stm32l0xx_hal_rtc.o
    0x08009d74   0x000000bc   Code   RO         1984    i.HAL_RTC_Init      stm32l0xx_hal_rtc.o
    0x08009e30   0x00000020   Code   RO         1547    i.HAL_RTC_MspInit   rtc.o
    0x08009e50   0x00000034   Code   RO         1992    i.HAL_RTC_WaitForSynchro  stm32l0xx_hal_rtc.o
    0x08009e84   0x00000080   Code   RO         2344    i.HAL_SPI_Init      stm32l0xx_hal_spi.o
    0x08009f04   0x00000058   Code   RO         1592    i.HAL_SPI_MspInit   spi.o
    0x08009f5c   0x000001f0   Code   RO         2353    i.HAL_SPI_TransmitReceive  stm32l0xx_hal_spi.o
    0x0800a14c   0x00000030   Code   RO         5210    i.HAL_SYSTICK_Config  stm32l0xx_hal_cortex.o
    0x0800a17c   0x0000003c   Code   RO         3320    i.HAL_TIMEx_MasterConfigSynchronization  stm32l0xx_hal_tim_ex.o
    0x0800a1b8   0x00000034   Code   RO         2653    i.HAL_TIM_Base_Init  stm32l0xx_hal_tim.o
    0x0800a1ec   0x00000040   Code   RO         1630    i.HAL_TIM_Base_MspInit  tim.o
    0x0800a22c   0x00000020   Code   RO         2658    i.HAL_TIM_Base_Start_IT  stm32l0xx_hal_tim.o
    0x0800a24c   0x000000d0   Code   RO         2662    i.HAL_TIM_ConfigClockSource  stm32l0xx_hal_tim.o
    0x0800a31c   0x00000002   Code   RO         2682    i.HAL_TIM_IC_CaptureCallback  stm32l0xx_hal_tim.o
    0x0800a31e   0x00000126   Code   RO         2696    i.HAL_TIM_IRQHandler  stm32l0xx_hal_tim.o
    0x0800a444   0x00000002   Code   RO         2699    i.HAL_TIM_OC_DelayElapsedCallback  stm32l0xx_hal_tim.o
    0x0800a446   0x00000002   Code   RO         2726    i.HAL_TIM_PWM_PulseFinishedCallback  stm32l0xx_hal_tim.o
    0x0800a448   0x00000070   Code   RO         1631    i.HAL_TIM_PeriodElapsedCallback  tim.o
    0x0800a4b8   0x00000002   Code   RO         2739    i.HAL_TIM_TriggerCallback  stm32l0xx_hal_tim.o
    0x0800a4ba   0x00000002   Code   RO         3705    i.HAL_UARTEx_WakeupCallback  stm32l0xx_hal_uart_ex.o
    0x0800a4bc   0x0000007a   Code   RO         3366    i.HAL_UART_DMAStop  stm32l0xx_hal_uart.o
    0x0800a536   0x00000002   Code   RO         3368    i.HAL_UART_ErrorCallback  stm32l0xx_hal_uart.o
    0x0800a538   0x0000013c   Code   RO         3371    i.HAL_UART_IRQHandler  stm32l0xx_hal_uart.o
    0x0800a674   0x0000006a   Code   RO         3372    i.HAL_UART_Init     stm32l0xx_hal_uart.o
    0x0800a6de   0x00000002   PAD
    0x0800a6e0   0x0000013c   Code   RO         1678    i.HAL_UART_MspInit  usart.o
    0x0800a81c   0x000000b8   Code   RO         3376    i.HAL_UART_Receive_DMA  stm32l0xx_hal_uart.o
    0x0800a8d4   0x00000002   Code   RO         3378    i.HAL_UART_RxCpltCallback  stm32l0xx_hal_uart.o
    0x0800a8d6   0x00000002   Code   RO         3379    i.HAL_UART_RxHalfCpltCallback  stm32l0xx_hal_uart.o
    0x0800a8d8   0x000000ce   Code   RO         3380    i.HAL_UART_Transmit  stm32l0xx_hal_uart.o
    0x0800a9a6   0x00000002   Code   RO         3383    i.HAL_UART_TxCpltCallback  stm32l0xx_hal_uart.o
    0x0800a9a8   0x00000002   Code   RO         1782    i.HardFault_Handler  stm32l0xx_it.o
    0x0800a9aa   0x00000002   PAD
    0x0800a9ac   0x0000004c   Code   RO         1456    i.LED_ALLSet        gpio.o
    0x0800a9f8   0x00000114   Code   RO          912    i.LoRaDefaultSendParaAnalysis  protocol_analysis.o
    0x0800ab0c   0x00000036   Code   RO         1337    i.LoRaSend          configtool.o
    0x0800ab42   0x00000002   PAD
    0x0800ab44   0x00000148   Code   RO          913    i.LoRaSendParaAnalysis  protocol_analysis.o
    0x0800ac8c   0x00000018   Code   RO          914    i.MCUSendData       protocol_analysis.o
    0x0800aca4   0x0000002c   Code   RO         1490    i.MX_CRC_Init       crc.o
    0x0800acd0   0x00000038   Code   RO         1526    i.MX_DMA_Init       dma.o
    0x0800ad08   0x000000f4   Code   RO         1457    i.MX_GPIO_Init      gpio.o
    0x0800adfc   0x00000044   Code   RO         1548    i.MX_RTC_Init       rtc.o
    0x0800ae40   0x00000040   Code   RO         1593    i.MX_SPI1_Init      spi.o
    0x0800ae80   0x00000068   Code   RO         1632    i.MX_TIM2_Init      tim.o
    0x0800aee8   0x00000038   Code   RO         1680    i.MX_USART2_UART_Init  usart.o
    0x0800af20   0x0000004c   Code   RO         1398    i.ModeChoice        main.o
    0x0800af6c   0x00000002   Code   RO         1783    i.NMI_Handler       stm32l0xx_it.o
    0x0800af6e   0x00000002   PAD
    0x0800af70   0x00000044   Code   RO         5212    i.NVIC_SetPriority  stm32l0xx_hal_cortex.o
    0x0800afb4   0x00000080   Code   RO         1232    i.PC_SetingAnalysis  pc_seting.o
    0x0800b034   0x0000005c   Code   RO         1233    i.PC_SetingLegality  pc_seting.o
    0x0800b090   0x00000054   Code   RO         1235    i.PC_SetingSetingEUI  pc_seting.o
    0x0800b0e4   0x00000040   Code   RO         1236    i.PM_CS_check       pc_seting.o
    0x0800b124   0x00000002   Code   RO         1784    i.PendSV_Handler    stm32l0xx_it.o
    0x0800b126   0x000000a0   Code   RO          916    i.ProtocolAnalysis  protocol_analysis.o
    0x0800b1c6   0x00000002   PAD
    0x0800b1c8   0x0000006c   Code   RO         1138    i.RF_RadioTestAns   p2p.o
    0x0800b234   0x0000004c   Code   RO         1139    i.RF_RadioTestReq_Parsing  p2p.o
    0x0800b280   0x00000010   Code   RO         1993    i.RTC_Bcd2ToByte    stm32l0xx_hal_rtc.o
    0x0800b290   0x00000038   Code   RO         1995    i.RTC_EnterInitMode  stm32l0xx_hal_rtc.o
    0x0800b2c8   0x000000c0   Code   RO         1549    i.RTC_TimeShow      rtc.o
    0x0800b388   0x00000010   Code   RO         1338    i.Rec_LoRa          configtool.o
    0x0800b398   0x0000001c   Code   RO          646    i.SPI1_ReadWriteByte  loragw_spi.o
    0x0800b3b4   0x00000042   Code   RO         2382    i.SPI_EndRxTxTransaction  stm32l0xx_hal_spi.o
    0x0800b3f6   0x0000008c   Code   RO         2387    i.SPI_WaitFlagStateUntilTimeout  stm32l0xx_hal_spi.o
    0x0800b482   0x00000002   Code   RO         1785    i.SVC_Handler       stm32l0xx_it.o
    0x0800b484   0x00000318   Code   RO          917    i.SX1301ParameterQuery  protocol_analysis.o
    0x0800b79c   0x000002bc   Code   RO          918    i.SX1301ParameterSet  protocol_analysis.o
    0x0800ba58   0x0000038c   Code   RO          724    i.SX1301RXData      loragw_user.o
    0x0800bde4   0x0000000a   Code   RO          725    i.SX1301RXDataQueryPin  loragw_user.o
    0x0800bdee   0x00000002   PAD
    0x0800bdf0   0x00000178   Code   RO         1023    i.SX1301RxTxDebug   rf_rxtx_debug.o
    0x0800bf68   0x00000138   Code   RO          919    i.SX1301SendParameterAnalysis  protocol_analysis.o
    0x0800c0a0   0x000005c8   Code   RO          726    i.SX1301Start       loragw_user.o
    0x0800c668   0x000000b4   Code   RO          727    i.SX1301TXData      loragw_user.o
    0x0800c71c   0x0000001c   Code   RO         1458    i.SX1301_Enable     gpio.o
    0x0800c738   0x00000094   Code   RO         1282    i.Send_PC_Pack      ct_funtion.o
    0x0800c7cc   0x00000090   Code   RO         1061    i.SoftwareVersionShow  softwareversion.o
    0x0800c85c   0x00000044   Code   RO          728    i.Sx1301Power       loragw_user.o
    0x0800c8a0   0x0000002c   Code   RO          647    i.Sx1301Reset       loragw_spi.o
    0x0800c8cc   0x00000048   Code   RO          648    i.Sx1301SpiInit     loragw_spi.o
    0x0800c914   0x00000008   Code   RO         1786    i.SysTick_Handler   stm32l0xx_it.o
    0x0800c91c   0x00000084   Code   RO         1399    i.SystemClock_Config  main.o
    0x0800c9a0   0x00000058   Code   RO         5310    i.SystemInit        system_stm32l0xx.o
    0x0800c9f8   0x00000018   Code   RO          920    i.SystemParamterRecovery  protocol_analysis.o
    0x0800ca10   0x00000010   Code   RO         1787    i.TIM2_IRQHandler   stm32l0xx_it.o
    0x0800ca20   0x00000068   Code   RO         2741    i.TIM_Base_SetConfig  stm32l0xx_hal_tim.o
    0x0800ca88   0x00000016   Code   RO         2752    i.TIM_ETR_SetConfig  stm32l0xx_hal_tim.o
    0x0800ca9e   0x00000010   Code   RO         2753    i.TIM_ITRx_SetConfig  stm32l0xx_hal_tim.o
    0x0800caae   0x00000022   Code   RO         2759    i.TIM_TI1_ConfigInputStage  stm32l0xx_hal_tim.o
    0x0800cad0   0x00000026   Code   RO         2761    i.TIM_TI2_ConfigInputStage  stm32l0xx_hal_tim.o
    0x0800caf6   0x00000002   PAD
    0x0800caf8   0x00000078   Code   RO         1140    i.TestResetReq_Parsing  p2p.o
    0x0800cb70   0x00000010   Code   RO         1681    i.UART2_SendByte    usart.o
    0x0800cb80   0x000000ca   Code   RO         3385    i.UART_AdvFeatureConfig  stm32l0xx_hal_uart.o
    0x0800cc4a   0x00000002   PAD
    0x0800cc4c   0x00000060   Code   RO         3386    i.UART_CheckIdleState  stm32l0xx_hal_uart.o
    0x0800ccac   0x00000014   Code   RO         3387    i.UART_DMAAbortOnError  stm32l0xx_hal_uart.o
    0x0800ccc0   0x00000048   Code   RO         3388    i.UART_DMAError     stm32l0xx_hal_uart.o
    0x0800cd08   0x0000003e   Code   RO         3389    i.UART_DMAReceiveCplt  stm32l0xx_hal_uart.o
    0x0800cd46   0x0000000a   Code   RO         3391    i.UART_DMARxHalfCplt  stm32l0xx_hal_uart.o
    0x0800cd50   0x00000020   Code   RO         3397    i.UART_EndRxTransfer  stm32l0xx_hal_uart.o
    0x0800cd70   0x00000010   Code   RO         3398    i.UART_EndTxTransfer  stm32l0xx_hal_uart.o
    0x0800cd80   0x0000023c   Code   RO         3401    i.UART_SetConfig    stm32l0xx_hal_uart.o
    0x0800cfbc   0x00000062   Code   RO         3404    i.UART_WaitOnFlagUntilTimeout  stm32l0xx_hal_uart.o
    0x0800d01e   0x00000002   PAD
    0x0800d020   0x00000010   Code   RO         1788    i.USART1_IRQHandler  stm32l0xx_it.o
    0x0800d030   0x0000001c   Code   RO         1789    i.USART2_IRQHandler  stm32l0xx_it.o
    0x0800d04c   0x0000001c   Code   RO         1682    i.USART2_SendString  usart.o
    0x0800d068   0x00000040   Code   RO         1684    i.Usart2Receive_IDLE  usart.o
    0x0800d0a8   0x00000018   Code   RO         1685    i.Usart2SendData    usart.o
    0x0800d0c0   0x00000014   Code   RO          921    i.UserSendParaToUserVar  protocol_analysis.o
    0x0800d0d4   0x0000013c   Code   RO          922    i.UserVarToSX1301Var  protocol_analysis.o
    0x0800d210   0x000001a4   Code   RO         1339    i.User_SX1301_Start  configtool.o
    0x0800d3b4   0x00000034   Code   RO          730    i.WaiteTimeDisplay  loragw_user.o
    0x0800d3e8   0x0000001c   Code   RO         5725    i.__0fprintf        mc_p.l(printfa.o)
    0x0800d404   0x00000020   Code   RO         5726    i.__0printf         mc_p.l(printfa.o)
    0x0800d424   0x00000028   Code   RO         5728    i.__0sprintf        mc_p.l(printfa.o)
    0x0800d44c   0x00000024   Code   RO         5731    i.__0vsnprintf      mc_p.l(printfa.o)
    0x0800d470   0x0000002e   Code   RO         5844    i.__ARM_clz         mf_p.l(depilogue.o)
    0x0800d49e   0x0000001a   Code   RO          413    i.__ARM_common_switch8  loragw_hal.o
    0x0800d4b8   0x0000002c   Code   RO         5800    i.__ARM_fpclassify  m_ps.l(fpclassify.o)
    0x0800d4e4   0x000000ac   Code   RO         5802    i.__kernel_poly     m_ps.l(poly.o)
    0x0800d590   0x00000014   Code   RO         5786    i.__mathlib_dbl_divzero  m_ps.l(dunder.o)
    0x0800d5a4   0x00000008   Code   RO         5788    i.__mathlib_dbl_infnan2  m_ps.l(dunder.o)
    0x0800d5ac   0x00000010   Code   RO         5789    i.__mathlib_dbl_invalid  m_ps.l(dunder.o)
    0x0800d5bc   0x00000014   Code   RO         5790    i.__mathlib_dbl_overflow  m_ps.l(dunder.o)
    0x0800d5d0   0x00000014   Code   RO         5792    i.__mathlib_dbl_underflow  m_ps.l(dunder.o)
    0x0800d5e4   0x0000000e   Code   RO         5858    i.__scatterload_copy  mc_p.l(handlers.o)
    0x0800d5f2   0x00000002   Code   RO         5859    i.__scatterload_null  mc_p.l(handlers.o)
    0x0800d5f4   0x0000000e   Code   RO         5860    i.__scatterload_zeroinit  mc_p.l(handlers.o)
    0x0800d602   0x00000002   PAD
    0x0800d604   0x0000000c   Code   RO         5834    i.__set_errno       mc_p.l(errno.o)
    0x0800d610   0x00000158   Code   RO         5733    i._fp_digits        mc_p.l(printfa.o)
    0x0800d768   0x000006ec   Code   RO         5734    i._printf_core      mc_p.l(printfa.o)
    0x0800de54   0x00000020   Code   RO         5735    i._printf_post_padding  mc_p.l(printfa.o)
    0x0800de74   0x0000002c   Code   RO         5736    i._printf_pre_padding  mc_p.l(printfa.o)
    0x0800dea0   0x00000016   Code   RO         5737    i._snputc           mc_p.l(printfa.o)
    0x0800deb6   0x0000000a   Code   RO         5738    i._sputc            mc_p.l(printfa.o)
    0x0800dec0   0x00000008   Code   RO         5341    i.add_round_key     aes.o
    0x0800dec8   0x00000052   Code   RO         5344    i.aes_decrypt       aes.o
    0x0800df1a   0x00000054   Code   RO         5345    i.aes_encrypt       aes.o
    0x0800df6e   0x00000002   PAD
    0x0800df70   0x000000fc   Code   RO         5346    i.aes_set_key       aes.o
    0x0800e06c   0x000000c8   Code   RO         5449    i.ceil              m_ps.l(ceil.o)
    0x0800e134   0x0000001c   Code   RO          564    i.check_fpga_version  loragw_reg.o
    0x0800e150   0x00000084   Code   RO         5347    i.copy_and_key      aes.o
    0x0800e1d4   0x00000042   Code   RO         5348    i.copy_block        aes.o
    0x0800e216   0x00000002   PAD
    0x0800e218   0x00000120   Code   RO         1340    i.data_forUp        configtool.o
    0x0800e338   0x00000024   Code   RO         1687    i.fputc             usart.o
    0x0800e35c   0x00000280   Code   RO         5349    i.inv_mix_sub_columns  aes.o
    0x0800e5dc   0x00000068   Code   RO         5350    i.inv_shift_sub_rows  aes.o
    0x0800e644   0x00000024   Code   RO          438    i.is_equal_freq     loragw_lbt.o
    0x0800e668   0x000005cc   Code   RO          439    i.lbt_is_channel_free  loragw_lbt.o
    0x0800ec34   0x0000000c   Code   RO          440    i.lbt_is_enabled    loragw_lbt.o
    0x0800ec40   0x0000044c   Code   RO          442    i.lbt_setup         loragw_lbt.o
    0x0800f08c   0x00000040   Code   RO          443    i.lbt_start         loragw_lbt.o
    0x0800f0cc   0x00000016   Code   RO          291    i.lgw_abort_tx      loragw_hal.o
    0x0800f0e2   0x00000002   PAD
    0x0800f0e4   0x0000008c   Code   RO          292    i.lgw_board_setconf  loragw_hal.o
    0x0800f170   0x00000050   Code   RO          293    i.lgw_bw_getval     loragw_hal.o
    0x0800f1c0   0x000002f0   Code   RO          565    i.lgw_connect       loragw_reg.o
    0x0800f4b0   0x0000016c   Code   RO          294    i.lgw_constant_adjust  loragw_hal.o
    0x0800f61c   0x00000094   Code   RO          566    i.lgw_disconnect    loragw_reg.o
    0x0800f6b0   0x00000248   Code   RO          245    i.lgw_fpga_configure  loragw_fpga.o
    0x0800f8f8   0x000000e0   Code   RO          246    i.lgw_fpga_reg_r    loragw_fpga.o
    0x0800f9d8   0x000000e8   Code   RO          248    i.lgw_fpga_reg_w    loragw_fpga.o
    0x0800fac0   0x00000020   Code   RO          295    i.lgw_get_trigcnt   loragw_hal.o
    0x0800fae0   0x000005c8   Code   RO          297    i.lgw_receive       loragw_hal.o
    0x080100a8   0x00000110   Code   RO          568    i.lgw_reg_r         loragw_reg.o
    0x080101b8   0x0000013c   Code   RO          569    i.lgw_reg_rb        loragw_reg.o
    0x080102f4   0x00000124   Code   RO          570    i.lgw_reg_w         loragw_reg.o
    0x08010418   0x0000017c   Code   RO          571    i.lgw_reg_wb        loragw_reg.o
    0x08010594   0x000004b8   Code   RO          298    i.lgw_rxif_setconf  loragw_hal.o
    0x08010a4c   0x00000124   Code   RO          299    i.lgw_rxrf_setconf  loragw_hal.o
    0x08010b70   0x00000874   Code   RO          300    i.lgw_send          loragw_hal.o
    0x080113e4   0x00000318   Code   RO          486    i.lgw_setup_sx125x  loragw_radio.o
    0x080116fc   0x00000200   Code   RO          487    i.lgw_setup_sx127x  loragw_radio.o
    0x080118fc   0x0000003a   Code   RO          301    i.lgw_sf_getval     loragw_hal.o
    0x08011936   0x00000002   PAD
    0x08011938   0x00000020   Code   RO          572    i.lgw_soft_reset    loragw_reg.o
    0x08011958   0x00000004   Code   RO          649    i.lgw_spi_close     loragw_spi.o
    0x0801195c   0x00000004   Code   RO          650    i.lgw_spi_open      loragw_spi.o
    0x08011960   0x00000098   Code   RO          651    i.lgw_spi_r         loragw_spi.o
    0x080119f8   0x000000e4   Code   RO          652    i.lgw_spi_rb        loragw_spi.o
    0x08011adc   0x00000080   Code   RO          653    i.lgw_spi_w         loragw_spi.o
    0x08011b5c   0x000000e4   Code   RO          654    i.lgw_spi_wb        loragw_spi.o
    0x08011c40   0x00000df4   Code   RO          302    i.lgw_start         loragw_hal.o
    0x08012a34   0x00000018   Code   RO          304    i.lgw_stop          loragw_hal.o
    0x08012a4c   0x00000018   Code   RO          488    i.lgw_sx127x_reg_r  loragw_radio.o
    0x08012a64   0x00000018   Code   RO          489    i.lgw_sx127x_reg_w  loragw_radio.o
    0x08012a7c   0x000001f0   Code   RO          305    i.lgw_time_on_air   loragw_hal.o
    0x08012c6c   0x00000008   Code   RO          307    i.lgw_version_info  loragw_hal.o
    0x08012c74   0x00000210   Code   RO          308    i.load_firmware     loragw_hal.o
    0x08012e84   0x00000098   Code   RO         1400    i.main              main.o
    0x08012f1c   0x0000021c   Code   RO         5351    i.mix_sub_columns   aes.o
    0x08013138   0x00000028   Code   RO         1142    i.p2p_init          p2p.o
    0x08013160   0x00000020   Code   RO          573    i.page_switch       loragw_reg.o
    0x08013180   0x000009fc   Code   RO         5453    i.pow               m_ps.l(pow.o)
    0x08013b7c   0x000000ec   Code   RO          574    i.reg_r_align32     loragw_reg.o
    0x08013c68   0x000000f4   Code   RO          575    i.reg_w_align32     loragw_reg.o
    0x08013d5c   0x000000bc   Code   RO          490    i.reset_sx127x      loragw_radio.o
    0x08013e18   0x0000021c   Code   RO          491    i.setup_sx1272_FSK  loragw_radio.o
    0x08014034   0x0000021c   Code   RO          492    i.setup_sx1276_FSK  loragw_radio.o
    0x08014250   0x00000068   Code   RO         5352    i.shift_sub_rows    aes.o
    0x080142b8   0x00000048   Code   RO         5806    i.sqrt              m_ps.l(sqrt.o)
    0x08014300   0x000000fc   Code   RO          493    i.sx125x_read       loragw_radio.o
    0x080143fc   0x000000f0   Code   RO          494    i.sx125x_write      loragw_radio.o
    0x080144ec   0x00000144   Code   RO           13    i.usage             sx1301_rx_tx.o
    0x08014630   0x00000008   Code   RO          214    i.wait_ms           loragw_aux.o
    0x08014638   0x00000082   Code   RO         5353    i.xor_block         aes.o
    0x080146ba   0x00000002   PAD
    0x080146bc   0x0000020a   Data   RO          250    .constdata          loragw_fpga.o
    0x080148c6   0x000060a9   Data   RO          310    .constdata          loragw_hal.o
    0x0801a96f   0x0000002a   Data   RO          445    .constdata          loragw_lbt.o
    0x0801a999   0x00000003   PAD
    0x0801a99c   0x00000116   Data   RO          495    .constdata          loragw_radio.o
    0x0801aab2   0x00000002   PAD
    0x0801aab4   0x00000f78   Data   RO          576    .constdata          loragw_reg.o
    0x0801ba2c   0x000002da   Data   RO          732    .constdata          loragw_user.o
    0x0801bd06   0x0000012a   Data   RO          925    .constdata          protocol_analysis.o
    0x0801be30   0x00000019   Data   RO         5311    .constdata          system_stm32l0xx.o
    0x0801be49   0x00000008   Data   RO         5312    .constdata          system_stm32l0xx.o
    0x0801be51   0x00000800   Data   RO         5354    .constdata          aes.o
    0x0801c651   0x00000007   PAD
    0x0801c658   0x00000088   Data   RO         5454    .constdata          m_ps.l(pow.o)
    0x0801c6e0   0x00000008   Data   RO         5804    .constdata          m_ps.l(qnan.o)
    0x0801c6e8   0x00000047   Data   RO           15    .conststring        sx1301_rx_tx.o
    0x0801c72f   0x00000001   PAD
    0x0801c730   0x000000b5   Data   RO          251    .conststring        loragw_fpga.o
    0x0801c7e5   0x00000003   PAD
    0x0801c7e8   0x000005aa   Data   RO          311    .conststring        loragw_hal.o
    0x0801cd92   0x00000002   PAD
    0x0801cd94   0x00000049   Data   RO          446    .conststring        loragw_lbt.o
    0x0801cddd   0x00000003   PAD
    0x0801cde0   0x00000121   Data   RO          496    .conststring        loragw_radio.o
    0x0801cf01   0x00000003   PAD
    0x0801cf04   0x00000050   Data   RO         1027    .conststring        rf_rxtx_debug.o
    0x0801cf54   0x00000020   Data   RO         5856    Region$$Table       anon$$obj.o


    Execution Region RW_IRAM1 (Base: 0x20000000, Size: 0x00004678, Max: 0x00005000, ABSOLUTE, COMPRESSED[0x00000088])

    Base Addr    Size         Type   Attr      Idx    E Section Name        Object

    0x20000000   0x00000038   Data   RW           16    .data               sx1301_rx_tx.o
    0x20000038   0x00000001   Data   RW           18    .data               sx1301_rx_tx.o
    0x20000039   0x00000007   PAD
    0x20000040   0x000000b1   Data   RW          312    .data               loragw_hal.o
    0x200000f1   0x00000003   PAD
    0x200000f4   0x00000008   Data   RW          447    .data               loragw_lbt.o
    0x200000fc   0x0000000c   Data   RW          577    .data               loragw_reg.o
    0x20000108   0x00000009   Data   RW          735    .data               loragw_user.o
    0x20000111   0x00000001   Data   RW          843    .data               analysistool.o
    0x20000112   0x00000002   PAD
    0x20000114   0x0000000c   Data   RW          926    .data               protocol_analysis.o
    0x20000120   0x00000004   Data   RW          927    .data               protocol_analysis.o
    0x20000124   0x00000004   Data   RW          928    .data               protocol_analysis.o
    0x20000128   0x00000003   Data   RW         1087    .data               test_tool.o
    0x2000012b   0x00000001   PAD
    0x2000012c   0x00000024   Data   RW         1144    .data               p2p.o
    0x20000150   0x00000012   Data   RW         1283    .data               ct_funtion.o
    0x20000162   0x00000002   PAD
    0x20000164   0x00000010   Data   RW         1342    .data               configtool.o
    0x20000174   0x00000002   Data   RW         1401    .data               main.o
    0x20000176   0x00000002   PAD
    0x20000178   0x00000010   Data   RW         1634    .data               tim.o
    0x20000188   0x00000002   Data   RW         1689    .data               usart.o
    0x2000018a   0x00000002   PAD
    0x2000018c   0x00000004   Data   RW         3788    .data               stm32l0xx_hal.o
    0x20000190   0x00000004   Data   RW         5313    .data               system_stm32l0xx.o
    0x20000194   0x00000004   Data   RW         5465    .data               mc_p.l(stderr.o)
    0x20000198   0x00000004   Data   RW         5477    .data               mc_p.l(rand.o)
    0x2000019c   0x00000004   Data   RW         5827    .data               mc_p.l(stdout.o)
    0x200001a0   0x00000004   Data   RW         5835    .data               mc_p.l(errno.o)
    0x200001a4   0x00000004   PAD
    0x200001a8   0x00000608   Zero   RW           14    .bss                sx1301_rx_tx.o
    0x200007b0   0x0000214b   Zero   RW          309    .bss                loragw_hal.o
    0x200028fb   0x00000001   PAD
    0x200028fc   0x00000040   Zero   RW          444    .bss                loragw_lbt.o
    0x2000293c   0x00000574   Zero   RW          731    .bss                loragw_user.o
    0x20002eb0   0x00000014   Zero   RW          923    .bss                protocol_analysis.o
    0x20002ec4   0x00000004   PAD
    0x20002ec8   0x00000174   Zero   RW          924    .bss                protocol_analysis.o
    0x2000303c   0x00000108   Zero   RW         1143    .bss                p2p.o
    0x20003144   0x00000478   Zero   RW         1341    .bss                configtool.o
    0x200035bc   0x00000024   Zero   RW         1491    .bss                crc.o
    0x200035e0   0x00000024   Zero   RW         1550    .bss                rtc.o
    0x20003604   0x00000058   Zero   RW         1594    .bss                spi.o
    0x2000365c   0x0000003c   Zero   RW         1633    .bss                tim.o
    0x20003698   0x000005dc   Zero   RW         1688    .bss                usart.o
    0x20003c74   0x00000004   PAD
    0x20003c78   0x00000a00   Zero   RW            1    STACK               startup_stm32l071xx.o


==============================================================================

Image component sizes


      Code (inc. data)   RO Data    RW Data    ZI Data      Debug   Object Name

      2142         34       2048          0          0      15678   aes.o
       264         50          0          1          0       1353   analysistool.o
      1230        168          0         16       1144       6466   configtool.o
        80         16          0          0         36       1419   crc.o
       410         30          0         18          0       5006   ct_funtion.o
        56          4          0          0          0        718   dma.o
        42         24          0          0          0        917   gassensortest.o
       348         24          0          0          0       1948   gpio.o
         8          0          0          0          0        482   loragw_aux.o
      1040        618        703          0          0       5089   loragw_fpga.o
     10494       3878      26195        177       8523      22929   loragw_hal.o
      2696       1534        115          8         64       6431   loragw_lbt.o
      3112       1248        567          0          0      10574   loragw_radio.o
      2732       1430       3960         12          0      10127   loragw_reg.o
       888        220          0          0          0       7969   loragw_spi.o
      7586       1632        730          9       1396      19514   loragw_user.o
       362         40          0          2          0       2880   main.o
      1974        146          0         36        264      12078   p2p.o
       368         96          0          0          0       3531   pc_seting.o
      4334        810        298         20        392      16972   protocol_analysis.o
       376        104         80          0          0        842   rf_rxtx_debug.o
       292        126          0          0         36       2045   rtc.o
       144        108          0          0          0        486   softwareversion.o
       152         18          0          0         88       1545   spi.o
        28          8        192          0       2560        616   startup_stm32l071xx.o
       144         20          0          4          0       3739   stm32l0xx_hal.o
       144         24          0          0          0      10637   stm32l0xx_hal_cortex.o
       124          6          0          0          0       1131   stm32l0xx_hal_crc.o
        80          0          0          0          0       1311   stm32l0xx_hal_crc_ex.o
       608         12          0          0          0       5497   stm32l0xx_hal_dma.o
       410         32          0          0          0       2983   stm32l0xx_hal_gpio.o
        24          4          0          0          0        426   stm32l0xx_hal_msp.o
      1616         88          0          0          0       5552   stm32l0xx_hal_rcc.o
       376         14          0          0          0       1456   stm32l0xx_hal_rcc_ex.o
       472          8          0          0          0       4772   stm32l0xx_hal_rtc.o
       196          0          0          0          0       1967   stm32l0xx_hal_rtc_ex.o
       830          0          0          0          0       4737   stm32l0xx_hal_spi.o
       808         14          0          0          0       9114   stm32l0xx_hal_tim.o
        60          0          0          0          0       1192   stm32l0xx_hal_tim_ex.o
      2122        104          0          0          0      14736   stm32l0xx_hal_uart.o
         2          0          0          0          0        980   stm32l0xx_hal_uart_ex.o
       116         30          0          0          0       4383   stm32l0xx_it.o
       324        266         71         57       1544     386543   sx1301_rx_tx.o
        88         22         33          4          0       1199   system_stm32l0xx.o
         0          0          0          3          0        356   test_tool.o
       280         28          0         16         60       2508   tim.o
       628         68          0          2       1500       8015   usart.o

    ----------------------------------------------------------------------
     50646      13106      35048        404      17616     630849   Object Totals
         0          0         32          0          0          0   (incl. Generated)
        36          0         24         19          9          0   (incl. Padding)

    ----------------------------------------------------------------------

      Code (inc. data)   RO Data    RW Data    ZI Data      Debug   Library Member Name

       200         20          0          0          0         76   ceil.o
        84         14          0          0          0        340   dunder.o
        44          4          0          0          0         60   fpclassify.o
       172          0          0          0          0         76   poly.o
      2556        196        136          0          0        240   pow.o
         0          0          8          0          0          0   qnan.o
        72          6          0          0          0         76   sqrt.o
        86          0          0          0          0          0   __dczerorl2.o
         0          0          0          0          0          0   entry.o
         0          0          0          0          0          0   entry10a.o
         0          0          0          0          0          0   entry11a.o
         8          4          0          0          0          0   entry2.o
         4          0          0          0          0          0   entry5.o
         0          0          0          0          0          0   entry7b.o
         0          0          0          0          0          0   entry8b.o
         8          4          0          0          0          0   entry9a.o
        12          6          0          4          0         60   errno.o
        30          0          0          0          0          0   handlers.o
        40          0          0          0          0         72   idiv.o
        36          8          0          0          0         68   init.o
         0          0          0          0          0          0   iusefp.o
        76          0          0          0          0         76   ldiv.o
        14          0          0          0          0         60   llabs.o
        32          0          0          0          0         68   llshl.o
        38          0          0          0          0         68   llsshr.o
        34          0          0          0          0         68   llushr.o
        36          0          0          0          0         60   memcpya.o
        36          0          0          0          0        100   memseta.o
      2360        110          0          0          0        772   printfa.o
        36         12          0          4          0        120   rand.o
         0          0          0          4          0          0   stderr.o
         0          0          0          4          0          0   stdout.o
        18          0          0          0          0         60   strcpy.o
        44          0          0          0          0         72   uidiv.o
        96          0          0          0          0         84   uldiv.o
        40          2          0          0          0         68   cdrcmple.o
        56          0          0          0          0         68   d2f.o
       356          4          0          0          0        140   dadd.o
       240          6          0          0          0         84   ddiv.o
       236          0          0          0          0        216   depilogue.o
        72         10          0          0          0         72   dfixi.o
        60         10          0          0          0         68   dfixui.o
        64         10          0          0          0         68   dfixul.o
        40          6          0          0          0         68   dflti.o
        28          4          0          0          0         68   dfltui.o
       208          6          0          0          0         88   dmul.o
        44          0          0          0          0         72   dscalb.o
       162          0          0          0          0         80   dsqrt.o
        40          0          0          0          0         60   f2d.o
       178          0          0          0          0        108   fadd.o
       130          0          0          0          0        144   fepilogue.o
        40          0          0          0          0         60   ffixui.o
        22          0          0          0          0         68   fflti.o
        14          0          0          0          0         68   ffltui.o
        24          0          0          0          0         60   fscalb.o

    ----------------------------------------------------------------------
      8230        442        144         16          4       4404   Library Totals
         4          0          0          0          4          0   (incl. Padding)

    ----------------------------------------------------------------------

      Code (inc. data)   RO Data    RW Data    ZI Data      Debug   Library Name

      3128        240        144          0          0        868   m_ps.l
      3044        144          0         16          0       1808   mc_p.l
      2054         58          0          0          0       1728   mf_p.l

    ----------------------------------------------------------------------
      8230        442        144         16          4       4404   Library Totals

    ----------------------------------------------------------------------

==============================================================================


      Code (inc. data)   RO Data    RW Data    ZI Data      Debug   

     58876      13548      35192        420      17620     622929   Grand Totals
     58876      13548      35192        136      17620     622929   ELF Image Totals (compressed)
     58876      13548      35192        136          0          0   ROM Totals

==============================================================================

    Total RO  Size (Code + RO Data)                94068 (  91.86kB)
    Total RW  Size (RW Data + ZI Data)             18040 (  17.62kB)
    Total ROM Size (Code + RO Data + RW Data)      94204 (  92.00kB)

==============================================================================

